07:34:56 **** Build of configuration Debug for project Mercury_Rev_A_Proto ****
make all 
'Building file: ../Static_Code/System/PE_low_level_init.c'
'Invoking: Cross ARM C Compiler'
arm-none-eabi-gcc -mcpu=cortex-m0plus -mthumb -O0 -fmessage-length=0 -fsigned-char -ffunction-sections -fdata-sections -Wall  -g3 -D"FSL_OSA_BM_TIMER_CONFIG=2" -D"CPU_MKL03Z32VFK4" -I"C:/Personal Projects/Mercury_RevA/Firmware/C/Mercury_Rev_A_Proto/SDK/platform/hal/inc" -I"C:/Personal Projects/Mercury_RevA/Firmware/C/Mercury_Rev_A_Proto/SDK/platform/hal/src/sim/MKL03Z4" -I"C:/Personal Projects/Mercury_RevA/Firmware/C/Mercury_Rev_A_Proto/SDK/platform/system/src/clock/MKL03Z4" -I"C:/Personal Projects/Mercury_RevA/Firmware/C/Mercury_Rev_A_Proto/SDK/platform/system/inc" -I"C:/Personal Projects/Mercury_RevA/Firmware/C/Mercury_Rev_A_Proto/SDK/platform/osa/inc" -I"C:/Personal Projects/Mercury_RevA/Firmware/C/Mercury_Rev_A_Proto/SDK/platform/CMSIS/Include" -I"C:/Personal Projects/Mercury_RevA/Firmware/C/Mercury_Rev_A_Proto/SDK/platform/devices" -I"C:/Personal Projects/Mercury_RevA/Firmware/C/Mercury_Rev_A_Proto/SDK/platform/devices/MKL03Z4/include" -I"C:/Personal Projects/Mercury_RevA/Firmware/C/Mercury_Rev_A_Proto/SDK/platform/utilities/src" -I"C:/Personal Projects/Mercury_RevA/Firmware/C/Mercury_Rev_A_Proto/SDK/platform/utilities/inc" -I"C:/Personal Projects/Mercury_RevA/Firmware/C/Mercury_Rev_A_Proto/SDK/platform/devices/MKL03Z4/startup" -I"C:/Personal Projects/Mercury_RevA/Firmware/C/Mercury_Rev_A_Proto/Generated_Code/SDK/platform/devices/MKL03Z4/startup" -I"C:/Personal Projects/Mercury_RevA/Firmware/C/Mercury_Rev_A_Proto/Sources" -I"C:/Personal Projects/Mercury_RevA/Firmware/C/Mercury_Rev_A_Proto/Generated_Code" -I"C:/Personal Projects/Mercury_RevA/Firmware/C/Mercury_Rev_A_Proto/SDK/platform/drivers/inc" -std=c99 -MMD -MP -MF"Static_Code/System/PE_low_level_init.d" -MT"Static_Code/System/PE_low_level_init.o" -c -o "Static_Code/System/PE_low_level_init.o" "../Static_Code/System/PE_low_level_init.c"
'Finished building: ../Static_Code/System/PE_low_level_init.c'
' '
'Building file: ../Sources/Events.c'
'Invoking: Cross ARM C Compiler'
arm-none-eabi-gcc -mcpu=cortex-m0plus -mthumb -O0 -fmessage-length=0 -fsigned-char -ffunction-sections -fdata-sections -Wall  -g3 -D"FSL_OSA_BM_TIMER_CONFIG=2" -D"CPU_MKL03Z32VFK4" -I"C:/Personal Projects/Mercury_RevA/Firmware/C/Mercury_Rev_A_Proto/SDK/platform/hal/inc" -I"C:/Personal Projects/Mercury_RevA/Firmware/C/Mercury_Rev_A_Proto/SDK/platform/hal/src/sim/MKL03Z4" -I"C:/Personal Projects/Mercury_RevA/Firmware/C/Mercury_Rev_A_Proto/SDK/platform/system/src/clock/MKL03Z4" -I"C:/Personal Projects/Mercury_RevA/Firmware/C/Mercury_Rev_A_Proto/SDK/platform/system/inc" -I"C:/Personal Projects/Mercury_RevA/Firmware/C/Mercury_Rev_A_Proto/SDK/platform/osa/inc" -I"C:/Personal Projects/Mercury_RevA/Firmware/C/Mercury_Rev_A_Proto/SDK/platform/CMSIS/Include" -I"C:/Personal Projects/Mercury_RevA/Firmware/C/Mercury_Rev_A_Proto/SDK/platform/devices" -I"C:/Personal Projects/Mercury_RevA/Firmware/C/Mercury_Rev_A_Proto/SDK/platform/devices/MKL03Z4/include" -I"C:/Personal Projects/Mercury_RevA/Firmware/C/Mercury_Rev_A_Proto/SDK/platform/utilities/src" -I"C:/Personal Projects/Mercury_RevA/Firmware/C/Mercury_Rev_A_Proto/SDK/platform/utilities/inc" -I"C:/Personal Projects/Mercury_RevA/Firmware/C/Mercury_Rev_A_Proto/SDK/platform/devices/MKL03Z4/startup" -I"C:/Personal Projects/Mercury_RevA/Firmware/C/Mercury_Rev_A_Proto/Generated_Code/SDK/platform/devices/MKL03Z4/startup" -I"C:/Personal Projects/Mercury_RevA/Firmware/C/Mercury_Rev_A_Proto/Sources" -I"C:/Personal Projects/Mercury_RevA/Firmware/C/Mercury_Rev_A_Proto/Generated_Code" -I"C:/Personal Projects/Mercury_RevA/Firmware/C/Mercury_Rev_A_Proto/SDK/platform/drivers/inc" -std=c99 -MMD -MP -MF"Sources/Events.d" -MT"Sources/Events.o" -c -o "Sources/Events.o" "../Sources/Events.c"
'Finished building: ../Sources/Events.c'
' '
'Building file: ../Sources/main.c'
'Invoking: Cross ARM C Compiler'
arm-none-eabi-gcc -mcpu=cortex-m0plus -mthumb -O0 -fmessage-length=0 -fsigned-char -ffunction-sections -fdata-sections -Wall  -g3 -D"FSL_OSA_BM_TIMER_CONFIG=2" -D"CPU_MKL03Z32VFK4" -I"C:/Personal Projects/Mercury_RevA/Firmware/C/Mercury_Rev_A_Proto/SDK/platform/hal/inc" -I"C:/Personal Projects/Mercury_RevA/Firmware/C/Mercury_Rev_A_Proto/SDK/platform/hal/src/sim/MKL03Z4" -I"C:/Personal Projects/Mercury_RevA/Firmware/C/Mercury_Rev_A_Proto/SDK/platform/system/src/clock/MKL03Z4" -I"C:/Personal Projects/Mercury_RevA/Firmware/C/Mercury_Rev_A_Proto/SDK/platform/system/inc" -I"C:/Personal Projects/Mercury_RevA/Firmware/C/Mercury_Rev_A_Proto/SDK/platform/osa/inc" -I"C:/Personal Projects/Mercury_RevA/Firmware/C/Mercury_Rev_A_Proto/SDK/platform/CMSIS/Include" -I"C:/Personal Projects/Mercury_RevA/Firmware/C/Mercury_Rev_A_Proto/SDK/platform/devices" -I"C:/Personal Projects/Mercury_RevA/Firmware/C/Mercury_Rev_A_Proto/SDK/platform/devices/MKL03Z4/include" -I"C:/Personal Projects/Mercury_RevA/Firmware/C/Mercury_Rev_A_Proto/SDK/platform/utilities/src" -I"C:/Personal Projects/Mercury_RevA/Firmware/C/Mercury_Rev_A_Proto/SDK/platform/utilities/inc" -I"C:/Personal Projects/Mercury_RevA/Firmware/C/Mercury_Rev_A_Proto/SDK/platform/devices/MKL03Z4/startup" -I"C:/Personal Projects/Mercury_RevA/Firmware/C/Mercury_Rev_A_Proto/Generated_Code/SDK/platform/devices/MKL03Z4/startup" -I"C:/Personal Projects/Mercury_RevA/Firmware/C/Mercury_Rev_A_Proto/Sources" -I"C:/Personal Projects/Mercury_RevA/Firmware/C/Mercury_Rev_A_Proto/Generated_Code" -I"C:/Personal Projects/Mercury_RevA/Firmware/C/Mercury_Rev_A_Proto/SDK/platform/drivers/inc" -std=c99 -MMD -MP -MF"Sources/main.d" -MT"Sources/main.o" -c -o "Sources/main.o" "../Sources/main.c"
'Finished building: ../Sources/main.c'
' '
'Building file: ../SDK/platform/utilities/src/fsl_debug_console.c'
'Invoking: Cross ARM C Compiler'
arm-none-eabi-gcc -mcpu=cortex-m0plus -mthumb -O0 -fmessage-length=0 -fsigned-char -ffunction-sections -fdata-sections -Wall  -g3 -D"FSL_OSA_BM_TIMER_CONFIG=2" -D"CPU_MKL03Z32VFK4" -I"C:/Personal Projects/Mercury_RevA/Firmware/C/Mercury_Rev_A_Proto/SDK/platform/hal/inc" -I"C:/Personal Projects/Mercury_RevA/Firmware/C/Mercury_Rev_A_Proto/SDK/platform/hal/src/sim/MKL03Z4" -I"C:/Personal Projects/Mercury_RevA/Firmware/C/Mercury_Rev_A_Proto/SDK/platform/system/src/clock/MKL03Z4" -I"C:/Personal Projects/Mercury_RevA/Firmware/C/Mercury_Rev_A_Proto/SDK/platform/system/inc" -I"C:/Personal Projects/Mercury_RevA/Firmware/C/Mercury_Rev_A_Proto/SDK/platform/osa/inc" -I"C:/Personal Projects/Mercury_RevA/Firmware/C/Mercury_Rev_A_Proto/SDK/platform/CMSIS/Include" -I"C:/Personal Projects/Mercury_RevA/Firmware/C/Mercury_Rev_A_Proto/SDK/platform/devices" -I"C:/Personal Projects/Mercury_RevA/Firmware/C/Mercury_Rev_A_Proto/SDK/platform/devices/MKL03Z4/include" -I"C:/Personal Projects/Mercury_RevA/Firmware/C/Mercury_Rev_A_Proto/SDK/platform/utilities/src" -I"C:/Personal Projects/Mercury_RevA/Firmware/C/Mercury_Rev_A_Proto/SDK/platform/utilities/inc" -I"C:/Personal Projects/Mercury_RevA/Firmware/C/Mercury_Rev_A_Proto/SDK/platform/devices/MKL03Z4/startup" -I"C:/Personal Projects/Mercury_RevA/Firmware/C/Mercury_Rev_A_Proto/Generated_Code/SDK/platform/devices/MKL03Z4/startup" -I"C:/Personal Projects/Mercury_RevA/Firmware/C/Mercury_Rev_A_Proto/Sources" -I"C:/Personal Projects/Mercury_RevA/Firmware/C/Mercury_Rev_A_Proto/Generated_Code" -I"C:/Personal Projects/Mercury_RevA/Firmware/C/Mercury_Rev_A_Proto/SDK/platform/drivers/inc" -std=c99 -MMD -MP -MF"SDK/platform/utilities/src/fsl_debug_console.d" -MT"SDK/platform/utilities/src/fsl_debug_console.o" -c -o "SDK/platform/utilities/src/fsl_debug_console.o" "../SDK/platform/utilities/src/fsl_debug_console.c"
'Finished building: ../SDK/platform/utilities/src/fsl_debug_console.c'
' '
'Building file: ../SDK/platform/utilities/src/fsl_misc_utilities.c'
'Invoking: Cross ARM C Compiler'
arm-none-eabi-gcc -mcpu=cortex-m0plus -mthumb -O0 -fmessage-length=0 -fsigned-char -ffunction-sections -fdata-sections -Wall  -g3 -D"FSL_OSA_BM_TIMER_CONFIG=2" -D"CPU_MKL03Z32VFK4" -I"C:/Personal Projects/Mercury_RevA/Firmware/C/Mercury_Rev_A_Proto/SDK/platform/hal/inc" -I"C:/Personal Projects/Mercury_RevA/Firmware/C/Mercury_Rev_A_Proto/SDK/platform/hal/src/sim/MKL03Z4" -I"C:/Personal Projects/Mercury_RevA/Firmware/C/Mercury_Rev_A_Proto/SDK/platform/system/src/clock/MKL03Z4" -I"C:/Personal Projects/Mercury_RevA/Firmware/C/Mercury_Rev_A_Proto/SDK/platform/system/inc" -I"C:/Personal Projects/Mercury_RevA/Firmware/C/Mercury_Rev_A_Proto/SDK/platform/osa/inc" -I"C:/Personal Projects/Mercury_RevA/Firmware/C/Mercury_Rev_A_Proto/SDK/platform/CMSIS/Include" -I"C:/Personal Projects/Mercury_RevA/Firmware/C/Mercury_Rev_A_Proto/SDK/platform/devices" -I"C:/Personal Projects/Mercury_RevA/Firmware/C/Mercury_Rev_A_Proto/SDK/platform/devices/MKL03Z4/include" -I"C:/Personal Projects/Mercury_RevA/Firmware/C/Mercury_Rev_A_Proto/SDK/platform/utilities/src" -I"C:/Personal Projects/Mercury_RevA/Firmware/C/Mercury_Rev_A_Proto/SDK/platform/utilities/inc" -I"C:/Personal Projects/Mercury_RevA/Firmware/C/Mercury_Rev_A_Proto/SDK/platform/devices/MKL03Z4/startup" -I"C:/Personal Projects/Mercury_RevA/Firmware/C/Mercury_Rev_A_Proto/Generated_Code/SDK/platform/devices/MKL03Z4/startup" -I"C:/Personal Projects/Mercury_RevA/Firmware/C/Mercury_Rev_A_Proto/Sources" -I"C:/Personal Projects/Mercury_RevA/Firmware/C/Mercury_Rev_A_Proto/Generated_Code" -I"C:/Personal Projects/Mercury_RevA/Firmware/C/Mercury_Rev_A_Proto/SDK/platform/drivers/inc" -std=c99 -MMD -MP -MF"SDK/platform/utilities/src/fsl_misc_utilities.d" -MT"SDK/platform/utilities/src/fsl_misc_utilities.o" -c -o "SDK/platform/utilities/src/fsl_misc_utilities.o" "../SDK/platform/utilities/src/fsl_misc_utilities.c"
'Finished building: ../SDK/platform/utilities/src/fsl_misc_utilities.c'
' '
'Building file: ../SDK/platform/utilities/src/print_scan.c'
'Invoking: Cross ARM C Compiler'
arm-none-eabi-gcc -mcpu=cortex-m0plus -mthumb -O0 -fmessage-length=0 -fsigned-char -ffunction-sections -fdata-sections -Wall  -g3 -D"FSL_OSA_BM_TIMER_CONFIG=2" -D"CPU_MKL03Z32VFK4" -I"C:/Personal Projects/Mercury_RevA/Firmware/C/Mercury_Rev_A_Proto/SDK/platform/hal/inc" -I"C:/Personal Projects/Mercury_RevA/Firmware/C/Mercury_Rev_A_Proto/SDK/platform/hal/src/sim/MKL03Z4" -I"C:/Personal Projects/Mercury_RevA/Firmware/C/Mercury_Rev_A_Proto/SDK/platform/system/src/clock/MKL03Z4" -I"C:/Personal Projects/Mercury_RevA/Firmware/C/Mercury_Rev_A_Proto/SDK/platform/system/inc" -I"C:/Personal Projects/Mercury_RevA/Firmware/C/Mercury_Rev_A_Proto/SDK/platform/osa/inc" -I"C:/Personal Projects/Mercury_RevA/Firmware/C/Mercury_Rev_A_Proto/SDK/platform/CMSIS/Include" -I"C:/Personal Projects/Mercury_RevA/Firmware/C/Mercury_Rev_A_Proto/SDK/platform/devices" -I"C:/Personal Projects/Mercury_RevA/Firmware/C/Mercury_Rev_A_Proto/SDK/platform/devices/MKL03Z4/include" -I"C:/Personal Projects/Mercury_RevA/Firmware/C/Mercury_Rev_A_Proto/SDK/platform/utilities/src" -I"C:/Personal Projects/Mercury_RevA/Firmware/C/Mercury_Rev_A_Proto/SDK/platform/utilities/inc" -I"C:/Personal Projects/Mercury_RevA/Firmware/C/Mercury_Rev_A_Proto/SDK/platform/devices/MKL03Z4/startup" -I"C:/Personal Projects/Mercury_RevA/Firmware/C/Mercury_Rev_A_Proto/Generated_Code/SDK/platform/devices/MKL03Z4/startup" -I"C:/Personal Projects/Mercury_RevA/Firmware/C/Mercury_Rev_A_Proto/Sources" -I"C:/Personal Projects/Mercury_RevA/Firmware/C/Mercury_Rev_A_Proto/Generated_Code" -I"C:/Personal Projects/Mercury_RevA/Firmware/C/Mercury_Rev_A_Proto/SDK/platform/drivers/inc" -std=c99 -MMD -MP -MF"SDK/platform/utilities/src/print_scan.d" -MT"SDK/platform/utilities/src/print_scan.o" -c -o "SDK/platform/utilities/src/print_scan.o" "../SDK/platform/utilities/src/print_scan.c"
'Finished building: ../SDK/platform/utilities/src/print_scan.c'
' '
'Building file: ../SDK/platform/system/src/interrupt/fsl_interrupt_manager.c'
'Invoking: Cross ARM C Compiler'
arm-none-eabi-gcc -mcpu=cortex-m0plus -mthumb -O0 -fmessage-length=0 -fsigned-char -ffunction-sections -fdata-sections -Wall  -g3 -D"FSL_OSA_BM_TIMER_CONFIG=2" -D"CPU_MKL03Z32VFK4" -I"C:/Personal Projects/Mercury_RevA/Firmware/C/Mercury_Rev_A_Proto/SDK/platform/hal/inc" -I"C:/Personal Projects/Mercury_RevA/Firmware/C/Mercury_Rev_A_Proto/SDK/platform/hal/src/sim/MKL03Z4" -I"C:/Personal Projects/Mercury_RevA/Firmware/C/Mercury_Rev_A_Proto/SDK/platform/system/src/clock/MKL03Z4" -I"C:/Personal Projects/Mercury_RevA/Firmware/C/Mercury_Rev_A_Proto/SDK/platform/system/inc" -I"C:/Personal Projects/Mercury_RevA/Firmware/C/Mercury_Rev_A_Proto/SDK/platform/osa/inc" -I"C:/Personal Projects/Mercury_RevA/Firmware/C/Mercury_Rev_A_Proto/SDK/platform/CMSIS/Include" -I"C:/Personal Projects/Mercury_RevA/Firmware/C/Mercury_Rev_A_Proto/SDK/platform/devices" -I"C:/Personal Projects/Mercury_RevA/Firmware/C/Mercury_Rev_A_Proto/SDK/platform/devices/MKL03Z4/include" -I"C:/Personal Projects/Mercury_RevA/Firmware/C/Mercury_Rev_A_Proto/SDK/platform/utilities/src" -I"C:/Personal Projects/Mercury_RevA/Firmware/C/Mercury_Rev_A_Proto/SDK/platform/utilities/inc" -I"C:/Personal Projects/Mercury_RevA/Firmware/C/Mercury_Rev_A_Proto/SDK/platform/devices/MKL03Z4/startup" -I"C:/Personal Projects/Mercury_RevA/Firmware/C/Mercury_Rev_A_Proto/Generated_Code/SDK/platform/devices/MKL03Z4/startup" -I"C:/Personal Projects/Mercury_RevA/Firmware/C/Mercury_Rev_A_Proto/Sources" -I"C:/Personal Projects/Mercury_RevA/Firmware/C/Mercury_Rev_A_Proto/Generated_Code" -I"C:/Personal Projects/Mercury_RevA/Firmware/C/Mercury_Rev_A_Proto/SDK/platform/drivers/inc" -std=c99 -MMD -MP -MF"SDK/platform/system/src/interrupt/fsl_interrupt_manager.d" -MT"SDK/platform/system/src/interrupt/fsl_interrupt_manager.o" -c -o "SDK/platform/system/src/interrupt/fsl_interrupt_manager.o" "../SDK/platform/system/src/interrupt/fsl_interrupt_manager.c"
'Finished building: ../SDK/platform/system/src/interrupt/fsl_interrupt_manager.c'
' '
'Building file: ../SDK/platform/system/src/clock/MKL03Z4/fsl_clock_MKL03Z4.c'
'Invoking: Cross ARM C Compiler'
arm-none-eabi-gcc -mcpu=cortex-m0plus -mthumb -O0 -fmessage-length=0 -fsigned-char -ffunction-sections -fdata-sections -Wall  -g3 -D"FSL_OSA_BM_TIMER_CONFIG=2" -D"CPU_MKL03Z32VFK4" -I"C:/Personal Projects/Mercury_RevA/Firmware/C/Mercury_Rev_A_Proto/SDK/platform/hal/inc" -I"C:/Personal Projects/Mercury_RevA/Firmware/C/Mercury_Rev_A_Proto/SDK/platform/hal/src/sim/MKL03Z4" -I"C:/Personal Projects/Mercury_RevA/Firmware/C/Mercury_Rev_A_Proto/SDK/platform/system/src/clock/MKL03Z4" -I"C:/Personal Projects/Mercury_RevA/Firmware/C/Mercury_Rev_A_Proto/SDK/platform/system/inc" -I"C:/Personal Projects/Mercury_RevA/Firmware/C/Mercury_Rev_A_Proto/SDK/platform/osa/inc" -I"C:/Personal Projects/Mercury_RevA/Firmware/C/Mercury_Rev_A_Proto/SDK/platform/CMSIS/Include" -I"C:/Personal Projects/Mercury_RevA/Firmware/C/Mercury_Rev_A_Proto/SDK/platform/devices" -I"C:/Personal Projects/Mercury_RevA/Firmware/C/Mercury_Rev_A_Proto/SDK/platform/devices/MKL03Z4/include" -I"C:/Personal Projects/Mercury_RevA/Firmware/C/Mercury_Rev_A_Proto/SDK/platform/utilities/src" -I"C:/Personal Projects/Mercury_RevA/Firmware/C/Mercury_Rev_A_Proto/SDK/platform/utilities/inc" -I"C:/Personal Projects/Mercury_RevA/Firmware/C/Mercury_Rev_A_Proto/SDK/platform/devices/MKL03Z4/startup" -I"C:/Personal Projects/Mercury_RevA/Firmware/C/Mercury_Rev_A_Proto/Generated_Code/SDK/platform/devices/MKL03Z4/startup" -I"C:/Personal Projects/Mercury_RevA/Firmware/C/Mercury_Rev_A_Proto/Sources" -I"C:/Personal Projects/Mercury_RevA/Firmware/C/Mercury_Rev_A_Proto/Generated_Code" -I"C:/Personal Projects/Mercury_RevA/Firmware/C/Mercury_Rev_A_Proto/SDK/platform/drivers/inc" -std=c99 -MMD -MP -MF"SDK/platform/system/src/clock/MKL03Z4/fsl_clock_MKL03Z4.d" -MT"SDK/platform/system/src/clock/MKL03Z4/fsl_clock_MKL03Z4.o" -c -o "SDK/platform/system/src/clock/MKL03Z4/fsl_clock_MKL03Z4.o" "../SDK/platform/system/src/clock/MKL03Z4/fsl_clock_MKL03Z4.c"
'Finished building: ../SDK/platform/system/src/clock/MKL03Z4/fsl_clock_MKL03Z4.c'
' '
'Building file: ../SDK/platform/system/src/clock/fsl_clock_manager.c'
'Invoking: Cross ARM C Compiler'
arm-none-eabi-gcc -mcpu=cortex-m0plus -mthumb -O0 -fmessage-length=0 -fsigned-char -ffunction-sections -fdata-sections -Wall  -g3 -D"FSL_OSA_BM_TIMER_CONFIG=2" -D"CPU_MKL03Z32VFK4" -I"C:/Personal Projects/Mercury_RevA/Firmware/C/Mercury_Rev_A_Proto/SDK/platform/hal/inc" -I"C:/Personal Projects/Mercury_RevA/Firmware/C/Mercury_Rev_A_Proto/SDK/platform/hal/src/sim/MKL03Z4" -I"C:/Personal Projects/Mercury_RevA/Firmware/C/Mercury_Rev_A_Proto/SDK/platform/system/src/clock/MKL03Z4" -I"C:/Personal Projects/Mercury_RevA/Firmware/C/Mercury_Rev_A_Proto/SDK/platform/system/inc" -I"C:/Personal Projects/Mercury_RevA/Firmware/C/Mercury_Rev_A_Proto/SDK/platform/osa/inc" -I"C:/Personal Projects/Mercury_RevA/Firmware/C/Mercury_Rev_A_Proto/SDK/platform/CMSIS/Include" -I"C:/Personal Projects/Mercury_RevA/Firmware/C/Mercury_Rev_A_Proto/SDK/platform/devices" -I"C:/Personal Projects/Mercury_RevA/Firmware/C/Mercury_Rev_A_Proto/SDK/platform/devices/MKL03Z4/include" -I"C:/Personal Projects/Mercury_RevA/Firmware/C/Mercury_Rev_A_Proto/SDK/platform/utilities/src" -I"C:/Personal Projects/Mercury_RevA/Firmware/C/Mercury_Rev_A_Proto/SDK/platform/utilities/inc" -I"C:/Personal Projects/Mercury_RevA/Firmware/C/Mercury_Rev_A_Proto/SDK/platform/devices/MKL03Z4/startup" -I"C:/Personal Projects/Mercury_RevA/Firmware/C/Mercury_Rev_A_Proto/Generated_Code/SDK/platform/devices/MKL03Z4/startup" -I"C:/Personal Projects/Mercury_RevA/Firmware/C/Mercury_Rev_A_Proto/Sources" -I"C:/Personal Projects/Mercury_RevA/Firmware/C/Mercury_Rev_A_Proto/Generated_Code" -I"C:/Personal Projects/Mercury_RevA/Firmware/C/Mercury_Rev_A_Proto/SDK/platform/drivers/inc" -std=c99 -MMD -MP -MF"SDK/platform/system/src/clock/fsl_clock_manager.d" -MT"SDK/platform/system/src/clock/fsl_clock_manager.o" -c -o "SDK/platform/system/src/clock/fsl_clock_manager.o" "../SDK/platform/system/src/clock/fsl_clock_manager.c"
'Finished building: ../SDK/platform/system/src/clock/fsl_clock_manager.c'
' '
'Building file: ../SDK/platform/system/src/clock/fsl_clock_manager_common.c'
'Invoking: Cross ARM C Compiler'
arm-none-eabi-gcc -mcpu=cortex-m0plus -mthumb -O0 -fmessage-length=0 -fsigned-char -ffunction-sections -fdata-sections -Wall  -g3 -D"FSL_OSA_BM_TIMER_CONFIG=2" -D"CPU_MKL03Z32VFK4" -I"C:/Personal Projects/Mercury_RevA/Firmware/C/Mercury_Rev_A_Proto/SDK/platform/hal/inc" -I"C:/Personal Projects/Mercury_RevA/Firmware/C/Mercury_Rev_A_Proto/SDK/platform/hal/src/sim/MKL03Z4" -I"C:/Personal Projects/Mercury_RevA/Firmware/C/Mercury_Rev_A_Proto/SDK/platform/system/src/clock/MKL03Z4" -I"C:/Personal Projects/Mercury_RevA/Firmware/C/Mercury_Rev_A_Proto/SDK/platform/system/inc" -I"C:/Personal Projects/Mercury_RevA/Firmware/C/Mercury_Rev_A_Proto/SDK/platform/osa/inc" -I"C:/Personal Projects/Mercury_RevA/Firmware/C/Mercury_Rev_A_Proto/SDK/platform/CMSIS/Include" -I"C:/Personal Projects/Mercury_RevA/Firmware/C/Mercury_Rev_A_Proto/SDK/platform/devices" -I"C:/Personal Projects/Mercury_RevA/Firmware/C/Mercury_Rev_A_Proto/SDK/platform/devices/MKL03Z4/include" -I"C:/Personal Projects/Mercury_RevA/Firmware/C/Mercury_Rev_A_Proto/SDK/platform/utilities/src" -I"C:/Personal Projects/Mercury_RevA/Firmware/C/Mercury_Rev_A_Proto/SDK/platform/utilities/inc" -I"C:/Personal Projects/Mercury_RevA/Firmware/C/Mercury_Rev_A_Proto/SDK/platform/devices/MKL03Z4/startup" -I"C:/Personal Projects/Mercury_RevA/Firmware/C/Mercury_Rev_A_Proto/Generated_Code/SDK/platform/devices/MKL03Z4/startup" -I"C:/Personal Projects/Mercury_RevA/Firmware/C/Mercury_Rev_A_Proto/Sources" -I"C:/Personal Projects/Mercury_RevA/Firmware/C/Mercury_Rev_A_Proto/Generated_Code" -I"C:/Personal Projects/Mercury_RevA/Firmware/C/Mercury_Rev_A_Proto/SDK/platform/drivers/inc" -std=c99 -MMD -MP -MF"SDK/platform/system/src/clock/fsl_clock_manager_common.d" -MT"SDK/platform/system/src/clock/fsl_clock_manager_common.o" -c -o "SDK/platform/system/src/clock/fsl_clock_manager_common.o" "../SDK/platform/system/src/clock/fsl_clock_manager_common.c"
'Finished building: ../SDK/platform/system/src/clock/fsl_clock_manager_common.c'
' '
'Building file: ../SDK/platform/osa/src/fsl_os_abstraction_bm.c'
'Invoking: Cross ARM C Compiler'
arm-none-eabi-gcc -mcpu=cortex-m0plus -mthumb -O0 -fmessage-length=0 -fsigned-char -ffunction-sections -fdata-sections -Wall  -g3 -D"FSL_OSA_BM_TIMER_CONFIG=2" -D"CPU_MKL03Z32VFK4" -I"C:/Personal Projects/Mercury_RevA/Firmware/C/Mercury_Rev_A_Proto/SDK/platform/hal/inc" -I"C:/Personal Projects/Mercury_RevA/Firmware/C/Mercury_Rev_A_Proto/SDK/platform/hal/src/sim/MKL03Z4" -I"C:/Personal Projects/Mercury_RevA/Firmware/C/Mercury_Rev_A_Proto/SDK/platform/system/src/clock/MKL03Z4" -I"C:/Personal Projects/Mercury_RevA/Firmware/C/Mercury_Rev_A_Proto/SDK/platform/system/inc" -I"C:/Personal Projects/Mercury_RevA/Firmware/C/Mercury_Rev_A_Proto/SDK/platform/osa/inc" -I"C:/Personal Projects/Mercury_RevA/Firmware/C/Mercury_Rev_A_Proto/SDK/platform/CMSIS/Include" -I"C:/Personal Projects/Mercury_RevA/Firmware/C/Mercury_Rev_A_Proto/SDK/platform/devices" -I"C:/Personal Projects/Mercury_RevA/Firmware/C/Mercury_Rev_A_Proto/SDK/platform/devices/MKL03Z4/include" -I"C:/Personal Projects/Mercury_RevA/Firmware/C/Mercury_Rev_A_Proto/SDK/platform/utilities/src" -I"C:/Personal Projects/Mercury_RevA/Firmware/C/Mercury_Rev_A_Proto/SDK/platform/utilities/inc" -I"C:/Personal Projects/Mercury_RevA/Firmware/C/Mercury_Rev_A_Proto/SDK/platform/devices/MKL03Z4/startup" -I"C:/Personal Projects/Mercury_RevA/Firmware/C/Mercury_Rev_A_Proto/Generated_Code/SDK/platform/devices/MKL03Z4/startup" -I"C:/Personal Projects/Mercury_RevA/Firmware/C/Mercury_Rev_A_Proto/Sources" -I"C:/Personal Projects/Mercury_RevA/Firmware/C/Mercury_Rev_A_Proto/Generated_Code" -I"C:/Personal Projects/Mercury_RevA/Firmware/C/Mercury_Rev_A_Proto/SDK/platform/drivers/inc" -std=c99 -MMD -MP -MF"SDK/platform/osa/src/fsl_os_abstraction_bm.d" -MT"SDK/platform/osa/src/fsl_os_abstraction_bm.o" -c -o "SDK/platform/osa/src/fsl_os_abstraction_bm.o" "../SDK/platform/osa/src/fsl_os_abstraction_bm.c"
'Finished building: ../SDK/platform/osa/src/fsl_os_abstraction_bm.c'
' '
'Building file: ../SDK/platform/hal/src/sim/MKL03Z4/fsl_sim_hal_MKL03Z4.c'
'Invoking: Cross ARM C Compiler'
arm-none-eabi-gcc -mcpu=cortex-m0plus -mthumb -O0 -fmessage-length=0 -fsigned-char -ffunction-sections -fdata-sections -Wall  -g3 -D"FSL_OSA_BM_TIMER_CONFIG=2" -D"CPU_MKL03Z32VFK4" -I"C:/Personal Projects/Mercury_RevA/Firmware/C/Mercury_Rev_A_Proto/SDK/platform/hal/inc" -I"C:/Personal Projects/Mercury_RevA/Firmware/C/Mercury_Rev_A_Proto/SDK/platform/hal/src/sim/MKL03Z4" -I"C:/Personal Projects/Mercury_RevA/Firmware/C/Mercury_Rev_A_Proto/SDK/platform/system/src/clock/MKL03Z4" -I"C:/Personal Projects/Mercury_RevA/Firmware/C/Mercury_Rev_A_Proto/SDK/platform/system/inc" -I"C:/Personal Projects/Mercury_RevA/Firmware/C/Mercury_Rev_A_Proto/SDK/platform/osa/inc" -I"C:/Personal Projects/Mercury_RevA/Firmware/C/Mercury_Rev_A_Proto/SDK/platform/CMSIS/Include" -I"C:/Personal Projects/Mercury_RevA/Firmware/C/Mercury_Rev_A_Proto/SDK/platform/devices" -I"C:/Personal Projects/Mercury_RevA/Firmware/C/Mercury_Rev_A_Proto/SDK/platform/devices/MKL03Z4/include" -I"C:/Personal Projects/Mercury_RevA/Firmware/C/Mercury_Rev_A_Proto/SDK/platform/utilities/src" -I"C:/Personal Projects/Mercury_RevA/Firmware/C/Mercury_Rev_A_Proto/SDK/platform/utilities/inc" -I"C:/Personal Projects/Mercury_RevA/Firmware/C/Mercury_Rev_A_Proto/SDK/platform/devices/MKL03Z4/startup" -I"C:/Personal Projects/Mercury_RevA/Firmware/C/Mercury_Rev_A_Proto/Generated_Code/SDK/platform/devices/MKL03Z4/startup" -I"C:/Personal Projects/Mercury_RevA/Firmware/C/Mercury_Rev_A_Proto/Sources" -I"C:/Personal Projects/Mercury_RevA/Firmware/C/Mercury_Rev_A_Proto/Generated_Code" -I"C:/Personal Projects/Mercury_RevA/Firmware/C/Mercury_Rev_A_Proto/SDK/platform/drivers/inc" -std=c99 -MMD -MP -MF"SDK/platform/hal/src/sim/MKL03Z4/fsl_sim_hal_MKL03Z4.d" -MT"SDK/platform/hal/src/sim/MKL03Z4/fsl_sim_hal_MKL03Z4.o" -c -o "SDK/platform/hal/src/sim/MKL03Z4/fsl_sim_hal_MKL03Z4.o" "../SDK/platform/hal/src/sim/MKL03Z4/fsl_sim_hal_MKL03Z4.c"
'Finished building: ../SDK/platform/hal/src/sim/MKL03Z4/fsl_sim_hal_MKL03Z4.c'
' '
'Building file: ../SDK/platform/hal/src/rtc/fsl_rtc_hal.c'
'Invoking: Cross ARM C Compiler'
arm-none-eabi-gcc -mcpu=cortex-m0plus -mthumb -O0 -fmessage-length=0 -fsigned-char -ffunction-sections -fdata-sections -Wall  -g3 -D"FSL_OSA_BM_TIMER_CONFIG=2" -D"CPU_MKL03Z32VFK4" -I"C:/Personal Projects/Mercury_RevA/Firmware/C/Mercury_Rev_A_Proto/SDK/platform/hal/inc" -I"C:/Personal Projects/Mercury_RevA/Firmware/C/Mercury_Rev_A_Proto/SDK/platform/hal/src/sim/MKL03Z4" -I"C:/Personal Projects/Mercury_RevA/Firmware/C/Mercury_Rev_A_Proto/SDK/platform/system/src/clock/MKL03Z4" -I"C:/Personal Projects/Mercury_RevA/Firmware/C/Mercury_Rev_A_Proto/SDK/platform/system/inc" -I"C:/Personal Projects/Mercury_RevA/Firmware/C/Mercury_Rev_A_Proto/SDK/platform/osa/inc" -I"C:/Personal Projects/Mercury_RevA/Firmware/C/Mercury_Rev_A_Proto/SDK/platform/CMSIS/Include" -I"C:/Personal Projects/Mercury_RevA/Firmware/C/Mercury_Rev_A_Proto/SDK/platform/devices" -I"C:/Personal Projects/Mercury_RevA/Firmware/C/Mercury_Rev_A_Proto/SDK/platform/devices/MKL03Z4/include" -I"C:/Personal Projects/Mercury_RevA/Firmware/C/Mercury_Rev_A_Proto/SDK/platform/utilities/src" -I"C:/Personal Projects/Mercury_RevA/Firmware/C/Mercury_Rev_A_Proto/SDK/platform/utilities/inc" -I"C:/Personal Projects/Mercury_RevA/Firmware/C/Mercury_Rev_A_Proto/SDK/platform/devices/MKL03Z4/startup" -I"C:/Personal Projects/Mercury_RevA/Firmware/C/Mercury_Rev_A_Proto/Generated_Code/SDK/platform/devices/MKL03Z4/startup" -I"C:/Personal Projects/Mercury_RevA/Firmware/C/Mercury_Rev_A_Proto/Sources" -I"C:/Personal Projects/Mercury_RevA/Firmware/C/Mercury_Rev_A_Proto/Generated_Code" -I"C:/Personal Projects/Mercury_RevA/Firmware/C/Mercury_Rev_A_Proto/SDK/platform/drivers/inc" -std=c99 -MMD -MP -MF"SDK/platform/hal/src/rtc/fsl_rtc_hal.d" -MT"SDK/platform/hal/src/rtc/fsl_rtc_hal.o" -c -o "SDK/platform/hal/src/rtc/fsl_rtc_hal.o" "../SDK/platform/hal/src/rtc/fsl_rtc_hal.c"
'Finished building: ../SDK/platform/hal/src/rtc/fsl_rtc_hal.c'
' '
'Building file: ../SDK/platform/hal/src/port/fsl_port_hal.c'
'Invoking: Cross ARM C Compiler'
arm-none-eabi-gcc -mcpu=cortex-m0plus -mthumb -O0 -fmessage-length=0 -fsigned-char -ffunction-sections -fdata-sections -Wall  -g3 -D"FSL_OSA_BM_TIMER_CONFIG=2" -D"CPU_MKL03Z32VFK4" -I"C:/Personal Projects/Mercury_RevA/Firmware/C/Mercury_Rev_A_Proto/SDK/platform/hal/inc" -I"C:/Personal Projects/Mercury_RevA/Firmware/C/Mercury_Rev_A_Proto/SDK/platform/hal/src/sim/MKL03Z4" -I"C:/Personal Projects/Mercury_RevA/Firmware/C/Mercury_Rev_A_Proto/SDK/platform/system/src/clock/MKL03Z4" -I"C:/Personal Projects/Mercury_RevA/Firmware/C/Mercury_Rev_A_Proto/SDK/platform/system/inc" -I"C:/Personal Projects/Mercury_RevA/Firmware/C/Mercury_Rev_A_Proto/SDK/platform/osa/inc" -I"C:/Personal Projects/Mercury_RevA/Firmware/C/Mercury_Rev_A_Proto/SDK/platform/CMSIS/Include" -I"C:/Personal Projects/Mercury_RevA/Firmware/C/Mercury_Rev_A_Proto/SDK/platform/devices" -I"C:/Personal Projects/Mercury_RevA/Firmware/C/Mercury_Rev_A_Proto/SDK/platform/devices/MKL03Z4/include" -I"C:/Personal Projects/Mercury_RevA/Firmware/C/Mercury_Rev_A_Proto/SDK/platform/utilities/src" -I"C:/Personal Projects/Mercury_RevA/Firmware/C/Mercury_Rev_A_Proto/SDK/platform/utilities/inc" -I"C:/Personal Projects/Mercury_RevA/Firmware/C/Mercury_Rev_A_Proto/SDK/platform/devices/MKL03Z4/startup" -I"C:/Personal Projects/Mercury_RevA/Firmware/C/Mercury_Rev_A_Proto/Generated_Code/SDK/platform/devices/MKL03Z4/startup" -I"C:/Personal Projects/Mercury_RevA/Firmware/C/Mercury_Rev_A_Proto/Sources" -I"C:/Personal Projects/Mercury_RevA/Firmware/C/Mercury_Rev_A_Proto/Generated_Code" -I"C:/Personal Projects/Mercury_RevA/Firmware/C/Mercury_Rev_A_Proto/SDK/platform/drivers/inc" -std=c99 -MMD -MP -MF"SDK/platform/hal/src/port/fsl_port_hal.d" -MT"SDK/platform/hal/src/port/fsl_port_hal.o" -c -o "SDK/platform/hal/src/port/fsl_port_hal.o" "../SDK/platform/hal/src/port/fsl_port_hal.c"
'Finished building: ../SDK/platform/hal/src/port/fsl_port_hal.c'
' '
'Building file: ../SDK/platform/hal/src/osc/fsl_osc_hal.c'
'Invoking: Cross ARM C Compiler'
arm-none-eabi-gcc -mcpu=cortex-m0plus -mthumb -O0 -fmessage-length=0 -fsigned-char -ffunction-sections -fdata-sections -Wall  -g3 -D"FSL_OSA_BM_TIMER_CONFIG=2" -D"CPU_MKL03Z32VFK4" -I"C:/Personal Projects/Mercury_RevA/Firmware/C/Mercury_Rev_A_Proto/SDK/platform/hal/inc" -I"C:/Personal Projects/Mercury_RevA/Firmware/C/Mercury_Rev_A_Proto/SDK/platform/hal/src/sim/MKL03Z4" -I"C:/Personal Projects/Mercury_RevA/Firmware/C/Mercury_Rev_A_Proto/SDK/platform/system/src/clock/MKL03Z4" -I"C:/Personal Projects/Mercury_RevA/Firmware/C/Mercury_Rev_A_Proto/SDK/platform/system/inc" -I"C:/Personal Projects/Mercury_RevA/Firmware/C/Mercury_Rev_A_Proto/SDK/platform/osa/inc" -I"C:/Personal Projects/Mercury_RevA/Firmware/C/Mercury_Rev_A_Proto/SDK/platform/CMSIS/Include" -I"C:/Personal Projects/Mercury_RevA/Firmware/C/Mercury_Rev_A_Proto/SDK/platform/devices" -I"C:/Personal Projects/Mercury_RevA/Firmware/C/Mercury_Rev_A_Proto/SDK/platform/devices/MKL03Z4/include" -I"C:/Personal Projects/Mercury_RevA/Firmware/C/Mercury_Rev_A_Proto/SDK/platform/utilities/src" -I"C:/Personal Projects/Mercury_RevA/Firmware/C/Mercury_Rev_A_Proto/SDK/platform/utilities/inc" -I"C:/Personal Projects/Mercury_RevA/Firmware/C/Mercury_Rev_A_Proto/SDK/platform/devices/MKL03Z4/startup" -I"C:/Personal Projects/Mercury_RevA/Firmware/C/Mercury_Rev_A_Proto/Generated_Code/SDK/platform/devices/MKL03Z4/startup" -I"C:/Personal Projects/Mercury_RevA/Firmware/C/Mercury_Rev_A_Proto/Sources" -I"C:/Personal Projects/Mercury_RevA/Firmware/C/Mercury_Rev_A_Proto/Generated_Code" -I"C:/Personal Projects/Mercury_RevA/Firmware/C/Mercury_Rev_A_Proto/SDK/platform/drivers/inc" -std=c99 -MMD -MP -MF"SDK/platform/hal/src/osc/fsl_osc_hal.d" -MT"SDK/platform/hal/src/osc/fsl_osc_hal.o" -c -o "SDK/platform/hal/src/osc/fsl_osc_hal.o" "../SDK/platform/hal/src/osc/fsl_osc_hal.c"
'Finished building: ../SDK/platform/hal/src/osc/fsl_osc_hal.c'
' '
'Building file: ../SDK/platform/hal/src/mcglite/fsl_mcglite_hal.c'
'Invoking: Cross ARM C Compiler'
arm-none-eabi-gcc -mcpu=cortex-m0plus -mthumb -O0 -fmessage-length=0 -fsigned-char -ffunction-sections -fdata-sections -Wall  -g3 -D"FSL_OSA_BM_TIMER_CONFIG=2" -D"CPU_MKL03Z32VFK4" -I"C:/Personal Projects/Mercury_RevA/Firmware/C/Mercury_Rev_A_Proto/SDK/platform/hal/inc" -I"C:/Personal Projects/Mercury_RevA/Firmware/C/Mercury_Rev_A_Proto/SDK/platform/hal/src/sim/MKL03Z4" -I"C:/Personal Projects/Mercury_RevA/Firmware/C/Mercury_Rev_A_Proto/SDK/platform/system/src/clock/MKL03Z4" -I"C:/Personal Projects/Mercury_RevA/Firmware/C/Mercury_Rev_A_Proto/SDK/platform/system/inc" -I"C:/Personal Projects/Mercury_RevA/Firmware/C/Mercury_Rev_A_Proto/SDK/platform/osa/inc" -I"C:/Personal Projects/Mercury_RevA/Firmware/C/Mercury_Rev_A_Proto/SDK/platform/CMSIS/Include" -I"C:/Personal Projects/Mercury_RevA/Firmware/C/Mercury_Rev_A_Proto/SDK/platform/devices" -I"C:/Personal Projects/Mercury_RevA/Firmware/C/Mercury_Rev_A_Proto/SDK/platform/devices/MKL03Z4/include" -I"C:/Personal Projects/Mercury_RevA/Firmware/C/Mercury_Rev_A_Proto/SDK/platform/utilities/src" -I"C:/Personal Projects/Mercury_RevA/Firmware/C/Mercury_Rev_A_Proto/SDK/platform/utilities/inc" -I"C:/Personal Projects/Mercury_RevA/Firmware/C/Mercury_Rev_A_Proto/SDK/platform/devices/MKL03Z4/startup" -I"C:/Personal Projects/Mercury_RevA/Firmware/C/Mercury_Rev_A_Proto/Generated_Code/SDK/platform/devices/MKL03Z4/startup" -I"C:/Personal Projects/Mercury_RevA/Firmware/C/Mercury_Rev_A_Proto/Sources" -I"C:/Personal Projects/Mercury_RevA/Firmware/C/Mercury_Rev_A_Proto/Generated_Code" -I"C:/Personal Projects/Mercury_RevA/Firmware/C/Mercury_Rev_A_Proto/SDK/platform/drivers/inc" -std=c99 -MMD -MP -MF"SDK/platform/hal/src/mcglite/fsl_mcglite_hal.d" -MT"SDK/platform/hal/src/mcglite/fsl_mcglite_hal.o" -c -o "SDK/platform/hal/src/mcglite/fsl_mcglite_hal.o" "../SDK/platform/hal/src/mcglite/fsl_mcglite_hal.c"
'Finished building: ../SDK/platform/hal/src/mcglite/fsl_mcglite_hal.c'
' '
'Building file: ../SDK/platform/hal/src/mcglite/fsl_mcglite_hal_modes.c'
'Invoking: Cross ARM C Compiler'
arm-none-eabi-gcc -mcpu=cortex-m0plus -mthumb -O0 -fmessage-length=0 -fsigned-char -ffunction-sections -fdata-sections -Wall  -g3 -D"FSL_OSA_BM_TIMER_CONFIG=2" -D"CPU_MKL03Z32VFK4" -I"C:/Personal Projects/Mercury_RevA/Firmware/C/Mercury_Rev_A_Proto/SDK/platform/hal/inc" -I"C:/Personal Projects/Mercury_RevA/Firmware/C/Mercury_Rev_A_Proto/SDK/platform/hal/src/sim/MKL03Z4" -I"C:/Personal Projects/Mercury_RevA/Firmware/C/Mercury_Rev_A_Proto/SDK/platform/system/src/clock/MKL03Z4" -I"C:/Personal Projects/Mercury_RevA/Firmware/C/Mercury_Rev_A_Proto/SDK/platform/system/inc" -I"C:/Personal Projects/Mercury_RevA/Firmware/C/Mercury_Rev_A_Proto/SDK/platform/osa/inc" -I"C:/Personal Projects/Mercury_RevA/Firmware/C/Mercury_Rev_A_Proto/SDK/platform/CMSIS/Include" -I"C:/Personal Projects/Mercury_RevA/Firmware/C/Mercury_Rev_A_Proto/SDK/platform/devices" -I"C:/Personal Projects/Mercury_RevA/Firmware/C/Mercury_Rev_A_Proto/SDK/platform/devices/MKL03Z4/include" -I"C:/Personal Projects/Mercury_RevA/Firmware/C/Mercury_Rev_A_Proto/SDK/platform/utilities/src" -I"C:/Personal Projects/Mercury_RevA/Firmware/C/Mercury_Rev_A_Proto/SDK/platform/utilities/inc" -I"C:/Personal Projects/Mercury_RevA/Firmware/C/Mercury_Rev_A_Proto/SDK/platform/devices/MKL03Z4/startup" -I"C:/Personal Projects/Mercury_RevA/Firmware/C/Mercury_Rev_A_Proto/Generated_Code/SDK/platform/devices/MKL03Z4/startup" -I"C:/Personal Projects/Mercury_RevA/Firmware/C/Mercury_Rev_A_Proto/Sources" -I"C:/Personal Projects/Mercury_RevA/Firmware/C/Mercury_Rev_A_Proto/Generated_Code" -I"C:/Personal Projects/Mercury_RevA/Firmware/C/Mercury_Rev_A_Proto/SDK/platform/drivers/inc" -std=c99 -MMD -MP -MF"SDK/platform/hal/src/mcglite/fsl_mcglite_hal_modes.d" -MT"SDK/platform/hal/src/mcglite/fsl_mcglite_hal_modes.o" -c -o "SDK/platform/hal/src/mcglite/fsl_mcglite_hal_modes.o" "../SDK/platform/hal/src/mcglite/fsl_mcglite_hal_modes.c"
'Finished building: ../SDK/platform/hal/src/mcglite/fsl_mcglite_hal_modes.c'
' '
'Building file: ../SDK/platform/hal/src/lpuart/fsl_lpuart_hal.c'
'Invoking: Cross ARM C Compiler'
arm-none-eabi-gcc -mcpu=cortex-m0plus -mthumb -O0 -fmessage-length=0 -fsigned-char -ffunction-sections -fdata-sections -Wall  -g3 -D"FSL_OSA_BM_TIMER_CONFIG=2" -D"CPU_MKL03Z32VFK4" -I"C:/Personal Projects/Mercury_RevA/Firmware/C/Mercury_Rev_A_Proto/SDK/platform/hal/inc" -I"C:/Personal Projects/Mercury_RevA/Firmware/C/Mercury_Rev_A_Proto/SDK/platform/hal/src/sim/MKL03Z4" -I"C:/Personal Projects/Mercury_RevA/Firmware/C/Mercury_Rev_A_Proto/SDK/platform/system/src/clock/MKL03Z4" -I"C:/Personal Projects/Mercury_RevA/Firmware/C/Mercury_Rev_A_Proto/SDK/platform/system/inc" -I"C:/Personal Projects/Mercury_RevA/Firmware/C/Mercury_Rev_A_Proto/SDK/platform/osa/inc" -I"C:/Personal Projects/Mercury_RevA/Firmware/C/Mercury_Rev_A_Proto/SDK/platform/CMSIS/Include" -I"C:/Personal Projects/Mercury_RevA/Firmware/C/Mercury_Rev_A_Proto/SDK/platform/devices" -I"C:/Personal Projects/Mercury_RevA/Firmware/C/Mercury_Rev_A_Proto/SDK/platform/devices/MKL03Z4/include" -I"C:/Personal Projects/Mercury_RevA/Firmware/C/Mercury_Rev_A_Proto/SDK/platform/utilities/src" -I"C:/Personal Projects/Mercury_RevA/Firmware/C/Mercury_Rev_A_Proto/SDK/platform/utilities/inc" -I"C:/Personal Projects/Mercury_RevA/Firmware/C/Mercury_Rev_A_Proto/SDK/platform/devices/MKL03Z4/startup" -I"C:/Personal Projects/Mercury_RevA/Firmware/C/Mercury_Rev_A_Proto/Generated_Code/SDK/platform/devices/MKL03Z4/startup" -I"C:/Personal Projects/Mercury_RevA/Firmware/C/Mercury_Rev_A_Proto/Sources" -I"C:/Personal Projects/Mercury_RevA/Firmware/C/Mercury_Rev_A_Proto/Generated_Code" -I"C:/Personal Projects/Mercury_RevA/Firmware/C/Mercury_Rev_A_Proto/SDK/platform/drivers/inc" -std=c99 -MMD -MP -MF"SDK/platform/hal/src/lpuart/fsl_lpuart_hal.d" -MT"SDK/platform/hal/src/lpuart/fsl_lpuart_hal.o" -c -o "SDK/platform/hal/src/lpuart/fsl_lpuart_hal.o" "../SDK/platform/hal/src/lpuart/fsl_lpuart_hal.c"
'Finished building: ../SDK/platform/hal/src/lpuart/fsl_lpuart_hal.c'
' '
'Building file: ../SDK/platform/hal/src/i2c/fsl_i2c_hal.c'
'Invoking: Cross ARM C Compiler'
arm-none-eabi-gcc -mcpu=cortex-m0plus -mthumb -O0 -fmessage-length=0 -fsigned-char -ffunction-sections -fdata-sections -Wall  -g3 -D"FSL_OSA_BM_TIMER_CONFIG=2" -D"CPU_MKL03Z32VFK4" -I"C:/Personal Projects/Mercury_RevA/Firmware/C/Mercury_Rev_A_Proto/SDK/platform/hal/inc" -I"C:/Personal Projects/Mercury_RevA/Firmware/C/Mercury_Rev_A_Proto/SDK/platform/hal/src/sim/MKL03Z4" -I"C:/Personal Projects/Mercury_RevA/Firmware/C/Mercury_Rev_A_Proto/SDK/platform/system/src/clock/MKL03Z4" -I"C:/Personal Projects/Mercury_RevA/Firmware/C/Mercury_Rev_A_Proto/SDK/platform/system/inc" -I"C:/Personal Projects/Mercury_RevA/Firmware/C/Mercury_Rev_A_Proto/SDK/platform/osa/inc" -I"C:/Personal Projects/Mercury_RevA/Firmware/C/Mercury_Rev_A_Proto/SDK/platform/CMSIS/Include" -I"C:/Personal Projects/Mercury_RevA/Firmware/C/Mercury_Rev_A_Proto/SDK/platform/devices" -I"C:/Personal Projects/Mercury_RevA/Firmware/C/Mercury_Rev_A_Proto/SDK/platform/devices/MKL03Z4/include" -I"C:/Personal Projects/Mercury_RevA/Firmware/C/Mercury_Rev_A_Proto/SDK/platform/utilities/src" -I"C:/Personal Projects/Mercury_RevA/Firmware/C/Mercury_Rev_A_Proto/SDK/platform/utilities/inc" -I"C:/Personal Projects/Mercury_RevA/Firmware/C/Mercury_Rev_A_Proto/SDK/platform/devices/MKL03Z4/startup" -I"C:/Personal Projects/Mercury_RevA/Firmware/C/Mercury_Rev_A_Proto/Generated_Code/SDK/platform/devices/MKL03Z4/startup" -I"C:/Personal Projects/Mercury_RevA/Firmware/C/Mercury_Rev_A_Proto/Sources" -I"C:/Personal Projects/Mercury_RevA/Firmware/C/Mercury_Rev_A_Proto/Generated_Code" -I"C:/Personal Projects/Mercury_RevA/Firmware/C/Mercury_Rev_A_Proto/SDK/platform/drivers/inc" -std=c99 -MMD -MP -MF"SDK/platform/hal/src/i2c/fsl_i2c_hal.d" -MT"SDK/platform/hal/src/i2c/fsl_i2c_hal.o" -c -o "SDK/platform/hal/src/i2c/fsl_i2c_hal.o" "../SDK/platform/hal/src/i2c/fsl_i2c_hal.c"
'Finished building: ../SDK/platform/hal/src/i2c/fsl_i2c_hal.c'
' '
'Building file: ../SDK/platform/drivers/src/rtc/fsl_rtc_common.c'
'Invoking: Cross ARM C Compiler'
arm-none-eabi-gcc -mcpu=cortex-m0plus -mthumb -O0 -fmessage-length=0 -fsigned-char -ffunction-sections -fdata-sections -Wall  -g3 -D"FSL_OSA_BM_TIMER_CONFIG=2" -D"CPU_MKL03Z32VFK4" -I"C:/Personal Projects/Mercury_RevA/Firmware/C/Mercury_Rev_A_Proto/SDK/platform/hal/inc" -I"C:/Personal Projects/Mercury_RevA/Firmware/C/Mercury_Rev_A_Proto/SDK/platform/hal/src/sim/MKL03Z4" -I"C:/Personal Projects/Mercury_RevA/Firmware/C/Mercury_Rev_A_Proto/SDK/platform/system/src/clock/MKL03Z4" -I"C:/Personal Projects/Mercury_RevA/Firmware/C/Mercury_Rev_A_Proto/SDK/platform/system/inc" -I"C:/Personal Projects/Mercury_RevA/Firmware/C/Mercury_Rev_A_Proto/SDK/platform/osa/inc" -I"C:/Personal Projects/Mercury_RevA/Firmware/C/Mercury_Rev_A_Proto/SDK/platform/CMSIS/Include" -I"C:/Personal Projects/Mercury_RevA/Firmware/C/Mercury_Rev_A_Proto/SDK/platform/devices" -I"C:/Personal Projects/Mercury_RevA/Firmware/C/Mercury_Rev_A_Proto/SDK/platform/devices/MKL03Z4/include" -I"C:/Personal Projects/Mercury_RevA/Firmware/C/Mercury_Rev_A_Proto/SDK/platform/utilities/src" -I"C:/Personal Projects/Mercury_RevA/Firmware/C/Mercury_Rev_A_Proto/SDK/platform/utilities/inc" -I"C:/Personal Projects/Mercury_RevA/Firmware/C/Mercury_Rev_A_Proto/SDK/platform/devices/MKL03Z4/startup" -I"C:/Personal Projects/Mercury_RevA/Firmware/C/Mercury_Rev_A_Proto/Generated_Code/SDK/platform/devices/MKL03Z4/startup" -I"C:/Personal Projects/Mercury_RevA/Firmware/C/Mercury_Rev_A_Proto/Sources" -I"C:/Personal Projects/Mercury_RevA/Firmware/C/Mercury_Rev_A_Proto/Generated_Code" -I"C:/Personal Projects/Mercury_RevA/Firmware/C/Mercury_Rev_A_Proto/SDK/platform/drivers/inc" -std=c99 -MMD -MP -MF"SDK/platform/drivers/src/rtc/fsl_rtc_common.d" -MT"SDK/platform/drivers/src/rtc/fsl_rtc_common.o" -c -o "SDK/platform/drivers/src/rtc/fsl_rtc_common.o" "../SDK/platform/drivers/src/rtc/fsl_rtc_common.c"
'Finished building: ../SDK/platform/drivers/src/rtc/fsl_rtc_common.c'
' '
'Building file: ../SDK/platform/drivers/src/i2c/fsl_i2c_common.c'
'Invoking: Cross ARM C Compiler'
arm-none-eabi-gcc -mcpu=cortex-m0plus -mthumb -O0 -fmessage-length=0 -fsigned-char -ffunction-sections -fdata-sections -Wall  -g3 -D"FSL_OSA_BM_TIMER_CONFIG=2" -D"CPU_MKL03Z32VFK4" -I"C:/Personal Projects/Mercury_RevA/Firmware/C/Mercury_Rev_A_Proto/SDK/platform/hal/inc" -I"C:/Personal Projects/Mercury_RevA/Firmware/C/Mercury_Rev_A_Proto/SDK/platform/hal/src/sim/MKL03Z4" -I"C:/Personal Projects/Mercury_RevA/Firmware/C/Mercury_Rev_A_Proto/SDK/platform/system/src/clock/MKL03Z4" -I"C:/Personal Projects/Mercury_RevA/Firmware/C/Mercury_Rev_A_Proto/SDK/platform/system/inc" -I"C:/Personal Projects/Mercury_RevA/Firmware/C/Mercury_Rev_A_Proto/SDK/platform/osa/inc" -I"C:/Personal Projects/Mercury_RevA/Firmware/C/Mercury_Rev_A_Proto/SDK/platform/CMSIS/Include" -I"C:/Personal Projects/Mercury_RevA/Firmware/C/Mercury_Rev_A_Proto/SDK/platform/devices" -I"C:/Personal Projects/Mercury_RevA/Firmware/C/Mercury_Rev_A_Proto/SDK/platform/devices/MKL03Z4/include" -I"C:/Personal Projects/Mercury_RevA/Firmware/C/Mercury_Rev_A_Proto/SDK/platform/utilities/src" -I"C:/Personal Projects/Mercury_RevA/Firmware/C/Mercury_Rev_A_Proto/SDK/platform/utilities/inc" -I"C:/Personal Projects/Mercury_RevA/Firmware/C/Mercury_Rev_A_Proto/SDK/platform/devices/MKL03Z4/startup" -I"C:/Personal Projects/Mercury_RevA/Firmware/C/Mercury_Rev_A_Proto/Generated_Code/SDK/platform/devices/MKL03Z4/startup" -I"C:/Personal Projects/Mercury_RevA/Firmware/C/Mercury_Rev_A_Proto/Sources" -I"C:/Personal Projects/Mercury_RevA/Firmware/C/Mercury_Rev_A_Proto/Generated_Code" -I"C:/Personal Projects/Mercury_RevA/Firmware/C/Mercury_Rev_A_Proto/SDK/platform/drivers/inc" -std=c99 -MMD -MP -MF"SDK/platform/drivers/src/i2c/fsl_i2c_common.d" -MT"SDK/platform/drivers/src/i2c/fsl_i2c_common.o" -c -o "SDK/platform/drivers/src/i2c/fsl_i2c_common.o" "../SDK/platform/drivers/src/i2c/fsl_i2c_common.c"
'Finished building: ../SDK/platform/drivers/src/i2c/fsl_i2c_common.c'
' '
'Building file: ../SDK/platform/drivers/src/i2c/fsl_i2c_master_driver.c'
'Invoking: Cross ARM C Compiler'
arm-none-eabi-gcc -mcpu=cortex-m0plus -mthumb -O0 -fmessage-length=0 -fsigned-char -ffunction-sections -fdata-sections -Wall  -g3 -D"FSL_OSA_BM_TIMER_CONFIG=2" -D"CPU_MKL03Z32VFK4" -I"C:/Personal Projects/Mercury_RevA/Firmware/C/Mercury_Rev_A_Proto/SDK/platform/hal/inc" -I"C:/Personal Projects/Mercury_RevA/Firmware/C/Mercury_Rev_A_Proto/SDK/platform/hal/src/sim/MKL03Z4" -I"C:/Personal Projects/Mercury_RevA/Firmware/C/Mercury_Rev_A_Proto/SDK/platform/system/src/clock/MKL03Z4" -I"C:/Personal Projects/Mercury_RevA/Firmware/C/Mercury_Rev_A_Proto/SDK/platform/system/inc" -I"C:/Personal Projects/Mercury_RevA/Firmware/C/Mercury_Rev_A_Proto/SDK/platform/osa/inc" -I"C:/Personal Projects/Mercury_RevA/Firmware/C/Mercury_Rev_A_Proto/SDK/platform/CMSIS/Include" -I"C:/Personal Projects/Mercury_RevA/Firmware/C/Mercury_Rev_A_Proto/SDK/platform/devices" -I"C:/Personal Projects/Mercury_RevA/Firmware/C/Mercury_Rev_A_Proto/SDK/platform/devices/MKL03Z4/include" -I"C:/Personal Projects/Mercury_RevA/Firmware/C/Mercury_Rev_A_Proto/SDK/platform/utilities/src" -I"C:/Personal Projects/Mercury_RevA/Firmware/C/Mercury_Rev_A_Proto/SDK/platform/utilities/inc" -I"C:/Personal Projects/Mercury_RevA/Firmware/C/Mercury_Rev_A_Proto/SDK/platform/devices/MKL03Z4/startup" -I"C:/Personal Projects/Mercury_RevA/Firmware/C/Mercury_Rev_A_Proto/Generated_Code/SDK/platform/devices/MKL03Z4/startup" -I"C:/Personal Projects/Mercury_RevA/Firmware/C/Mercury_Rev_A_Proto/Sources" -I"C:/Personal Projects/Mercury_RevA/Firmware/C/Mercury_Rev_A_Proto/Generated_Code" -I"C:/Personal Projects/Mercury_RevA/Firmware/C/Mercury_Rev_A_Proto/SDK/platform/drivers/inc" -std=c99 -MMD -MP -MF"SDK/platform/drivers/src/i2c/fsl_i2c_master_driver.d" -MT"SDK/platform/drivers/src/i2c/fsl_i2c_master_driver.o" -c -o "SDK/platform/drivers/src/i2c/fsl_i2c_master_driver.o" "../SDK/platform/drivers/src/i2c/fsl_i2c_master_driver.c"
'Finished building: ../SDK/platform/drivers/src/i2c/fsl_i2c_master_driver.c'
' '
'Building file: ../SDK/platform/drivers/src/i2c/fsl_i2c_shared_function.c'
'Invoking: Cross ARM C Compiler'
arm-none-eabi-gcc -mcpu=cortex-m0plus -mthumb -O0 -fmessage-length=0 -fsigned-char -ffunction-sections -fdata-sections -Wall  -g3 -D"FSL_OSA_BM_TIMER_CONFIG=2" -D"CPU_MKL03Z32VFK4" -I"C:/Personal Projects/Mercury_RevA/Firmware/C/Mercury_Rev_A_Proto/SDK/platform/hal/inc" -I"C:/Personal Projects/Mercury_RevA/Firmware/C/Mercury_Rev_A_Proto/SDK/platform/hal/src/sim/MKL03Z4" -I"C:/Personal Projects/Mercury_RevA/Firmware/C/Mercury_Rev_A_Proto/SDK/platform/system/src/clock/MKL03Z4" -I"C:/Personal Projects/Mercury_RevA/Firmware/C/Mercury_Rev_A_Proto/SDK/platform/system/inc" -I"C:/Personal Projects/Mercury_RevA/Firmware/C/Mercury_Rev_A_Proto/SDK/platform/osa/inc" -I"C:/Personal Projects/Mercury_RevA/Firmware/C/Mercury_Rev_A_Proto/SDK/platform/CMSIS/Include" -I"C:/Personal Projects/Mercury_RevA/Firmware/C/Mercury_Rev_A_Proto/SDK/platform/devices" -I"C:/Personal Projects/Mercury_RevA/Firmware/C/Mercury_Rev_A_Proto/SDK/platform/devices/MKL03Z4/include" -I"C:/Personal Projects/Mercury_RevA/Firmware/C/Mercury_Rev_A_Proto/SDK/platform/utilities/src" -I"C:/Personal Projects/Mercury_RevA/Firmware/C/Mercury_Rev_A_Proto/SDK/platform/utilities/inc" -I"C:/Personal Projects/Mercury_RevA/Firmware/C/Mercury_Rev_A_Proto/SDK/platform/devices/MKL03Z4/startup" -I"C:/Personal Projects/Mercury_RevA/Firmware/C/Mercury_Rev_A_Proto/Generated_Code/SDK/platform/devices/MKL03Z4/startup" -I"C:/Personal Projects/Mercury_RevA/Firmware/C/Mercury_Rev_A_Proto/Sources" -I"C:/Personal Projects/Mercury_RevA/Firmware/C/Mercury_Rev_A_Proto/Generated_Code" -I"C:/Personal Projects/Mercury_RevA/Firmware/C/Mercury_Rev_A_Proto/SDK/platform/drivers/inc" -std=c99 -MMD -MP -MF"SDK/platform/drivers/src/i2c/fsl_i2c_shared_function.d" -MT"SDK/platform/drivers/src/i2c/fsl_i2c_shared_function.o" -c -o "SDK/platform/drivers/src/i2c/fsl_i2c_shared_function.o" "../SDK/platform/drivers/src/i2c/fsl_i2c_shared_function.c"
'Finished building: ../SDK/platform/drivers/src/i2c/fsl_i2c_shared_function.c'
' '
'Building file: ../SDK/platform/drivers/src/i2c/fsl_i2c_slave_driver.c'
'Invoking: Cross ARM C Compiler'
arm-none-eabi-gcc -mcpu=cortex-m0plus -mthumb -O0 -fmessage-length=0 -fsigned-char -ffunction-sections -fdata-sections -Wall  -g3 -D"FSL_OSA_BM_TIMER_CONFIG=2" -D"CPU_MKL03Z32VFK4" -I"C:/Personal Projects/Mercury_RevA/Firmware/C/Mercury_Rev_A_Proto/SDK/platform/hal/inc" -I"C:/Personal Projects/Mercury_RevA/Firmware/C/Mercury_Rev_A_Proto/SDK/platform/hal/src/sim/MKL03Z4" -I"C:/Personal Projects/Mercury_RevA/Firmware/C/Mercury_Rev_A_Proto/SDK/platform/system/src/clock/MKL03Z4" -I"C:/Personal Projects/Mercury_RevA/Firmware/C/Mercury_Rev_A_Proto/SDK/platform/system/inc" -I"C:/Personal Projects/Mercury_RevA/Firmware/C/Mercury_Rev_A_Proto/SDK/platform/osa/inc" -I"C:/Personal Projects/Mercury_RevA/Firmware/C/Mercury_Rev_A_Proto/SDK/platform/CMSIS/Include" -I"C:/Personal Projects/Mercury_RevA/Firmware/C/Mercury_Rev_A_Proto/SDK/platform/devices" -I"C:/Personal Projects/Mercury_RevA/Firmware/C/Mercury_Rev_A_Proto/SDK/platform/devices/MKL03Z4/include" -I"C:/Personal Projects/Mercury_RevA/Firmware/C/Mercury_Rev_A_Proto/SDK/platform/utilities/src" -I"C:/Personal Projects/Mercury_RevA/Firmware/C/Mercury_Rev_A_Proto/SDK/platform/utilities/inc" -I"C:/Personal Projects/Mercury_RevA/Firmware/C/Mercury_Rev_A_Proto/SDK/platform/devices/MKL03Z4/startup" -I"C:/Personal Projects/Mercury_RevA/Firmware/C/Mercury_Rev_A_Proto/Generated_Code/SDK/platform/devices/MKL03Z4/startup" -I"C:/Personal Projects/Mercury_RevA/Firmware/C/Mercury_Rev_A_Proto/Sources" -I"C:/Personal Projects/Mercury_RevA/Firmware/C/Mercury_Rev_A_Proto/Generated_Code" -I"C:/Personal Projects/Mercury_RevA/Firmware/C/Mercury_Rev_A_Proto/SDK/platform/drivers/inc" -std=c99 -MMD -MP -MF"SDK/platform/drivers/src/i2c/fsl_i2c_slave_driver.d" -MT"SDK/platform/drivers/src/i2c/fsl_i2c_slave_driver.o" -c -o "SDK/platform/drivers/src/i2c/fsl_i2c_slave_driver.o" "../SDK/platform/drivers/src/i2c/fsl_i2c_slave_driver.c"
'Finished building: ../SDK/platform/drivers/src/i2c/fsl_i2c_slave_driver.c'
' '
'Building file: ../SDK/platform/devices/MKL03Z4/startup/gcc/startup_MKL03Z4.S'
'Invoking: Cross ARM GNU Assembler'
arm-none-eabi-gcc -mcpu=cortex-m0plus -mthumb -O0 -fmessage-length=0 -fsigned-char -ffunction-sections -fdata-sections -Wall  -g3 -x assembler-with-cpp -D"FSL_OSA_BM_TIMER_CONFIG=2" -MMD -MP -MF"SDK/platform/devices/MKL03Z4/startup/gcc/startup_MKL03Z4.d" -MT"SDK/platform/devices/MKL03Z4/startup/gcc/startup_MKL03Z4.o" -c -o "SDK/platform/devices/MKL03Z4/startup/gcc/startup_MKL03Z4.o" "../SDK/platform/devices/MKL03Z4/startup/gcc/startup_MKL03Z4.S"
'Finished building: ../SDK/platform/devices/MKL03Z4/startup/gcc/startup_MKL03Z4.S'
' '
'Building file: ../SDK/platform/devices/MKL03Z4/startup/system_MKL03Z4.c'
'Invoking: Cross ARM C Compiler'
arm-none-eabi-gcc -mcpu=cortex-m0plus -mthumb -O0 -fmessage-length=0 -fsigned-char -ffunction-sections -fdata-sections -Wall  -g3 -D"FSL_OSA_BM_TIMER_CONFIG=2" -D"CPU_MKL03Z32VFK4" -I"C:/Personal Projects/Mercury_RevA/Firmware/C/Mercury_Rev_A_Proto/SDK/platform/hal/inc" -I"C:/Personal Projects/Mercury_RevA/Firmware/C/Mercury_Rev_A_Proto/SDK/platform/hal/src/sim/MKL03Z4" -I"C:/Personal Projects/Mercury_RevA/Firmware/C/Mercury_Rev_A_Proto/SDK/platform/system/src/clock/MKL03Z4" -I"C:/Personal Projects/Mercury_RevA/Firmware/C/Mercury_Rev_A_Proto/SDK/platform/system/inc" -I"C:/Personal Projects/Mercury_RevA/Firmware/C/Mercury_Rev_A_Proto/SDK/platform/osa/inc" -I"C:/Personal Projects/Mercury_RevA/Firmware/C/Mercury_Rev_A_Proto/SDK/platform/CMSIS/Include" -I"C:/Personal Projects/Mercury_RevA/Firmware/C/Mercury_Rev_A_Proto/SDK/platform/devices" -I"C:/Personal Projects/Mercury_RevA/Firmware/C/Mercury_Rev_A_Proto/SDK/platform/devices/MKL03Z4/include" -I"C:/Personal Projects/Mercury_RevA/Firmware/C/Mercury_Rev_A_Proto/SDK/platform/utilities/src" -I"C:/Personal Projects/Mercury_RevA/Firmware/C/Mercury_Rev_A_Proto/SDK/platform/utilities/inc" -I"C:/Personal Projects/Mercury_RevA/Firmware/C/Mercury_Rev_A_Proto/SDK/platform/devices/MKL03Z4/startup" -I"C:/Personal Projects/Mercury_RevA/Firmware/C/Mercury_Rev_A_Proto/Generated_Code/SDK/platform/devices/MKL03Z4/startup" -I"C:/Personal Projects/Mercury_RevA/Firmware/C/Mercury_Rev_A_Proto/Sources" -I"C:/Personal Projects/Mercury_RevA/Firmware/C/Mercury_Rev_A_Proto/Generated_Code" -I"C:/Personal Projects/Mercury_RevA/Firmware/C/Mercury_Rev_A_Proto/SDK/platform/drivers/inc" -std=c99 -MMD -MP -MF"SDK/platform/devices/MKL03Z4/startup/system_MKL03Z4.d" -MT"SDK/platform/devices/MKL03Z4/startup/system_MKL03Z4.o" -c -o "SDK/platform/devices/MKL03Z4/startup/system_MKL03Z4.o" "../SDK/platform/devices/MKL03Z4/startup/system_MKL03Z4.c"
'Finished building: ../SDK/platform/devices/MKL03Z4/startup/system_MKL03Z4.c'
' '
'Building file: ../SDK/platform/devices/startup.c'
'Invoking: Cross ARM C Compiler'
arm-none-eabi-gcc -mcpu=cortex-m0plus -mthumb -O0 -fmessage-length=0 -fsigned-char -ffunction-sections -fdata-sections -Wall  -g3 -D"FSL_OSA_BM_TIMER_CONFIG=2" -D"CPU_MKL03Z32VFK4" -I"C:/Personal Projects/Mercury_RevA/Firmware/C/Mercury_Rev_A_Proto/SDK/platform/hal/inc" -I"C:/Personal Projects/Mercury_RevA/Firmware/C/Mercury_Rev_A_Proto/SDK/platform/hal/src/sim/MKL03Z4" -I"C:/Personal Projects/Mercury_RevA/Firmware/C/Mercury_Rev_A_Proto/SDK/platform/system/src/clock/MKL03Z4" -I"C:/Personal Projects/Mercury_RevA/Firmware/C/Mercury_Rev_A_Proto/SDK/platform/system/inc" -I"C:/Personal Projects/Mercury_RevA/Firmware/C/Mercury_Rev_A_Proto/SDK/platform/osa/inc" -I"C:/Personal Projects/Mercury_RevA/Firmware/C/Mercury_Rev_A_Proto/SDK/platform/CMSIS/Include" -I"C:/Personal Projects/Mercury_RevA/Firmware/C/Mercury_Rev_A_Proto/SDK/platform/devices" -I"C:/Personal Projects/Mercury_RevA/Firmware/C/Mercury_Rev_A_Proto/SDK/platform/devices/MKL03Z4/include" -I"C:/Personal Projects/Mercury_RevA/Firmware/C/Mercury_Rev_A_Proto/SDK/platform/utilities/src" -I"C:/Personal Projects/Mercury_RevA/Firmware/C/Mercury_Rev_A_Proto/SDK/platform/utilities/inc" -I"C:/Personal Projects/Mercury_RevA/Firmware/C/Mercury_Rev_A_Proto/SDK/platform/devices/MKL03Z4/startup" -I"C:/Personal Projects/Mercury_RevA/Firmware/C/Mercury_Rev_A_Proto/Generated_Code/SDK/platform/devices/MKL03Z4/startup" -I"C:/Personal Projects/Mercury_RevA/Firmware/C/Mercury_Rev_A_Proto/Sources" -I"C:/Personal Projects/Mercury_RevA/Firmware/C/Mercury_Rev_A_Proto/Generated_Code" -I"C:/Personal Projects/Mercury_RevA/Firmware/C/Mercury_Rev_A_Proto/SDK/platform/drivers/inc" -std=c99 -MMD -MP -MF"SDK/platform/devices/startup.d" -MT"SDK/platform/devices/startup.o" -c -o "SDK/platform/devices/startup.o" "../SDK/platform/devices/startup.c"
'Finished building: ../SDK/platform/devices/startup.c'
' '
'Building file: ../Generated_Code/Cpu.c'
'Invoking: Cross ARM C Compiler'
arm-none-eabi-gcc -mcpu=cortex-m0plus -mthumb -O0 -fmessage-length=0 -fsigned-char -ffunction-sections -fdata-sections -Wall  -g3 -D"FSL_OSA_BM_TIMER_CONFIG=2" -D"CPU_MKL03Z32VFK4" -I"C:/Personal Projects/Mercury_RevA/Firmware/C/Mercury_Rev_A_Proto/SDK/platform/hal/inc" -I"C:/Personal Projects/Mercury_RevA/Firmware/C/Mercury_Rev_A_Proto/SDK/platform/hal/src/sim/MKL03Z4" -I"C:/Personal Projects/Mercury_RevA/Firmware/C/Mercury_Rev_A_Proto/SDK/platform/system/src/clock/MKL03Z4" -I"C:/Personal Projects/Mercury_RevA/Firmware/C/Mercury_Rev_A_Proto/SDK/platform/system/inc" -I"C:/Personal Projects/Mercury_RevA/Firmware/C/Mercury_Rev_A_Proto/SDK/platform/osa/inc" -I"C:/Personal Projects/Mercury_RevA/Firmware/C/Mercury_Rev_A_Proto/SDK/platform/CMSIS/Include" -I"C:/Personal Projects/Mercury_RevA/Firmware/C/Mercury_Rev_A_Proto/SDK/platform/devices" -I"C:/Personal Projects/Mercury_RevA/Firmware/C/Mercury_Rev_A_Proto/SDK/platform/devices/MKL03Z4/include" -I"C:/Personal Projects/Mercury_RevA/Firmware/C/Mercury_Rev_A_Proto/SDK/platform/utilities/src" -I"C:/Personal Projects/Mercury_RevA/Firmware/C/Mercury_Rev_A_Proto/SDK/platform/utilities/inc" -I"C:/Personal Projects/Mercury_RevA/Firmware/C/Mercury_Rev_A_Proto/SDK/platform/devices/MKL03Z4/startup" -I"C:/Personal Projects/Mercury_RevA/Firmware/C/Mercury_Rev_A_Proto/Generated_Code/SDK/platform/devices/MKL03Z4/startup" -I"C:/Personal Projects/Mercury_RevA/Firmware/C/Mercury_Rev_A_Proto/Sources" -I"C:/Personal Projects/Mercury_RevA/Firmware/C/Mercury_Rev_A_Proto/Generated_Code" -I"C:/Personal Projects/Mercury_RevA/Firmware/C/Mercury_Rev_A_Proto/SDK/platform/drivers/inc" -std=c99 -MMD -MP -MF"Generated_Code/Cpu.d" -MT"Generated_Code/Cpu.o" -c -o "Generated_Code/Cpu.o" "../Generated_Code/Cpu.c"
'Finished building: ../Generated_Code/Cpu.c'
' '
'Building file: ../Generated_Code/clockMan1.c'
'Invoking: Cross ARM C Compiler'
arm-none-eabi-gcc -mcpu=cortex-m0plus -mthumb -O0 -fmessage-length=0 -fsigned-char -ffunction-sections -fdata-sections -Wall  -g3 -D"FSL_OSA_BM_TIMER_CONFIG=2" -D"CPU_MKL03Z32VFK4" -I"C:/Personal Projects/Mercury_RevA/Firmware/C/Mercury_Rev_A_Proto/SDK/platform/hal/inc" -I"C:/Personal Projects/Mercury_RevA/Firmware/C/Mercury_Rev_A_Proto/SDK/platform/hal/src/sim/MKL03Z4" -I"C:/Personal Projects/Mercury_RevA/Firmware/C/Mercury_Rev_A_Proto/SDK/platform/system/src/clock/MKL03Z4" -I"C:/Personal Projects/Mercury_RevA/Firmware/C/Mercury_Rev_A_Proto/SDK/platform/system/inc" -I"C:/Personal Projects/Mercury_RevA/Firmware/C/Mercury_Rev_A_Proto/SDK/platform/osa/inc" -I"C:/Personal Projects/Mercury_RevA/Firmware/C/Mercury_Rev_A_Proto/SDK/platform/CMSIS/Include" -I"C:/Personal Projects/Mercury_RevA/Firmware/C/Mercury_Rev_A_Proto/SDK/platform/devices" -I"C:/Personal Projects/Mercury_RevA/Firmware/C/Mercury_Rev_A_Proto/SDK/platform/devices/MKL03Z4/include" -I"C:/Personal Projects/Mercury_RevA/Firmware/C/Mercury_Rev_A_Proto/SDK/platform/utilities/src" -I"C:/Personal Projects/Mercury_RevA/Firmware/C/Mercury_Rev_A_Proto/SDK/platform/utilities/inc" -I"C:/Personal Projects/Mercury_RevA/Firmware/C/Mercury_Rev_A_Proto/SDK/platform/devices/MKL03Z4/startup" -I"C:/Personal Projects/Mercury_RevA/Firmware/C/Mercury_Rev_A_Proto/Generated_Code/SDK/platform/devices/MKL03Z4/startup" -I"C:/Personal Projects/Mercury_RevA/Firmware/C/Mercury_Rev_A_Proto/Sources" -I"C:/Personal Projects/Mercury_RevA/Firmware/C/Mercury_Rev_A_Proto/Generated_Code" -I"C:/Personal Projects/Mercury_RevA/Firmware/C/Mercury_Rev_A_Proto/SDK/platform/drivers/inc" -std=c99 -MMD -MP -MF"Generated_Code/clockMan1.d" -MT"Generated_Code/clockMan1.o" -c -o "Generated_Code/clockMan1.o" "../Generated_Code/clockMan1.c"
'Finished building: ../Generated_Code/clockMan1.c'
' '
'Building file: ../Generated_Code/console.c'
'Invoking: Cross ARM C Compiler'
arm-none-eabi-gcc -mcpu=cortex-m0plus -mthumb -O0 -fmessage-length=0 -fsigned-char -ffunction-sections -fdata-sections -Wall  -g3 -D"FSL_OSA_BM_TIMER_CONFIG=2" -D"CPU_MKL03Z32VFK4" -I"C:/Personal Projects/Mercury_RevA/Firmware/C/Mercury_Rev_A_Proto/SDK/platform/hal/inc" -I"C:/Personal Projects/Mercury_RevA/Firmware/C/Mercury_Rev_A_Proto/SDK/platform/hal/src/sim/MKL03Z4" -I"C:/Personal Projects/Mercury_RevA/Firmware/C/Mercury_Rev_A_Proto/SDK/platform/system/src/clock/MKL03Z4" -I"C:/Personal Projects/Mercury_RevA/Firmware/C/Mercury_Rev_A_Proto/SDK/platform/system/inc" -I"C:/Personal Projects/Mercury_RevA/Firmware/C/Mercury_Rev_A_Proto/SDK/platform/osa/inc" -I"C:/Personal Projects/Mercury_RevA/Firmware/C/Mercury_Rev_A_Proto/SDK/platform/CMSIS/Include" -I"C:/Personal Projects/Mercury_RevA/Firmware/C/Mercury_Rev_A_Proto/SDK/platform/devices" -I"C:/Personal Projects/Mercury_RevA/Firmware/C/Mercury_Rev_A_Proto/SDK/platform/devices/MKL03Z4/include" -I"C:/Personal Projects/Mercury_RevA/Firmware/C/Mercury_Rev_A_Proto/SDK/platform/utilities/src" -I"C:/Personal Projects/Mercury_RevA/Firmware/C/Mercury_Rev_A_Proto/SDK/platform/utilities/inc" -I"C:/Personal Projects/Mercury_RevA/Firmware/C/Mercury_Rev_A_Proto/SDK/platform/devices/MKL03Z4/startup" -I"C:/Personal Projects/Mercury_RevA/Firmware/C/Mercury_Rev_A_Proto/Generated_Code/SDK/platform/devices/MKL03Z4/startup" -I"C:/Personal Projects/Mercury_RevA/Firmware/C/Mercury_Rev_A_Proto/Sources" -I"C:/Personal Projects/Mercury_RevA/Firmware/C/Mercury_Rev_A_Proto/Generated_Code" -I"C:/Personal Projects/Mercury_RevA/Firmware/C/Mercury_Rev_A_Proto/SDK/platform/drivers/inc" -std=c99 -MMD -MP -MF"Generated_Code/console.d" -MT"Generated_Code/console.o" -c -o "Generated_Code/console.o" "../Generated_Code/console.c"
'Finished building: ../Generated_Code/console.c'
' '
'Building file: ../Generated_Code/hardware_init.c'
'Invoking: Cross ARM C Compiler'
arm-none-eabi-gcc -mcpu=cortex-m0plus -mthumb -O0 -fmessage-length=0 -fsigned-char -ffunction-sections -fdata-sections -Wall  -g3 -D"FSL_OSA_BM_TIMER_CONFIG=2" -D"CPU_MKL03Z32VFK4" -I"C:/Personal Projects/Mercury_RevA/Firmware/C/Mercury_Rev_A_Proto/SDK/platform/hal/inc" -I"C:/Personal Projects/Mercury_RevA/Firmware/C/Mercury_Rev_A_Proto/SDK/platform/hal/src/sim/MKL03Z4" -I"C:/Personal Projects/Mercury_RevA/Firmware/C/Mercury_Rev_A_Proto/SDK/platform/system/src/clock/MKL03Z4" -I"C:/Personal Projects/Mercury_RevA/Firmware/C/Mercury_Rev_A_Proto/SDK/platform/system/inc" -I"C:/Personal Projects/Mercury_RevA/Firmware/C/Mercury_Rev_A_Proto/SDK/platform/osa/inc" -I"C:/Personal Projects/Mercury_RevA/Firmware/C/Mercury_Rev_A_Proto/SDK/platform/CMSIS/Include" -I"C:/Personal Projects/Mercury_RevA/Firmware/C/Mercury_Rev_A_Proto/SDK/platform/devices" -I"C:/Personal Projects/Mercury_RevA/Firmware/C/Mercury_Rev_A_Proto/SDK/platform/devices/MKL03Z4/include" -I"C:/Personal Projects/Mercury_RevA/Firmware/C/Mercury_Rev_A_Proto/SDK/platform/utilities/src" -I"C:/Personal Projects/Mercury_RevA/Firmware/C/Mercury_Rev_A_Proto/SDK/platform/utilities/inc" -I"C:/Personal Projects/Mercury_RevA/Firmware/C/Mercury_Rev_A_Proto/SDK/platform/devices/MKL03Z4/startup" -I"C:/Personal Projects/Mercury_RevA/Firmware/C/Mercury_Rev_A_Proto/Generated_Code/SDK/platform/devices/MKL03Z4/startup" -I"C:/Personal Projects/Mercury_RevA/Firmware/C/Mercury_Rev_A_Proto/Sources" -I"C:/Personal Projects/Mercury_RevA/Firmware/C/Mercury_Rev_A_Proto/Generated_Code" -I"C:/Personal Projects/Mercury_RevA/Firmware/C/Mercury_Rev_A_Proto/SDK/platform/drivers/inc" -std=c99 -MMD -MP -MF"Generated_Code/hardware_init.d" -MT"Generated_Code/hardware_init.o" -c -o "Generated_Code/hardware_init.o" "../Generated_Code/hardware_init.c"
'Finished building: ../Generated_Code/hardware_init.c'
' '
'Building file: ../Generated_Code/i2c0.c'
'Invoking: Cross ARM C Compiler'
arm-none-eabi-gcc -mcpu=cortex-m0plus -mthumb -O0 -fmessage-length=0 -fsigned-char -ffunction-sections -fdata-sections -Wall  -g3 -D"FSL_OSA_BM_TIMER_CONFIG=2" -D"CPU_MKL03Z32VFK4" -I"C:/Personal Projects/Mercury_RevA/Firmware/C/Mercury_Rev_A_Proto/SDK/platform/hal/inc" -I"C:/Personal Projects/Mercury_RevA/Firmware/C/Mercury_Rev_A_Proto/SDK/platform/hal/src/sim/MKL03Z4" -I"C:/Personal Projects/Mercury_RevA/Firmware/C/Mercury_Rev_A_Proto/SDK/platform/system/src/clock/MKL03Z4" -I"C:/Personal Projects/Mercury_RevA/Firmware/C/Mercury_Rev_A_Proto/SDK/platform/system/inc" -I"C:/Personal Projects/Mercury_RevA/Firmware/C/Mercury_Rev_A_Proto/SDK/platform/osa/inc" -I"C:/Personal Projects/Mercury_RevA/Firmware/C/Mercury_Rev_A_Proto/SDK/platform/CMSIS/Include" -I"C:/Personal Projects/Mercury_RevA/Firmware/C/Mercury_Rev_A_Proto/SDK/platform/devices" -I"C:/Personal Projects/Mercury_RevA/Firmware/C/Mercury_Rev_A_Proto/SDK/platform/devices/MKL03Z4/include" -I"C:/Personal Projects/Mercury_RevA/Firmware/C/Mercury_Rev_A_Proto/SDK/platform/utilities/src" -I"C:/Personal Projects/Mercury_RevA/Firmware/C/Mercury_Rev_A_Proto/SDK/platform/utilities/inc" -I"C:/Personal Projects/Mercury_RevA/Firmware/C/Mercury_Rev_A_Proto/SDK/platform/devices/MKL03Z4/startup" -I"C:/Personal Projects/Mercury_RevA/Firmware/C/Mercury_Rev_A_Proto/Generated_Code/SDK/platform/devices/MKL03Z4/startup" -I"C:/Personal Projects/Mercury_RevA/Firmware/C/Mercury_Rev_A_Proto/Sources" -I"C:/Personal Projects/Mercury_RevA/Firmware/C/Mercury_Rev_A_Proto/Generated_Code" -I"C:/Personal Projects/Mercury_RevA/Firmware/C/Mercury_Rev_A_Proto/SDK/platform/drivers/inc" -std=c99 -MMD -MP -MF"Generated_Code/i2c0.d" -MT"Generated_Code/i2c0.o" -c -o "Generated_Code/i2c0.o" "../Generated_Code/i2c0.c"
'Finished building: ../Generated_Code/i2c0.c'
' '
'Building file: ../Generated_Code/osa1.c'
'Invoking: Cross ARM C Compiler'
arm-none-eabi-gcc -mcpu=cortex-m0plus -mthumb -O0 -fmessage-length=0 -fsigned-char -ffunction-sections -fdata-sections -Wall  -g3 -D"FSL_OSA_BM_TIMER_CONFIG=2" -D"CPU_MKL03Z32VFK4" -I"C:/Personal Projects/Mercury_RevA/Firmware/C/Mercury_Rev_A_Proto/SDK/platform/hal/inc" -I"C:/Personal Projects/Mercury_RevA/Firmware/C/Mercury_Rev_A_Proto/SDK/platform/hal/src/sim/MKL03Z4" -I"C:/Personal Projects/Mercury_RevA/Firmware/C/Mercury_Rev_A_Proto/SDK/platform/system/src/clock/MKL03Z4" -I"C:/Personal Projects/Mercury_RevA/Firmware/C/Mercury_Rev_A_Proto/SDK/platform/system/inc" -I"C:/Personal Projects/Mercury_RevA/Firmware/C/Mercury_Rev_A_Proto/SDK/platform/osa/inc" -I"C:/Personal Projects/Mercury_RevA/Firmware/C/Mercury_Rev_A_Proto/SDK/platform/CMSIS/Include" -I"C:/Personal Projects/Mercury_RevA/Firmware/C/Mercury_Rev_A_Proto/SDK/platform/devices" -I"C:/Personal Projects/Mercury_RevA/Firmware/C/Mercury_Rev_A_Proto/SDK/platform/devices/MKL03Z4/include" -I"C:/Personal Projects/Mercury_RevA/Firmware/C/Mercury_Rev_A_Proto/SDK/platform/utilities/src" -I"C:/Personal Projects/Mercury_RevA/Firmware/C/Mercury_Rev_A_Proto/SDK/platform/utilities/inc" -I"C:/Personal Projects/Mercury_RevA/Firmware/C/Mercury_Rev_A_Proto/SDK/platform/devices/MKL03Z4/startup" -I"C:/Personal Projects/Mercury_RevA/Firmware/C/Mercury_Rev_A_Proto/Generated_Code/SDK/platform/devices/MKL03Z4/startup" -I"C:/Personal Projects/Mercury_RevA/Firmware/C/Mercury_Rev_A_Proto/Sources" -I"C:/Personal Projects/Mercury_RevA/Firmware/C/Mercury_Rev_A_Proto/Generated_Code" -I"C:/Personal Projects/Mercury_RevA/Firmware/C/Mercury_Rev_A_Proto/SDK/platform/drivers/inc" -std=c99 -MMD -MP -MF"Generated_Code/osa1.d" -MT"Generated_Code/osa1.o" -c -o "Generated_Code/osa1.o" "../Generated_Code/osa1.c"
'Finished building: ../Generated_Code/osa1.c'
' '
'Building file: ../Generated_Code/pin_init.c'
'Invoking: Cross ARM C Compiler'
arm-none-eabi-gcc -mcpu=cortex-m0plus -mthumb -O0 -fmessage-length=0 -fsigned-char -ffunction-sections -fdata-sections -Wall  -g3 -D"FSL_OSA_BM_TIMER_CONFIG=2" -D"CPU_MKL03Z32VFK4" -I"C:/Personal Projects/Mercury_RevA/Firmware/C/Mercury_Rev_A_Proto/SDK/platform/hal/inc" -I"C:/Personal Projects/Mercury_RevA/Firmware/C/Mercury_Rev_A_Proto/SDK/platform/hal/src/sim/MKL03Z4" -I"C:/Personal Projects/Mercury_RevA/Firmware/C/Mercury_Rev_A_Proto/SDK/platform/system/src/clock/MKL03Z4" -I"C:/Personal Projects/Mercury_RevA/Firmware/C/Mercury_Rev_A_Proto/SDK/platform/system/inc" -I"C:/Personal Projects/Mercury_RevA/Firmware/C/Mercury_Rev_A_Proto/SDK/platform/osa/inc" -I"C:/Personal Projects/Mercury_RevA/Firmware/C/Mercury_Rev_A_Proto/SDK/platform/CMSIS/Include" -I"C:/Personal Projects/Mercury_RevA/Firmware/C/Mercury_Rev_A_Proto/SDK/platform/devices" -I"C:/Personal Projects/Mercury_RevA/Firmware/C/Mercury_Rev_A_Proto/SDK/platform/devices/MKL03Z4/include" -I"C:/Personal Projects/Mercury_RevA/Firmware/C/Mercury_Rev_A_Proto/SDK/platform/utilities/src" -I"C:/Personal Projects/Mercury_RevA/Firmware/C/Mercury_Rev_A_Proto/SDK/platform/utilities/inc" -I"C:/Personal Projects/Mercury_RevA/Firmware/C/Mercury_Rev_A_Proto/SDK/platform/devices/MKL03Z4/startup" -I"C:/Personal Projects/Mercury_RevA/Firmware/C/Mercury_Rev_A_Proto/Generated_Code/SDK/platform/devices/MKL03Z4/startup" -I"C:/Personal Projects/Mercury_RevA/Firmware/C/Mercury_Rev_A_Proto/Sources" -I"C:/Personal Projects/Mercury_RevA/Firmware/C/Mercury_Rev_A_Proto/Generated_Code" -I"C:/Personal Projects/Mercury_RevA/Firmware/C/Mercury_Rev_A_Proto/SDK/platform/drivers/inc" -std=c99 -MMD -MP -MF"Generated_Code/pin_init.d" -MT"Generated_Code/pin_init.o" -c -o "Generated_Code/pin_init.o" "../Generated_Code/pin_init.c"
'Finished building: ../Generated_Code/pin_init.c'
' '
'Building target: Mercury_Rev_A_Proto.elf'
'Invoking: Cross ARM C++ Linker'
arm-none-eabi-g++ -mcpu=cortex-m0plus -mthumb -O0 -fmessage-length=0 -fsigned-char -ffunction-sections -fdata-sections -Wall  -g3 -T "C:/Personal Projects/Mercury_RevA/Firmware/C/Mercury_Rev_A_Proto/Project_Settings/Linker_Files/ProcessorExpert.ld" -Xlinker --gc-sections -L"C:/Personal Projects/Mercury_RevA/Firmware/C/Mercury_Rev_A_Proto/Project_Settings/Linker_Files" -Wl,-Map,"Mercury_Rev_A_Proto.map" -specs=nosys.specs -specs=nano.specs -Xlinker -z -Xlinker muldefs -o "Mercury_Rev_A_Proto.elf"  ./Static_Code/System/PE_low_level_init.o  ./Sources/Events.o ./Sources/main.o  ./SDK/platform/utilities/src/fsl_debug_console.o ./SDK/platform/utilities/src/fsl_misc_utilities.o ./SDK/platform/utilities/src/print_scan.o  ./SDK/platform/system/src/interrupt/fsl_interrupt_manager.o  ./SDK/platform/system/src/clock/MKL03Z4/fsl_clock_MKL03Z4.o  ./SDK/platform/system/src/clock/fsl_clock_manager.o ./SDK/platform/system/src/clock/fsl_clock_manager_common.o  ./SDK/platform/osa/src/fsl_os_abstraction_bm.o  ./SDK/platform/hal/src/sim/MKL03Z4/fsl_sim_hal_MKL03Z4.o  ./SDK/platform/hal/src/rtc/fsl_rtc_hal.o  ./SDK/platform/hal/src/port/fsl_port_hal.o  ./SDK/platform/hal/src/osc/fsl_osc_hal.o  ./SDK/platform/hal/src/mcglite/fsl_mcglite_hal.o ./SDK/platform/hal/src/mcglite/fsl_mcglite_hal_modes.o  ./SDK/platform/hal/src/lpuart/fsl_lpuart_hal.o  ./SDK/platform/hal/src/i2c/fsl_i2c_hal.o  ./SDK/platform/drivers/src/rtc/fsl_rtc_common.o  ./SDK/platform/drivers/src/i2c/fsl_i2c_common.o ./SDK/platform/drivers/src/i2c/fsl_i2c_master_driver.o ./SDK/platform/drivers/src/i2c/fsl_i2c_shared_function.o ./SDK/platform/drivers/src/i2c/fsl_i2c_slave_driver.o  ./SDK/platform/devices/MKL03Z4/startup/gcc/startup_MKL03Z4.o  ./SDK/platform/devices/MKL03Z4/startup/system_MKL03Z4.o  ./SDK/platform/devices/startup.o  ./Generated_Code/Cpu.o ./Generated_Code/clockMan1.o ./Generated_Code/console.o ./Generated_Code/hardware_init.o ./Generated_Code/i2c0.o ./Generated_Code/osa1.o ./Generated_Code/pin_init.o   
'Finished building target: Mercury_Rev_A_Proto.elf'
' '
'Invoking: Cross ARM GNU Print Size'
arm-none-eabi-size --format=berkeley "Mercury_Rev_A_Proto.elf"
   text	   data	    bss	    dec	    hex	filename
  16920	    116	    556	  17592	   44b8	Mercury_Rev_A_Proto.elf
'Finished building: Mercury_Rev_A_Proto.siz'
' '
