Archive member included because of file (symbol)

c:/freescale/kds_3.0.0/toolchain/bin/../lib/gcc/arm-none-eabi/4.8.4/armv6-m\libgcc.a(_udivsi3.o)
                              ./SDK/platform/utilities/src/print_scan.o (__aeabi_uidiv)
c:/freescale/kds_3.0.0/toolchain/bin/../lib/gcc/arm-none-eabi/4.8.4/armv6-m\libgcc.a(_divsi3.o)
                              ./SDK/platform/utilities/src/print_scan.o (__aeabi_idiv)
c:/freescale/kds_3.0.0/toolchain/bin/../lib/gcc/arm-none-eabi/4.8.4/armv6-m\libgcc.a(_dvmd_tls.o)
                              c:/freescale/kds_3.0.0/toolchain/bin/../lib/gcc/arm-none-eabi/4.8.4/armv6-m\libgcc.a(_udivsi3.o) (__aeabi_idiv0)
c:/freescale/kds_3.0.0/toolchain/bin/../lib/gcc/arm-none-eabi/4.8.4/armv6-m\libgcc.a(_aeabi_uldivmod.o)
                              ./Generated_Code/osa1.o (__aeabi_uldivmod)
c:/freescale/kds_3.0.0/toolchain/bin/../lib/gcc/arm-none-eabi/4.8.4/armv6-m\libgcc.a(_muldi3.o)
                              ./Generated_Code/osa1.o (__aeabi_lmul)
c:/freescale/kds_3.0.0/toolchain/bin/../lib/gcc/arm-none-eabi/4.8.4/armv6-m\libgcc.a(bpabi.o)
                              c:/freescale/kds_3.0.0/toolchain/bin/../lib/gcc/arm-none-eabi/4.8.4/armv6-m\libgcc.a(_aeabi_uldivmod.o) (__gnu_uldivmod_helper)
c:/freescale/kds_3.0.0/toolchain/bin/../lib/gcc/arm-none-eabi/4.8.4/armv6-m\libgcc.a(_divdi3.o)
                              c:/freescale/kds_3.0.0/toolchain/bin/../lib/gcc/arm-none-eabi/4.8.4/armv6-m\libgcc.a(bpabi.o) (__divdi3)
c:/freescale/kds_3.0.0/toolchain/bin/../lib/gcc/arm-none-eabi/4.8.4/armv6-m\libgcc.a(_udivdi3.o)
                              c:/freescale/kds_3.0.0/toolchain/bin/../lib/gcc/arm-none-eabi/4.8.4/armv6-m\libgcc.a(bpabi.o) (__udivdi3)
c:/freescale/kds_3.0.0/toolchain/bin/../lib/gcc/arm-none-eabi/4.8.4/armv6-m\libgcc.a(_clzsi2.o)
                              c:/freescale/kds_3.0.0/toolchain/bin/../lib/gcc/arm-none-eabi/4.8.4/armv6-m\libgcc.a(_divdi3.o) (__clzsi2)
c:/freescale/kds_3.0.0/toolchain/bin/../lib/gcc/arm-none-eabi/4.8.4/../../../../arm-none-eabi/lib/armv6-m\libg_s.a(lib_a-assert.o)
                              ./SDK/platform/system/src/interrupt/fsl_interrupt_manager.o (__assert_func)
c:/freescale/kds_3.0.0/toolchain/bin/../lib/gcc/arm-none-eabi/4.8.4/../../../../arm-none-eabi/lib/armv6-m\libg_s.a(lib_a-calloc.o)
                              ./SDK/platform/osa/src/fsl_os_abstraction_bm.o (calloc)
c:/freescale/kds_3.0.0/toolchain/bin/../lib/gcc/arm-none-eabi/4.8.4/../../../../arm-none-eabi/lib/armv6-m\libg_s.a(lib_a-errno.o)
                              ./SDK/platform/utilities/src/fsl_misc_utilities.o (__errno)
c:/freescale/kds_3.0.0/toolchain/bin/../lib/gcc/arm-none-eabi/4.8.4/../../../../arm-none-eabi/lib/armv6-m\libg_s.a(lib_a-exit.o)
                              c:/freescale/kds_3.0.0/toolchain/bin/../lib/gcc/arm-none-eabi/4.8.4/../../../../arm-none-eabi/lib/armv6-m/crt0.o (exit)
c:/freescale/kds_3.0.0/toolchain/bin/../lib/gcc/arm-none-eabi/4.8.4/../../../../arm-none-eabi/lib/armv6-m\libg_s.a(lib_a-fprintf.o)
                              c:/freescale/kds_3.0.0/toolchain/bin/../lib/gcc/arm-none-eabi/4.8.4/../../../../arm-none-eabi/lib/armv6-m\libg_s.a(lib_a-assert.o) (fiprintf)
c:/freescale/kds_3.0.0/toolchain/bin/../lib/gcc/arm-none-eabi/4.8.4/../../../../arm-none-eabi/lib/armv6-m\libg_s.a(lib_a-impure.o)
                              c:/freescale/kds_3.0.0/toolchain/bin/../lib/gcc/arm-none-eabi/4.8.4/../../../../arm-none-eabi/lib/armv6-m\libg_s.a(lib_a-exit.o) (_global_impure_ptr)
c:/freescale/kds_3.0.0/toolchain/bin/../lib/gcc/arm-none-eabi/4.8.4/../../../../arm-none-eabi/lib/armv6-m\libg_s.a(lib_a-init.o)
                              c:/freescale/kds_3.0.0/toolchain/bin/../lib/gcc/arm-none-eabi/4.8.4/../../../../arm-none-eabi/lib/armv6-m/crt0.o (__libc_init_array)
c:/freescale/kds_3.0.0/toolchain/bin/../lib/gcc/arm-none-eabi/4.8.4/../../../../arm-none-eabi/lib/armv6-m\libg_s.a(lib_a-malloc.o)
                              ./SDK/platform/osa/src/fsl_os_abstraction_bm.o (malloc)
c:/freescale/kds_3.0.0/toolchain/bin/../lib/gcc/arm-none-eabi/4.8.4/../../../../arm-none-eabi/lib/armv6-m\libg_s.a(lib_a-memset.o)
                              c:/freescale/kds_3.0.0/toolchain/bin/../lib/gcc/arm-none-eabi/4.8.4/../../../../arm-none-eabi/lib/armv6-m/crt0.o (memset)
c:/freescale/kds_3.0.0/toolchain/bin/../lib/gcc/arm-none-eabi/4.8.4/../../../../arm-none-eabi/lib/armv6-m\libg_s.a(lib_a-nano-callocr.o)
                              c:/freescale/kds_3.0.0/toolchain/bin/../lib/gcc/arm-none-eabi/4.8.4/../../../../arm-none-eabi/lib/armv6-m\libg_s.a(lib_a-calloc.o) (_calloc_r)
c:/freescale/kds_3.0.0/toolchain/bin/../lib/gcc/arm-none-eabi/4.8.4/../../../../arm-none-eabi/lib/armv6-m\libg_s.a(lib_a-nano-freer.o)
                              c:/freescale/kds_3.0.0/toolchain/bin/../lib/gcc/arm-none-eabi/4.8.4/../../../../arm-none-eabi/lib/armv6-m\libg_s.a(lib_a-malloc.o) (_free_r)
[...]
Memory Configuration

Name             Origin             Length             Attributes
m_interrupts     0x00000000         0x00000100         xr
m_flash_config   0x00000400         0x00000010         xr
m_interrupts_ram 0x1ffffe00         0x00000100         rw
m_text           0x00000410         0x00007bf0         xr
m_data           0x1fffff00         0x00000700         rw
*default*        0x00000000         0xffffffff

Linker script and memory map

LOAD c:/freescale/kds_3.0.0/toolchain/bin/../lib/gcc/arm-none-eabi/4.8.4/armv6-m/crti.o
LOAD c:/freescale/kds_3.0.0/toolchain/bin/../lib/gcc/arm-none-eabi/4.8.4/armv6-m/crtbegin.o
LOAD c:/freescale/kds_3.0.0/toolchain/bin/../lib/gcc/arm-none-eabi/4.8.4/../../../../arm-none-eabi/lib/armv6-m/crt0.o
LOAD ./Static_Code/System/PE_low_level_init.o
LOAD ./Sources/Events.o
LOAD ./Sources/main.o
LOAD ./SDK/platform/utilities/src/fsl_debug_console.o
LOAD ./SDK/platform/utilities/src/fsl_misc_utilities.o
LOAD ./SDK/platform/utilities/src/print_scan.o
LOAD ./SDK/platform/system/src/interrupt/fsl_interrupt_manager.o
LOAD ./SDK/platform/system/src/clock/MKL03Z4/fsl_clock_MKL03Z4.o
LOAD ./SDK/platform/system/src/clock/fsl_clock_manager.o
LOAD ./SDK/platform/system/src/clock/fsl_clock_manager_common.o
LOAD ./SDK/platform/osa/src/fsl_os_abstraction_bm.o
LOAD ./SDK/platform/hal/src/sim/MKL03Z4/fsl_sim_hal_MKL03Z4.o
LOAD ./SDK/platform/hal/src/rtc/fsl_rtc_hal.o
LOAD ./SDK/platform/hal/src/port/fsl_port_hal.o
LOAD ./SDK/platform/hal/src/osc/fsl_osc_hal.o
LOAD ./SDK/platform/hal/src/mcglite/fsl_mcglite_hal.o
LOAD ./SDK/platform/hal/src/mcglite/fsl_mcglite_hal_modes.o
LOAD ./SDK/platform/hal/src/lpuart/fsl_lpuart_hal.o
LOAD ./SDK/platform/hal/src/i2c/fsl_i2c_hal.o
LOAD ./SDK/platform/drivers/src/rtc/fsl_rtc_common.o
LOAD ./SDK/platform/drivers/src/i2c/fsl_i2c_common.o
LOAD ./SDK/platform/drivers/src/i2c/fsl_i2c_master_driver.o
LOAD ./SDK/platform/drivers/src/i2c/fsl_i2c_shared_function.o
LOAD ./SDK/platform/drivers/src/i2c/fsl_i2c_slave_driver.o
LOAD ./SDK/platform/devices/MKL03Z4/startup/gcc/startup_MKL03Z4.o
LOAD ./SDK/platform/devices/MKL03Z4/startup/system_MKL03Z4.o
LOAD ./SDK/platform/devices/startup.o
LOAD ./Generated_Code/Cpu.o
LOAD ./Generated_Code/clockMan1.o
LOAD ./Generated_Code/console.o
LOAD ./Generated_Code/hardware_init.o
LOAD ./Generated_Code/i2c0.o
LOAD ./Generated_Code/osa1.o
LOAD ./Generated_Code/pin_init.o
LOAD c:/freescale/kds_3.0.0/toolchain/bin/../lib/gcc/arm-none-eabi/4.8.4/../../../../arm-none-eabi/lib/armv6-m\libstdc++_s.a
LOAD c:/freescale/kds_3.0.0/toolchain/bin/../lib/gcc/arm-none-eabi/4.8.4/../../../../arm-none-eabi/lib/armv6-m\libm.a
START GROUP
LOAD c:/freescale/kds_3.0.0/toolchain/bin/../lib/gcc/arm-none-eabi/4.8.4/armv6-m\libgcc.a
LOAD c:/freescale/kds_3.0.0/toolchain/bin/../lib/gcc/arm-none-eabi/4.8.4/../../../../arm-none-eabi/lib/armv6-m\libg_s.a
LOAD c:/freescale/kds_3.0.0/toolchain/bin/../lib/gcc/arm-none-eabi/4.8.4/../../../../arm-none-eabi/lib/armv6-m\libc_s.a
END GROUP
START GROUP
LOAD c:/freescale/kds_3.0.0/toolchain/bin/../lib/gcc/arm-none-eabi/4.8.4/armv6-m\libgcc.a
LOAD c:/freescale/kds_3.0.0/toolchain/bin/../lib/gcc/arm-none-eabi/4.8.4/../../../../arm-none-eabi/lib/armv6-m\libc_s.a
LOAD c:/freescale/kds_3.0.0/toolchain/bin/../lib/gcc/arm-none-eabi/4.8.4/../../../../arm-none-eabi/lib/armv6-m\libnosys.a
END GROUP
START GROUP
LOAD c:/freescale/kds_3.0.0/toolchain/bin/../lib/gcc/arm-none-eabi/4.8.4/armv6-m\libgcc.a
LOAD c:/freescale/kds_3.0.0/toolchain/bin/../lib/gcc/arm-none-eabi/4.8.4/../../../../arm-none-eabi/lib/armv6-m\libc_s.a
LOAD c:/freescale/kds_3.0.0/toolchain/bin/../lib/gcc/arm-none-eabi/4.8.4/../../../../arm-none-eabi/lib/armv6-m\libnosys.a
END GROUP
LOAD c:/freescale/kds_3.0.0/toolchain/bin/../lib/gcc/arm-none-eabi/4.8.4/armv6-m/crtend.o
LOAD c:/freescale/kds_3.0.0/toolchain/bin/../lib/gcc/arm-none-eabi/4.8.4/armv6-m/crtn.o
                0x00000000                HEAP_SIZE = DEFINED (__heap_size__)?__heap_size__:0x0
                0x00000050                STACK_SIZE = DEFINED (__stack_size__)?__stack_size__:0x50

.interrupts     0x00000000       0xc0
                0x00000000                __VECTOR_TABLE = .
                0x00000000                . = ALIGN (0x4)
 *(.isr_vector)
 .isr_vector    0x00000000       0xc0 ./SDK/platform/devices/MKL03Z4/startup/gcc/startup_MKL03Z4.o
                0x00000000                __isr_vector
                0x000000c0                . = ALIGN (0x4)
                0x1ffffe00                __VECTOR_RAM = ORIGIN (m_interrupts_ram)

.flash_config   0x00000400       0x10
                0x00000400                . = ALIGN (0x4)
 *(.FlashConfig)
 .FlashConfig   0x00000400       0x10 ./SDK/platform/devices/MKL03Z4/startup/gcc/startup_MKL03Z4.o
                0x00000410                . = ALIGN (0x4)

.text           0x00000410     0x4140
                0x00000410                . = ALIGN (0x4)
 *(.text)
 .text          0x00000410       0x60 c:/freescale/kds_3.0.0/toolchain/bin/../lib/gcc/arm-none-eabi/4.8.4/armv6-m/crtbegin.o
 .text          0x00000470       0x78 c:/freescale/kds_3.0.0/toolchain/bin/../lib/gcc/arm-none-eabi/4.8.4/../../../../arm-none-eabi/lib/armv6-m/crt0.o
                0x00000470                _start
                0x00000470                _mainCRTStartup
 .text          0x000004e8       0x18 ./SDK/platform/devices/MKL03Z4/startup/gcc/startup_MKL03Z4.o
                0x000004e8                Reset_Handler
                0x000004f8                Reserved16_IRQHandler
                0x000004f8                HardFault_Handler
                0x000004f8                PendSV_Handler
                0x000004f8                NMI_Handler
                0x000004f8                Reserved19_IRQHandler
                0x000004f8                Reserved29_IRQHandler
                0x000004f8                TPM0_IRQHandler
                0x000004f8                LLWU_IRQHandler
                0x000004f8                Reserved42_IRQHandler
                0x000004f8                ADC0_IRQHandler
                0x000004f8                Reserved39_IRQHandler
                0x000004f8                DefaultISR
                0x000004f8                Reserved25_IRQHandler
                0x000004f8                PORTB_IRQHandler
                0x000004f8                Reserved43_IRQHandler
                0x000004f8                RTC_IRQHandler
                0x000004f8                Reserved18_IRQHandler
                0x000004f8                Reserved27_IRQHandler
                0x000004f8                RTC_Seconds_IRQHandler
                0x000004f8                Reserved35_IRQHandler
                0x000004f8                Reserved20_IRQHandler
                0x000004f8                Reserved17_IRQHandler
                0x000004f8                Reserved41_IRQHandler
                0x000004f8                SVC_Handler
                0x000004f8                LPUART0_IRQHandler
                0x000004f8                Reserved45_IRQHandler
                0x000004f8                Reserved30_IRQHandler
                0x000004f8                PMC_IRQHandler
                0x000004f8                TPM1_IRQHandler
                0x000004f8                SPI0_IRQHandler
                0x000004f8                PORTA_IRQHandler
                0x000004f8                FTFA_IRQHandler
                0x000004f8                Reserved40_IRQHandler
                0x000004f8                Reserved38_IRQHandler
                0x000004f8                LPTMR0_IRQHandler
                0x000004f8                CMP0_IRQHandler
 .text          0x00000500       0x9c c:/freescale/kds_3.0.0/toolchain/bin/../lib/gcc/arm-none-eabi/4.8.4/armv6-m\libgcc.a(_udivsi3.o)
                0x00000500                __aeabi_uidiv
                0x00000500                __udivsi3
                0x00000588                __aeabi_uidivmod
 .text          0x0000059c        0x4 c:/freescale/kds_3.0.0/toolchain/bin/../lib/gcc/arm-none-eabi/4.8.4/armv6-m\libgcc.a(_dvmd_tls.o)
                0x0000059c                __aeabi_idiv0
                0x0000059c                __aeabi_ldiv0
 .text          0x000005a0       0x40 c:/freescale/kds_3.0.0/toolchain/bin/../lib/gcc/arm-none-eabi/4.8.4/armv6-m\libgcc.a(_aeabi_uldivmod.o)
                0x000005a0                __aeabi_uldivmod
 .text          0x000005e0       0x44 c:/freescale/kds_3.0.0/toolchain/bin/../lib/gcc/arm-none-eabi/4.8.4/armv6-m\libgcc.a(_muldi3.o)
                0x000005e0                __muldi3
                0x000005e0                __aeabi_lmul
 .text          0x00000624       0x6c c:/freescale/kds_3.0.0/toolchain/bin/../lib/gcc/arm-none-eabi/4.8.4/armv6-m\libgcc.a(bpabi.o)
                0x00000624                __gnu_ldivmod_helper
                0x0000065c                __gnu_uldivmod_helper
 .text          0x00000690      0x3b8 c:/freescale/kds_3.0.0/toolchain/bin/../lib/gcc/arm-none-eabi/4.8.4/armv6-m\libgcc.a(_divdi3.o)
                0x00000690                __divdi3
 .text          0x00000a48      0x384 c:/freescale/kds_3.0.0/toolchain/bin/../lib/gcc/arm-none-eabi/4.8.4/armv6-m\libgcc.a(_udivdi3.o)
                0x00000a48                __udivdi3
 .text          0x00000dcc       0x3c c:/freescale/kds_3.0.0/toolchain/bin/../lib/gcc/arm-none-eabi/4.8.4/armv6-m\libgcc.a(_clzsi2.o)
                0x00000dcc                __clzsi2
 *(.text*)
 .text.PEX_components_init
                0x00000e08        0xc ./Static_Code/System/PE_low_level_init.o
                0x00000e08                PEX_components_init
 .text.PE_low_level_init
                0x00000e14       0x14 ./Static_Code/System/PE_low_level_init.o
                0x00000e14                PE_low_level_init
 .text.I2C0_IRQHandler
                0x00000e28       0x10 ./Sources/Events.o
                0x00000e28                I2C0_IRQHandler
 .text.main     0x00000e38       0x10 ./Sources/main.o
                0x00000e38                main
 .text.LPUART_HAL_SetTransmitterCmd
                0x00000e48       0x28 ./SDK/platform/utilities/src/fsl_debug_console.o
 .text.LPUART_HAL_SetReceiverCmd
                0x00000e70       0x28 ./SDK/platform/utilities/src/fsl_debug_console.o
 .text.LPUART_HAL_SetStopBitCount
                0x00000e98       0x24 ./SDK/platform/utilities/src/fsl_debug_console.o
 .text.DbgConsole_Init
                0x00000ebc       0xd8 ./SDK/platform/utilities/src/fsl_debug_console.o
                0x00000ebc                DbgConsole_Init
 .text._write   0x00000f94       0x5c ./SDK/platform/utilities/src/fsl_debug_console.o
                0x00000f94                _write
 .text._read    0x00000ff0       0x48 ./SDK/platform/utilities/src/fsl_debug_console.o
                0x00000ff0                _read
 .text._sbrk    0x00001038       0x5c ./SDK/platform/utilities/src/fsl_misc_utilities.o
                0x00001038                _sbrk
 .text.INT_SYS_EnableIRQGlobal
                0x00001094       0x2c ./SDK/platform/system/src/interrupt/fsl_interrupt_manager.o
                0x00001094                INT_SYS_EnableIRQGlobal
 .text.INT_SYS_DisableIRQGlobal
                0x000010c0       0x18 ./SDK/platform/system/src/interrupt/fsl_interrupt_manager.o
                0x000010c0                INT_SYS_DisableIRQGlobal
 .text.SIM_HAL_EnableClock
                0x000010d8       0x58 ./SDK/platform/system/src/clock/MKL03Z4/fsl_clock_MKL03Z4.o
 .text.CLOCK_HAL_GetLpuartSrc
                0x00001130       0x28 ./SDK/platform/system/src/clock/MKL03Z4/fsl_clock_MKL03Z4.o
 .text.CLOCK_HAL_GetOutDiv1
                0x00001158       0x28 ./SDK/platform/system/src/clock/MKL03Z4/fsl_clock_MKL03Z4.o
 .text.CLOCK_HAL_GetOutDiv4
                0x00001180       0x28 ./SDK/platform/system/src/clock/MKL03Z4/fsl_clock_MKL03Z4.o
 .text.OSC_HAL_GetExternalRefClkCmd
                0x000011a8       0x24 ./SDK/platform/system/src/clock/MKL03Z4/fsl_clock_MKL03Z4.o
 .text.CLOCK_SYS_GetCoreClockFreq
                0x000011cc       0x34 ./SDK/platform/system/src/clock/MKL03Z4/fsl_clock_MKL03Z4.o
                0x000011cc                CLOCK_SYS_GetCoreClockFreq
 .text.CLOCK_SYS_GetSystemClockFreq
                0x00001200       0x34 ./SDK/platform/system/src/clock/MKL03Z4/fsl_clock_MKL03Z4.o
                0x00001200                CLOCK_SYS_GetSystemClockFreq
 .text.CLOCK_SYS_GetBusClockFreq
                0x00001234       0x2c ./SDK/platform/system/src/clock/MKL03Z4/fsl_clock_MKL03Z4.o
                0x00001234                CLOCK_SYS_GetBusClockFreq
 .text.CLOCK_SYS_GetOsc0ExternalRefClockFreq
                0x00001260       0x2c ./SDK/platform/system/src/clock/MKL03Z4/fsl_clock_MKL03Z4.o
                0x00001260                CLOCK_SYS_GetOsc0ExternalRefClockFreq
 .text.CLOCK_SYS_GetLpuartFreq
                0x0000128c       0x68 ./SDK/platform/system/src/clock/MKL03Z4/fsl_clock_MKL03Z4.o
                0x0000128c                CLOCK_SYS_GetLpuartFreq
 .text.CLOCK_SYS_EnableI2cClock
                0x000012f4       0x48 ./SDK/platform/system/src/clock/MKL03Z4/fsl_clock_MKL03Z4.o
                0x000012f4                CLOCK_SYS_EnableI2cClock
 .text.CLOCK_SYS_EnableLpuartClock
                0x0000133c       0x40 ./SDK/platform/system/src/clock/MKL03Z4/fsl_clock_MKL03Z4.o
                0x0000133c                CLOCK_SYS_EnableLpuartClock
 .text.CLOCK_SYS_GetSystickFreq
                0x0000137c       0x28 ./SDK/platform/system/src/clock/fsl_clock_manager.o
                0x0000137c                CLOCK_SYS_GetSystickFreq
 .text.OSA_SemaCreate
                0x000013a4       0x54 ./SDK/platform/osa/src/fsl_os_abstraction_bm.o
                0x000013a4                OSA_SemaCreate
 .text.OSA_SemaPost
                0x000013f8       0x58 ./SDK/platform/osa/src/fsl_os_abstraction_bm.o
                0x000013f8                OSA_SemaPost
 .text.OSA_EventSet
                0x00001450       0x4c ./SDK/platform/osa/src/fsl_os_abstraction_bm.o
                0x00001450                OSA_EventSet
 .text.task_init
                0x0000149c       0x60 ./SDK/platform/osa/src/fsl_os_abstraction_bm.o
                0x0000149c                task_init
 .text.OSA_Init
                0x000014fc       0x14 ./SDK/platform/osa/src/fsl_os_abstraction_bm.o
                0x000014fc                OSA_Init
 .text.OSA_Start
                0x00001510       0x38 ./SDK/platform/osa/src/fsl_os_abstraction_bm.o
                0x00001510                OSA_Start
 .text.CLOCK_HAL_GetClkSrcStat
                0x00001548       0x20 ./SDK/platform/hal/src/mcglite/fsl_mcglite_hal.o
 .text.CLOCK_HAL_GetLircClk
                0x00001568       0x54 ./SDK/platform/hal/src/mcglite/fsl_mcglite_hal.o
                0x00001568                CLOCK_HAL_GetLircClk
 .text.CLOCK_HAL_GetInternalRefClk
                0x000015bc       0x5c ./SDK/platform/hal/src/mcglite/fsl_mcglite_hal.o
                0x000015bc                CLOCK_HAL_GetInternalRefClk
 .text.CLOCK_HAL_GetOutClk
                0x00001618       0x74 ./SDK/platform/hal/src/mcglite/fsl_mcglite_hal.o
                0x00001618                CLOCK_HAL_GetOutClk
 .text.LPUART_HAL_Putchar
                0x0000168c       0x1c ./SDK/platform/hal/src/lpuart/fsl_lpuart_hal.o
 .text.LPUART_HAL_Getchar
                0x000016a8       0x1c ./SDK/platform/hal/src/lpuart/fsl_lpuart_hal.o
 .text.LPUART_HAL_SetBaudRate
                0x000016c4      0x170 ./SDK/platform/hal/src/lpuart/fsl_lpuart_hal.o
                0x000016c4                LPUART_HAL_SetBaudRate
 .text.LPUART_HAL_SetBitCountPerChar
                0x00001834       0x4c ./SDK/platform/hal/src/lpuart/fsl_lpuart_hal.o
                0x00001834                LPUART_HAL_SetBitCountPerChar
 .text.LPUART_HAL_SetParityMode
                0x00001880       0x40 ./SDK/platform/hal/src/lpuart/fsl_lpuart_hal.o
                0x00001880                LPUART_HAL_SetParityMode
 .text.LPUART_HAL_SendDataPolling
                0x000018c0       0x44 ./SDK/platform/hal/src/lpuart/fsl_lpuart_hal.o
                0x000018c0                LPUART_HAL_SendDataPolling
 .text.LPUART_HAL_ReceiveDataPolling
                0x00001904       0x84 ./SDK/platform/hal/src/lpuart/fsl_lpuart_hal.o
                0x00001904                LPUART_HAL_ReceiveDataPolling
 .text.I2C_HAL_GetStatusFlag
                0x00001988       0x34 ./SDK/platform/hal/src/i2c/fsl_i2c_hal.o
 .text.I2C_HAL_Init
                0x000019bc       0x50 ./SDK/platform/hal/src/i2c/fsl_i2c_hal.o
                0x000019bc                I2C_HAL_Init
 .text.I2C_HAL_SetBaudRate
                0x00001a0c       0xe0 ./SDK/platform/hal/src/i2c/fsl_i2c_hal.o
                0x00001a0c                I2C_HAL_SetBaudRate
 .text.I2C_HAL_SendStop
                0x00001aec       0x78 ./SDK/platform/hal/src/i2c/fsl_i2c_hal.o
                0x00001aec                I2C_HAL_SendStop
 .text.NVIC_EnableIRQ
                0x00001b64       0x2c ./SDK/platform/drivers/src/i2c/fsl_i2c_master_driver.o
 .text.I2C_HAL_Enable
                0x00001b90       0x1c ./SDK/platform/drivers/src/i2c/fsl_i2c_master_driver.o
 .text.I2C_HAL_SendAck
                0x00001bac       0x1c ./SDK/platform/drivers/src/i2c/fsl_i2c_master_driver.o
 .text.I2C_HAL_SendNak
                0x00001bc8       0x1c ./SDK/platform/drivers/src/i2c/fsl_i2c_master_driver.o
 .text.I2C_HAL_GetDirMode
                0x00001be4       0x20 ./SDK/platform/drivers/src/i2c/fsl_i2c_master_driver.o
 .text.I2C_HAL_ReadByte
                0x00001c04       0x18 ./SDK/platform/drivers/src/i2c/fsl_i2c_master_driver.o
 .text.I2C_HAL_WriteByte
                0x00001c1c       0x30 ./SDK/platform/drivers/src/i2c/fsl_i2c_master_driver.o
 .text.I2C_HAL_GetStatusFlag
                0x00001c4c       0x34 ./SDK/platform/drivers/src/i2c/fsl_i2c_master_driver.o
 .text.I2C_HAL_IsMaster
                0x00001c80       0x24 ./SDK/platform/drivers/src/i2c/fsl_i2c_master_driver.o
 .text.I2C_HAL_ClearArbitrationLost
                0x00001ca4       0x14 ./SDK/platform/drivers/src/i2c/fsl_i2c_master_driver.o
 .text.I2C_HAL_SetIntCmd
                0x00001cb8       0x28 ./SDK/platform/drivers/src/i2c/fsl_i2c_master_driver.o
 .text.I2C_HAL_ClearInt
                0x00001ce0       0x14 ./SDK/platform/drivers/src/i2c/fsl_i2c_master_driver.o
 .text.CLOCK_SYS_GetI2cFreq
                0x00001cf4       0x18 ./SDK/platform/drivers/src/i2c/fsl_i2c_master_driver.o
 .text.INT_SYS_EnableIRQ
                0x00001d0c       0x5c ./SDK/platform/drivers/src/i2c/fsl_i2c_master_driver.o
 .text.I2C_DRV_MasterInit
                0x00001d68       0xc4 ./SDK/platform/drivers/src/i2c/fsl_i2c_master_driver.o
                0x00001d68                I2C_DRV_MasterInit
 .text.I2C_DRV_MasterSetBaudRate
                0x00001e2c       0x98 ./SDK/platform/drivers/src/i2c/fsl_i2c_master_driver.o
                0x00001e2c                I2C_DRV_MasterSetBaudRate
 .text.I2C_DRV_MasterIRQHandler
                0x00001ec4      0x180 ./SDK/platform/drivers/src/i2c/fsl_i2c_master_driver.o
                0x00001ec4                I2C_DRV_MasterIRQHandler
 .text.I2C_DRV_CompleteTransfer
                0x00002044       0x98 ./SDK/platform/drivers/src/i2c/fsl_i2c_master_driver.o
 .text.I2C_HAL_GetStatusFlag
                0x000020dc       0x34 ./SDK/platform/drivers/src/i2c/fsl_i2c_shared_function.o
 .text.I2C_HAL_IsMaster
                0x00002110       0x24 ./SDK/platform/drivers/src/i2c/fsl_i2c_shared_function.o
 .text.I2C_DRV_IRQHandler
                0x00002134       0x78 ./SDK/platform/drivers/src/i2c/fsl_i2c_shared_function.o
                0x00002134                I2C_DRV_IRQHandler
 .text.I2C_HAL_SetDirMode
                0x000021ac       0x28 ./SDK/platform/drivers/src/i2c/fsl_i2c_slave_driver.o
 .text.I2C_HAL_GetDirMode
                0x000021d4       0x20 ./SDK/platform/drivers/src/i2c/fsl_i2c_slave_driver.o
 .text.I2C_HAL_ReadByte
                0x000021f4       0x18 ./SDK/platform/drivers/src/i2c/fsl_i2c_slave_driver.o
 .text.I2C_HAL_WriteByte
                0x0000220c       0x30 ./SDK/platform/drivers/src/i2c/fsl_i2c_slave_driver.o
 .text.I2C_HAL_GetStatusFlag
                0x0000223c       0x34 ./SDK/platform/drivers/src/i2c/fsl_i2c_slave_driver.o
 .text.I2C_HAL_SetIntCmd
                0x00002270       0x28 ./SDK/platform/drivers/src/i2c/fsl_i2c_slave_driver.o
 .text.I2C_HAL_ClearInt
                0x00002298       0x14 ./SDK/platform/drivers/src/i2c/fsl_i2c_slave_driver.o
 .text.I2C_HAL_GetStopFlag
                0x000022ac       0x24 ./SDK/platform/drivers/src/i2c/fsl_i2c_slave_driver.o
 .text.I2C_HAL_ClearStopFlag
                0x000022d0       0x1c ./SDK/platform/drivers/src/i2c/fsl_i2c_slave_driver.o
 .text.I2C_HAL_GetStartStopIntCmd
                0x000022ec       0x24 ./SDK/platform/drivers/src/i2c/fsl_i2c_slave_driver.o
 .text.I2C_HAL_GetStartFlag
                0x00002310       0x24 ./SDK/platform/drivers/src/i2c/fsl_i2c_slave_driver.o
 .text.I2C_HAL_ClearStartFlag
                0x00002334       0x1c ./SDK/platform/drivers/src/i2c/fsl_i2c_slave_driver.o
 .text.I2C_DRV_SlaveIRQHandler
                0x00002350      0x3d4 ./SDK/platform/drivers/src/i2c/fsl_i2c_slave_driver.o
                0x00002350                I2C_DRV_SlaveIRQHandler
 .text.SystemInit
                0x00002724       0xc4 ./SDK/platform/devices/MKL03Z4/startup/system_MKL03Z4.o
                0x00002724                SystemInit
 .text.init_data_bss
                0x000027e8       0xc8 ./SDK/platform/devices/startup.o
                0x000027e8                init_data_bss
 .text.CLOCK_HAL_SetLpuartSrc
                0x000028b0       0x30 ./Generated_Code/Cpu.o
 .text.CLOCK_SYS_SetLpuartSrc
                0x000028e0       0x2c ./Generated_Code/Cpu.o
 .text.Components_Init
                0x0000290c       0x3c ./Generated_Code/Cpu.o
                0x0000290c                Components_Init
 .text.SIM_HAL_EnableClock
                0x00002948       0x58 ./Generated_Code/hardware_init.o
 .text.hardware_init
                0x000029a0       0x4c ./Generated_Code/hardware_init.o
                0x000029a0                hardware_init
 .text.NVIC_SetPriority
                0x000029ec       0xe0 ./Generated_Code/osa1.o
 .text.CLOCK_SYS_SetSystickSrc
                0x00002acc       0x30 ./Generated_Code/osa1.o
 .text.SysTick_Handler
                0x00002afc       0x1c ./Generated_Code/osa1.o
                0x00002afc                SysTick_Handler
 .text.OSA_TimeInit
                0x00002b18       0xa0 ./Generated_Code/osa1.o
                0x00002b18                OSA_TimeInit
 .text.PORT_HAL_SetMuxMode
                0x00002bb8       0x4c ./Generated_Code/pin_init.o
 .text.SIM_HAL_SetLpuartRxSrcMode
                0x00002c04       0x2c ./Generated_Code/pin_init.o
 .text.init_coredebug_pins
                0x00002c30       0x2c ./Generated_Code/pin_init.o
                0x00002c30                init_coredebug_pins
 .text.init_i2c_pins
                0x00002c5c       0x2c ./Generated_Code/pin_init.o
                0x00002c5c                init_i2c_pins
 .text.init_lpuart_pins
                0x00002c88       0x3c ./Generated_Code/pin_init.o
                0x00002c88                init_lpuart_pins
 .text.init_osc_pins
                0x00002cc4       0x2c ./Generated_Code/pin_init.o
                0x00002cc4                init_osc_pins
 .text.init_rcm_pins
                0x00002cf0       0x20 ./Generated_Code/pin_init.o
                0x00002cf0                init_rcm_pins
 .text.__assert_func
                0x00002d10       0x3c c:/freescale/kds_3.0.0/toolchain/bin/../lib/gcc/arm-none-eabi/4.8.4/../../../../arm-none-eabi/lib/armv6-m\libg_s.a(lib_a-assert.o)
                0x00002d10                __assert_func
 .text.__errno  0x00002d4c        0xc c:/freescale/kds_3.0.0/toolchain/bin/../lib/gcc/arm-none-eabi/4.8.4/../../../../arm-none-eabi/lib/armv6-m\libg_s.a(lib_a-errno.o)
                0x00002d4c                __errno
 .text.exit     0x00002d58       0x2c c:/freescale/kds_3.0.0/toolchain/bin/../lib/gcc/arm-none-eabi/4.8.4/../../../../arm-none-eabi/lib/armv6-m\libg_s.a(lib_a-exit.o)
                0x00002d58                exit
 .text.fprintf  0x00002d84       0x24 c:/freescale/kds_3.0.0/toolchain/bin/../lib/gcc/arm-none-eabi/4.8.4/../../../../arm-none-eabi/lib/armv6-m\libg_s.a(lib_a-fprintf.o)
                0x00002d84                fiprintf
                0x00002d84                fprintf
 .text.__libc_init_array
                0x00002da8       0x4c c:/freescale/kds_3.0.0/toolchain/bin/../lib/gcc/arm-none-eabi/4.8.4/../../../../arm-none-eabi/lib/armv6-m\libg_s.a(lib_a-init.o)
                0x00002da8                __libc_init_array
 .text.memset   0x00002df4       0x10 c:/freescale/kds_3.0.0/toolchain/bin/../lib/gcc/arm-none-eabi/4.8.4/../../../../arm-none-eabi/lib/armv6-m\libg_s.a(lib_a-memset.o)
                0x00002df4                memset
 .text._free_r  0x00002e04       0x90 c:/freescale/kds_3.0.0/toolchain/bin/../lib/gcc/arm-none-eabi/4.8.4/../../../../arm-none-eabi/lib/armv6-m\libg_s.a(lib_a-nano-freer.o)
                0x00002e04                _free_r
 .text._malloc_r
                0x00002e94       0xa8 c:/freescale/kds_3.0.0/toolchain/bin/../lib/gcc/arm-none-eabi/4.8.4/../../../../arm-none-eabi/lib/armv6-m\libg_s.a(lib_a-nano-mallocr.o)
                0x00002e94                _malloc_r
 .text._sbrk_r  0x00002f3c       0x24 c:/freescale/kds_3.0.0/toolchain/bin/../lib/gcc/arm-none-eabi/4.8.4/../../../../arm-none-eabi/lib/armv6-m\libg_s.a(lib_a-sbrkr.o)
                0x00002f3c                _sbrk_r
 .text.strlen   0x00002f60        0xe c:/freescale/kds_3.0.0/toolchain/bin/../lib/gcc/arm-none-eabi/4.8.4/../../../../arm-none-eabi/lib/armv6-m\libg_s.a(lib_a-strlen.o)
                0x00002f60                strlen
 .text.__sfputc_r
                0x00002f6e       0x2a c:/freescale/kds_3.0.0/toolchain/bin/../lib/gcc/arm-none-eabi/4.8.4/../../../../arm-none-eabi/lib/armv6-m\libg_s.a(lib_a-vfprintf.o)
 .text.__sfputs_r
                0x00002f98       0x24 c:/freescale/kds_3.0.0/toolchain/bin/../lib/gcc/arm-none-eabi/4.8.4/../../../../arm-none-eabi/lib/armv6-m\libg_s.a(lib_a-vfprintf.o)
                0x00002f98                __sfputs_r
 .text._vfprintf_r
                0x00002fbc      0x210 c:/freescale/kds_3.0.0/toolchain/bin/../lib/gcc/arm-none-eabi/4.8.4/../../../../arm-none-eabi/lib/armv6-m\libg_s.a(lib_a-vfprintf.o)
                0x00002fbc                _vfprintf_r
                0x00002fbc                _vfiprintf_r
 .text._printf_common
                0x000031cc       0xe8 c:/freescale/kds_3.0.0/toolchain/bin/../lib/gcc/arm-none-eabi/4.8.4/../../../../arm-none-eabi/lib/armv6-m\libg_s.a(lib_a-vfprintf_i.o)
                0x000031cc                _printf_common
 .text._printf_i
                0x000032b4      0x22c c:/freescale/kds_3.0.0/toolchain/bin/../lib/gcc/arm-none-eabi/4.8.4/../../../../arm-none-eabi/lib/armv6-m\libg_s.a(lib_a-vfprintf_i.o)
                0x000032b4                _printf_i
 .text.__swbuf_r
                0x000034e0       0xb0 c:/freescale/kds_3.0.0/toolchain/bin/../lib/gcc/arm-none-eabi/4.8.4/../../../../arm-none-eabi/lib/armv6-m\libg_s.a(lib_a-wbuf.o)
                0x000034e0                __swbuf_r
 .text.__swsetup_r
                0x00003590       0xe4 c:/freescale/kds_3.0.0/toolchain/bin/../lib/gcc/arm-none-eabi/4.8.4/../../../../arm-none-eabi/lib/armv6-m\libg_s.a(lib_a-wsetup.o)
                0x00003590                __swsetup_r
 .text.abort    0x00003674        0xe c:/freescale/kds_3.0.0/toolchain/bin/../lib/gcc/arm-none-eabi/4.8.4/../../../../arm-none-eabi/lib/armv6-m\libg_s.a(lib_a-abort.o)
                0x00003674                abort
 .text.__sflush_r
                0x00003682      0x112 c:/freescale/kds_3.0.0/toolchain/bin/../lib/gcc/arm-none-eabi/4.8.4/../../../../arm-none-eabi/lib/armv6-m\libg_s.a(lib_a-fflush.o)
                0x00003682                __sflush_r
 .text._fflush_r
                0x00003794       0x58 c:/freescale/kds_3.0.0/toolchain/bin/../lib/gcc/arm-none-eabi/4.8.4/../../../../arm-none-eabi/lib/armv6-m\libg_s.a(lib_a-fflush.o)
                0x00003794                _fflush_r
 .text._cleanup_r
                0x000037ec       0x34 c:/freescale/kds_3.0.0/toolchain/bin/../lib/gcc/arm-none-eabi/4.8.4/../../../../arm-none-eabi/lib/armv6-m\libg_s.a(lib_a-findfp.o)
                0x000037ec                _cleanup_r
 .text.std.isra.0
                0x00003820       0x48 c:/freescale/kds_3.0.0/toolchain/bin/../lib/gcc/arm-none-eabi/4.8.4/../../../../arm-none-eabi/lib/armv6-m\libg_s.a(lib_a-findfp.o)
 .text.__sfmoreglue
                0x00003868       0x2c c:/freescale/kds_3.0.0/toolchain/bin/../lib/gcc/arm-none-eabi/4.8.4/../../../../arm-none-eabi/lib/armv6-m\libg_s.a(lib_a-findfp.o)
                0x00003868                __sfmoreglue
 .text.__sinit  0x00003894       0x64 c:/freescale/kds_3.0.0/toolchain/bin/../lib/gcc/arm-none-eabi/4.8.4/../../../../arm-none-eabi/lib/armv6-m\libg_s.a(lib_a-findfp.o)
                0x00003894                __sinit
 .text.__sfp    0x000038f8       0x7c c:/freescale/kds_3.0.0/toolchain/bin/../lib/gcc/arm-none-eabi/4.8.4/../../../../arm-none-eabi/lib/armv6-m\libg_s.a(lib_a-findfp.o)
                0x000038f8                __sfp
 .text.__smakebuf_r
                0x00003974       0xa0 c:/freescale/kds_3.0.0/toolchain/bin/../lib/gcc/arm-none-eabi/4.8.4/../../../../arm-none-eabi/lib/armv6-m\libg_s.a(lib_a-makebuf.o)
                0x00003974                __smakebuf_r
 .text.memchr   0x00003a14       0x16 c:/freescale/kds_3.0.0/toolchain/bin/../lib/gcc/arm-none-eabi/4.8.4/../../../../arm-none-eabi/lib/armv6-m\libg_s.a(lib_a-memchr-stub.o)
                0x00003a14                memchr
 .text._raise_r
                0x00003a2a       0x56 c:/freescale/kds_3.0.0/toolchain/bin/../lib/gcc/arm-none-eabi/4.8.4/../../../../arm-none-eabi/lib/armv6-m\libg_s.a(lib_a-signal.o)
                0x00003a2a                _raise_r
 .text.raise    0x00003a80       0x14 c:/freescale/kds_3.0.0/toolchain/bin/../lib/gcc/arm-none-eabi/4.8.4/../../../../arm-none-eabi/lib/armv6-m\libg_s.a(lib_a-signal.o)
                0x00003a80                raise
 .text._kill_r  0x00003a94       0x24 c:/freescale/kds_3.0.0/toolchain/bin/../lib/gcc/arm-none-eabi/4.8.4/../../../../arm-none-eabi/lib/armv6-m\libg_s.a(lib_a-signalr.o)
                0x00003a94                _kill_r
 .text._getpid_r
                0x00003ab8        0x8 c:/freescale/kds_3.0.0/toolchain/bin/../lib/gcc/arm-none-eabi/4.8.4/../../../../arm-none-eabi/lib/armv6-m\libg_s.a(lib_a-signalr.o)
                0x00003ab8                _getpid_r
 .text.__sread  0x00003ac0       0x28 c:/freescale/kds_3.0.0/toolchain/bin/../lib/gcc/arm-none-eabi/4.8.4/../../../../arm-none-eabi/lib/armv6-m\libg_s.a(lib_a-stdio.o)
                0x00003ac0                __sread
 .text.__swrite
                0x00003ae8       0x38 c:/freescale/kds_3.0.0/toolchain/bin/../lib/gcc/arm-none-eabi/4.8.4/../../../../arm-none-eabi/lib/armv6-m\libg_s.a(lib_a-stdio.o)
                0x00003ae8                __swrite
 .text.__sseek  0x00003b20       0x2c c:/freescale/kds_3.0.0/toolchain/bin/../lib/gcc/arm-none-eabi/4.8.4/../../../../arm-none-eabi/lib/armv6-m\libg_s.a(lib_a-stdio.o)
                0x00003b20                __sseek
 .text.__sclose
                0x00003b4c        0xc c:/freescale/kds_3.0.0/toolchain/bin/../lib/gcc/arm-none-eabi/4.8.4/../../../../arm-none-eabi/lib/armv6-m\libg_s.a(lib_a-stdio.o)
                0x00003b4c                __sclose
 .text._write_r
                0x00003b58       0x28 c:/freescale/kds_3.0.0/toolchain/bin/../lib/gcc/arm-none-eabi/4.8.4/../../../../arm-none-eabi/lib/armv6-m\libg_s.a(lib_a-writer.o)
                0x00003b58                _write_r
 .text._close_r
                0x00003b80       0x24 c:/freescale/kds_3.0.0/toolchain/bin/../lib/gcc/arm-none-eabi/4.8.4/../../../../arm-none-eabi/lib/armv6-m\libg_s.a(lib_a-closer.o)
                0x00003b80                _close_r
 .text._fstat_r
                0x00003ba4       0x24 c:/freescale/kds_3.0.0/toolchain/bin/../lib/gcc/arm-none-eabi/4.8.4/../../../../arm-none-eabi/lib/armv6-m\libg_s.a(lib_a-fstatr.o)
                0x00003ba4                _fstat_r
 .text._isatty_r
                0x00003bc8       0x24 c:/freescale/kds_3.0.0/toolchain/bin/../lib/gcc/arm-none-eabi/4.8.4/../../../../arm-none-eabi/lib/armv6-m\libg_s.a(lib_a-isattyr.o)
                0x00003bc8                _isatty_r
 .text._lseek_r
                0x00003bec       0x28 c:/freescale/kds_3.0.0/toolchain/bin/../lib/gcc/arm-none-eabi/4.8.4/../../../../arm-none-eabi/lib/armv6-m\libg_s.a(lib_a-lseekr.o)
                0x00003bec                _lseek_r
 .text._read_r  0x00003c14       0x28 c:/freescale/kds_3.0.0/toolchain/bin/../lib/gcc/arm-none-eabi/4.8.4/../../../../arm-none-eabi/lib/armv6-m\libg_s.a(lib_a-readr.o)
                0x00003c14                _read_r
 .text._close   0x00003c3c       0x10 c:/freescale/kds_3.0.0/toolchain/bin/../lib/gcc/arm-none-eabi/4.8.4/../../../../arm-none-eabi/lib/armv6-m\libnosys.a(close.o)
                0x00003c3c                _close
 .text._fstat   0x00003c4c       0x10 c:/freescale/kds_3.0.0/toolchain/bin/../lib/gcc/arm-none-eabi/4.8.4/../../../../arm-none-eabi/lib/armv6-m\libnosys.a(fstat.o)
                0x00003c4c                _fstat
 .text._getpid  0x00003c5c       0x10 c:/freescale/kds_3.0.0/toolchain/bin/../lib/gcc/arm-none-eabi/4.8.4/../../../../arm-none-eabi/lib/armv6-m\libnosys.a(getpid.o)
                0x00003c5c                _getpid
 .text._isatty  0x00003c6c       0x10 c:/freescale/kds_3.0.0/toolchain/bin/../lib/gcc/arm-none-eabi/4.8.4/../../../../arm-none-eabi/lib/armv6-m\libnosys.a(isatty.o)
                0x00003c6c                _isatty
 .text._kill    0x00003c7c       0x10 c:/freescale/kds_3.0.0/toolchain/bin/../lib/gcc/arm-none-eabi/4.8.4/../../../../arm-none-eabi/lib/armv6-m\libnosys.a(kill.o)
                0x00003c7c                _kill
 .text._lseek   0x00003c8c       0x10 c:/freescale/kds_3.0.0/toolchain/bin/../lib/gcc/arm-none-eabi/4.8.4/../../../../arm-none-eabi/lib/armv6-m\libnosys.a(lseek.o)
                0x00003c8c                _lseek
 .text._exit    0x00003c9c        0x4 c:/freescale/kds_3.0.0/toolchain/bin/../lib/gcc/arm-none-eabi/4.8.4/../../../../arm-none-eabi/lib/armv6-m\libnosys.a(_exit.o)
                0x00003c9c                _exit
 *(.rodata)
 .rodata        0x00003ca0      0x1ac ./SDK/platform/system/src/clock/MKL03Z4/fsl_clock_MKL03Z4.o
 .rodata        0x00003e4c       0x64 ./SDK/platform/osa/src/fsl_os_abstraction_bm.o
 .rodata        0x00003eb0       0x48 ./SDK/platform/hal/src/i2c/fsl_i2c_hal.o
 .rodata        0x00003ef8      0x128 ./SDK/platform/drivers/src/i2c/fsl_i2c_master_driver.o
 .rodata        0x00004020       0x5c ./SDK/platform/drivers/src/i2c/fsl_i2c_shared_function.o
 .rodata        0x0000407c      0x120 ./SDK/platform/drivers/src/i2c/fsl_i2c_slave_driver.o
 .rodata        0x0000419c       0x2c ./Generated_Code/osa1.o
 .rodata        0x000041c8       0x74 ./Generated_Code/pin_init.o
 *(.rodata*)
 .rodata.__func__.5859
                0x0000423c       0x1c ./SDK/platform/system/src/clock/MKL03Z4/fsl_clock_MKL03Z4.o
 .rodata.__func__.5872
                0x00004258       0x1c ./SDK/platform/system/src/clock/MKL03Z4/fsl_clock_MKL03Z4.o
 .rodata.g_oscBase
                0x00004274        0x4 ./SDK/platform/system/src/clock/fsl_clock_manager_common.o
                0x00004274                g_oscBase
 .rodata.__func__.5915
                0x00004278       0x10 ./SDK/platform/osa/src/fsl_os_abstraction_bm.o
 .rodata.__func__.5925
                0x00004288       0x10 ./SDK/platform/osa/src/fsl_os_abstraction_bm.o
 .rodata.__func__.5971
                0x00004298       0x10 ./SDK/platform/osa/src/fsl_os_abstraction_bm.o
 .rodata.kI2CDividerTable
                0x000042a8       0xc8 ./SDK/platform/hal/src/i2c/fsl_i2c_hal.o
                0x000042a8                kI2CDividerTable
 .rodata.__func__.5159
                0x00004370       0x14 ./SDK/platform/hal/src/i2c/fsl_i2c_hal.o
 .rodata.g_i2cBase
                0x00004384        0x4 ./SDK/platform/drivers/src/i2c/fsl_i2c_common.o
                0x00004384                g_i2cBase
 .rodata.g_i2cIrqId
                0x00004388        0x4 ./SDK/platform/drivers/src/i2c/fsl_i2c_common.o
                0x00004388                g_i2cIrqId
 .rodata.__func__.6330
                0x0000438c       0x14 ./SDK/platform/drivers/src/i2c/fsl_i2c_master_driver.o
 .rodata.__func__.6287
                0x000043a0       0x14 ./SDK/platform/drivers/src/i2c/fsl_i2c_master_driver.o
 .rodata.__func__.6342
                0x000043b4       0x1c ./SDK/platform/drivers/src/i2c/fsl_i2c_master_driver.o
 .rodata.__func__.6401
                0x000043d0       0x1c ./SDK/platform/drivers/src/i2c/fsl_i2c_master_driver.o
 .rodata.__func__.6422
                0x000043ec       0x1c ./SDK/platform/drivers/src/i2c/fsl_i2c_master_driver.o
 .rodata.__func__.5140
                0x00004408       0x14 ./SDK/platform/drivers/src/i2c/fsl_i2c_shared_function.o
 .rodata.__func__.6391
                0x0000441c       0x18 ./SDK/platform/drivers/src/i2c/fsl_i2c_slave_driver.o
 .rodata.i2c0_LPS22HB_0
                0x00004434        0x8 ./Generated_Code/i2c0.o
                0x00004434                i2c0_LPS22HB_0
 .rodata.__func__.6972
                0x0000443c       0x10 ./Generated_Code/osa1.o
 .rodata.__func__.4959
                0x0000444c       0x14 ./Generated_Code/pin_init.o
 .rodata.str1.1
                0x00004460       0x3c c:/freescale/kds_3.0.0/toolchain/bin/../lib/gcc/arm-none-eabi/4.8.4/../../../../arm-none-eabi/lib/armv6-m\libg_s.a(lib_a-assert.o)
                                 0x3d (size before relaxing)
 .rodata.str1.1
                0x0000449c        0x2 c:/freescale/kds_3.0.0/toolchain/bin/../lib/gcc/arm-none-eabi/4.8.4/../../../../arm-none-eabi/lib/armv6-m\libg_s.a(lib_a-impure.o)
 *fill*         0x0000449e        0x2 
 .rodata._global_impure_ptr
                0x000044a0        0x4 c:/freescale/kds_3.0.0/toolchain/bin/../lib/gcc/arm-none-eabi/4.8.4/../../../../arm-none-eabi/lib/armv6-m\libg_s.a(lib_a-impure.o)
                0x000044a0                _global_impure_ptr
 .rodata.str1.1
                0x000044a4       0x11 c:/freescale/kds_3.0.0/toolchain/bin/../lib/gcc/arm-none-eabi/4.8.4/../../../../arm-none-eabi/lib/armv6-m\libg_s.a(lib_a-vfprintf.o)
 .rodata.str1.1
                0x000044b5       0x22 c:/freescale/kds_3.0.0/toolchain/bin/../lib/gcc/arm-none-eabi/4.8.4/../../../../arm-none-eabi/lib/armv6-m\libg_s.a(lib_a-vfprintf_i.o)
 *fill*         0x000044d7        0x1 
 .rodata.__sf_fake_stdin
                0x000044d8       0x20 c:/freescale/kds_3.0.0/toolchain/bin/../lib/gcc/arm-none-eabi/4.8.4/../../../../arm-none-eabi/lib/armv6-m\libg_s.a(lib_a-findfp.o)
                0x000044d8                __sf_fake_stdin
 .rodata.__sf_fake_stdout
                0x000044f8       0x20 c:/freescale/kds_3.0.0/toolchain/bin/../lib/gcc/arm-none-eabi/4.8.4/../../../../arm-none-eabi/lib/armv6-m\libg_s.a(lib_a-findfp.o)
                0x000044f8                __sf_fake_stdout
 .rodata.__sf_fake_stderr
                0x00004518       0x20 c:/freescale/kds_3.0.0/toolchain/bin/../lib/gcc/arm-none-eabi/4.8.4/../../../../arm-none-eabi/lib/armv6-m\libg_s.a(lib_a-findfp.o)
                0x00004518                __sf_fake_stderr
 *(.glue_7)
 .glue_7        0x00000000        0x0 linker stubs
 *(.glue_7t)
 .glue_7t       0x00000000        0x0 linker stubs
 *(.eh_frame)
 .eh_frame      0x00004538        0x0 c:/freescale/kds_3.0.0/toolchain/bin/../lib/gcc/arm-none-eabi/4.8.4/armv6-m/crtbegin.o
 *(.init)
 .init          0x00004538        0x4 c:/freescale/kds_3.0.0/toolchain/bin/../lib/gcc/arm-none-eabi/4.8.4/armv6-m/crti.o
                0x00004538                _init
 .init          0x0000453c        0x8 c:/freescale/kds_3.0.0/toolchain/bin/../lib/gcc/arm-none-eabi/4.8.4/armv6-m/crtn.o
 *(.fini)
 .fini          0x00004544        0x4 c:/freescale/kds_3.0.0/toolchain/bin/../lib/gcc/arm-none-eabi/4.8.4/armv6-m/crti.o
                0x00004544                _fini
 .fini          0x00004548        0x8 c:/freescale/kds_3.0.0/toolchain/bin/../lib/gcc/arm-none-eabi/4.8.4/armv6-m/crtn.o
                0x00004550                . = ALIGN (0x4)

.vfp11_veneer   0x00004550        0x0
 .vfp11_veneer  0x00000000        0x0 linker stubs

.v4_bx          0x00004550        0x0
 .v4_bx         0x00000000        0x0 linker stubs

.iplt           0x00004550        0x0
 .iplt          0x00000000        0x0 c:/freescale/kds_3.0.0/toolchain/bin/../lib/gcc/arm-none-eabi/4.8.4/armv6-m/crtbegin.o

.ARM.extab
 *(.ARM.extab* .gnu.linkonce.armextab.*)

.ARM            0x00004550        0x8
                0x00004550                __exidx_start = .
 *(.ARM.exidx*)
 .ARM.exidx     0x00004550        0x8 c:/freescale/kds_3.0.0/toolchain/bin/../lib/gcc/arm-none-eabi/4.8.4/../../../../arm-none-eabi/lib/armv6-m/crt0.o
 .ARM.exidx     0x00004558        0x0 c:/freescale/kds_3.0.0/toolchain/bin/../lib/gcc/arm-none-eabi/4.8.4/armv6-m\libgcc.a(_divdi3.o)
                                  0x8 (size before relaxing)
 .ARM.exidx     0x00004558        0x0 c:/freescale/kds_3.0.0/toolchain/bin/../lib/gcc/arm-none-eabi/4.8.4/armv6-m\libgcc.a(_udivdi3.o)
                                  0x8 (size before relaxing)
                0x00004558                __exidx_end = .

.rel.dyn        0x00004558        0x0
 .rel.iplt      0x00000000        0x0 c:/freescale/kds_3.0.0/toolchain/bin/../lib/gcc/arm-none-eabi/4.8.4/armv6-m/crtbegin.o

.ctors          0x00004558        0x0
                0x00004558                __CTOR_LIST__ = .
 *crtbegin.o(.ctors)
 *crtbegin?.o(.ctors)
 *(EXCLUDE_FILE(*crtend.o *crtend?.o) .ctors)
 *(SORT(.ctors.*))
 *(.ctors)
                0x00004558                __CTOR_END__ = .

.dtors          0x00004558        0x0
                0x00004558                __DTOR_LIST__ = .
 *crtbegin.o(.dtors)
 *crtbegin?.o(.dtors)
 *(EXCLUDE_FILE(*crtend.o *crtend?.o) .dtors)
 *(SORT(.dtors.*))
 *(.dtors)
                0x00004558                __DTOR_END__ = .

.preinit_array  0x00004558        0x0
                0x00004558                PROVIDE (__preinit_array_start, .)
 *(.preinit_array*)
                0x00004558                PROVIDE (__preinit_array_end, .)

.init_array     0x00004558        0x4
                0x00004558                PROVIDE (__init_array_start, .)
 *(SORT(.init_array.*))
 *(.init_array*)
 .init_array    0x00004558        0x4 c:/freescale/kds_3.0.0/toolchain/bin/../lib/gcc/arm-none-eabi/4.8.4/armv6-m/crtbegin.o
                0x0000455c                PROVIDE (__init_array_end, .)

.fini_array     0x0000455c        0x4
                0x0000455c                PROVIDE (__fini_array_start, .)
 *(SORT(.fini_array.*))
 *(.fini_array*)
 .fini_array    0x0000455c        0x4 c:/freescale/kds_3.0.0/toolchain/bin/../lib/gcc/arm-none-eabi/4.8.4/armv6-m/crtbegin.o
                0x00004560                PROVIDE (__fini_array_end, .)
                0x00004560                __etext = .
                0x00004560                __DATA_ROM = .

.mtb            0x1fffff00        0x0
                0x1fffff00                . = ALIGN (0x8)
                0x1fffff00                _mtb_start = .
 *(.mtb_buf)
                0x1fffff00                . = ALIGN (0x8)
                0x1fffff00                _mtb_end = .

.data           0x1fffff00       0x6c load address 0x00004560
                0x1fffff00                . = ALIGN (0x4)
                0x1fffff00                __DATA_RAM = .
                0x1fffff00                __data_start__ = .
 *(.data)
 *(.data*)
 .data.i2cGateTable
                0x1fffff00        0x4 ./SDK/platform/system/src/clock/MKL03Z4/fsl_clock_MKL03Z4.o
 .data.impure_data
                0x1fffff04       0x60 c:/freescale/kds_3.0.0/toolchain/bin/../lib/gcc/arm-none-eabi/4.8.4/../../../../arm-none-eabi/lib/armv6-m\libg_s.a(lib_a-impure.o)
 .data._impure_ptr
                0x1fffff64        0x4 c:/freescale/kds_3.0.0/toolchain/bin/../lib/gcc/arm-none-eabi/4.8.4/../../../../arm-none-eabi/lib/armv6-m\libg_s.a(lib_a-impure.o)
                0x1fffff64                _impure_ptr
 *(.jcr*)
 .jcr           0x1fffff68        0x0 c:/freescale/kds_3.0.0/toolchain/bin/../lib/gcc/arm-none-eabi/4.8.4/armv6-m/crtbegin.o
 .jcr           0x1fffff68        0x4 c:/freescale/kds_3.0.0/toolchain/bin/../lib/gcc/arm-none-eabi/4.8.4/armv6-m/crtend.o
                0x1fffff6c                . = ALIGN (0x4)
                0x1fffff6c                __data_end__ = .
                0x000045cc                __DATA_END = (__DATA_ROM + (__data_end__ - __data_start__))

.igot.plt       0x1fffff6c        0x0 load address 0x000045cc
 .igot.plt      0x00000000        0x0 c:/freescale/kds_3.0.0/toolchain/bin/../lib/gcc/arm-none-eabi/4.8.4/armv6-m/crtbegin.o

.m_interrupts_ram
                0x1ffffe00      0x100
                0x1ffffe00                . = ALIGN (0x4)
                0x1ffffe00                __m_interrupts_ram_RAMStart = .
 *(.m_interrupts_ram)
                0x1fffff00                . = (. + 0x100)
 *fill*         0x1ffffe00      0x100 
                0x1fffff00                __m_interrupts_ram_RAMEnd = .
                0x1fffff00                . = ALIGN (0x4)
                0x00000100                __m_interrupts_ram_ROMSize = (__m_interrupts_ram_RAMEnd - __m_interrupts_ram_RAMStart)
                0x00000100                __RAM_VECTOR_TABLE_SIZE_BYTES = (__m_interrupts_ram_RAMEnd - __m_interrupts_ram_RAMStart)
                0x00008000                text_end = (ORIGIN (m_text) + 0x7bf0)
                0x000045cc                data_init_end = (__DATA_ROM + SIZEOF (.data))
                0x00000001                ASSERT ((data_init_end <= text_end), region m_text overflowed with text and data)

.bss            0x1fffff6c       0xdc load address 0x000045cc
                0x1fffff6c                . = ALIGN (0x4)
                0x1fffff6c                __START_BSS = .
                0x1fffff6c                __bss_start__ = .
 *(.bss)
 .bss           0x1fffff6c       0x1c c:/freescale/kds_3.0.0/toolchain/bin/../lib/gcc/arm-none-eabi/4.8.4/armv6-m/crtbegin.o
 *(.bss*)
 .bss.s_debugConsole
                0x1fffff88       0x10 ./SDK/platform/utilities/src/fsl_debug_console.o
 .bss.heap_end.5138
                0x1fffff98        0x4 ./SDK/platform/utilities/src/fsl_misc_utilities.o
 .bss.g_interruptDisableCount
                0x1fffff9c        0x4 ./SDK/platform/system/src/interrupt/fsl_interrupt_manager.o
                0x1fffff9c                g_interruptDisableCount
 .bss.g_curTask
                0x1fffffa0        0x4 ./SDK/platform/osa/src/fsl_os_abstraction_bm.o
 .bss.g_taskControlBlockPool
                0x1fffffa4       0x50 ./SDK/platform/osa/src/fsl_os_abstraction_bm.o
 .bss.g_freeTaskControlBlock
                0x1ffffff4        0x4 ./SDK/platform/osa/src/fsl_os_abstraction_bm.o
 .bss.g_taskListHead
                0x1ffffff8       0x10 ./SDK/platform/osa/src/fsl_os_abstraction_bm.o
 .bss.g_i2cStatePtr
                0x20000008        0x4 ./SDK/platform/drivers/src/i2c/fsl_i2c_common.o
                0x20000008                g_i2cStatePtr
 .bss.SwTimerIsrCounter
                0x2000000c        0x2 ./Generated_Code/osa1.o
 *fill*         0x2000000e        0x2 
 .bss.__malloc_sbrk_start
                0x20000010        0x4 c:/freescale/kds_3.0.0/toolchain/bin/../lib/gcc/arm-none-eabi/4.8.4/../../../../arm-none-eabi/lib/armv6-m\libg_s.a(lib_a-nano-mallocr.o)
                0x20000010                __malloc_sbrk_start
 .bss.__malloc_free_list
                0x20000014        0x4 c:/freescale/kds_3.0.0/toolchain/bin/../lib/gcc/arm-none-eabi/4.8.4/../../../../arm-none-eabi/lib/armv6-m\libg_s.a(lib_a-nano-mallocr.o)
                0x20000014                __malloc_free_list
 *(COMMON)
 COMMON         0x20000018        0x8 ./SDK/platform/hal/src/mcglite/fsl_mcglite_hal.o
                0x20000018                g_xtal0ClkFreq
                0x2000001c                g_xtalRtcClkFreq
 COMMON         0x20000020       0x24 ./Generated_Code/i2c0.o
                0x20000020                i2c0_MasterState
 COMMON         0x20000044        0x4 c:/freescale/kds_3.0.0/toolchain/bin/../lib/gcc/arm-none-eabi/4.8.4/../../../../arm-none-eabi/lib/armv6-m\libg_s.a(lib_a-reent.o)
                0x20000044                errno
                0x20000048                . = ALIGN (0x4)
                0x20000048                __bss_end__ = .
                0x20000048                __END_BSS = .

.heap           0x20000048        0x0
                0x20000048                . = ALIGN (0x8)
                0x20000048                __end__ = .
                0x20000048                PROVIDE (end, .)
                0x20000048                __HeapBase = .
                0x20000048                . = (. + HEAP_SIZE)
                0x20000048                __HeapLimit = .

.stack          0x20000048       0x50 load address 0x000046a8
                0x20000048                . = ALIGN (0x8)
                0x20000098                . = (. + STACK_SIZE)
 *fill*         0x20000048       0x50 
                0x20000600                __StackTop = (ORIGIN (m_data) + 0x700)
                0x200005b0                __StackLimit = (__StackTop - STACK_SIZE)
                0x20000600                PROVIDE (__stack, __StackTop)

.ARM.attributes
                0x00000000       0x28
 *(.ARM.attributes)
 .ARM.attributes
                0x00000000       0x1e c:/freescale/kds_3.0.0/toolchain/bin/../lib/gcc/arm-none-eabi/4.8.4/armv6-m/crti.o
 .ARM.attributes
                0x0000001e       0x2c c:/freescale/kds_3.0.0/toolchain/bin/../lib/gcc/arm-none-eabi/4.8.4/armv6-m/crtbegin.o
 .ARM.attributes
                0x0000004a       0x1b c:/freescale/kds_3.0.0/toolchain/bin/../lib/gcc/arm-none-eabi/4.8.4/../../../../arm-none-eabi/lib/armv6-m/crt0.o
 .ARM.attributes
                0x00000065       0x32 ./Static_Code/System/PE_low_level_init.o
 .ARM.attributes
                0x00000097       0x32 ./Sources/Events.o
 .ARM.attributes
                0x000000c9       0x32 ./Sources/main.o
 .ARM.attributes
                0x000000fb       0x32 ./SDK/platform/utilities/src/fsl_debug_console.o
 .ARM.attributes
                0x0000012d       0x32 ./SDK/platform/utilities/src/fsl_misc_utilities.o
 .ARM.attributes
                0x0000015f       0x32 ./SDK/platform/system/src/interrupt/fsl_interrupt_manager.o
 .ARM.attributes
                0x00000191       0x32 ./SDK/platform/system/src/clock/MKL03Z4/fsl_clock_MKL03Z4.o
 .ARM.attributes
                0x000001c3       0x32 ./SDK/platform/system/src/clock/fsl_clock_manager.o
 .ARM.attributes
                0x000001f5       0x32 ./SDK/platform/system/src/clock/fsl_clock_manager_common.o
 .ARM.attributes
                0x00000227       0x32 ./SDK/platform/osa/src/fsl_os_abstraction_bm.o
 .ARM.attributes
                0x00000259       0x32 ./SDK/platform/hal/src/mcglite/fsl_mcglite_hal.o
 .ARM.attributes
                0x0000028b       0x32 ./SDK/platform/hal/src/lpuart/fsl_lpuart_hal.o
 .ARM.attributes
                0x000002bd       0x32 ./SDK/platform/hal/src/i2c/fsl_i2c_hal.o
 .ARM.attributes
                0x000002ef       0x32 ./SDK/platform/drivers/src/i2c/fsl_i2c_common.o
 .ARM.attributes
                0x00000321       0x32 ./SDK/platform/drivers/src/i2c/fsl_i2c_master_driver.o
 .ARM.attributes
                0x00000353       0x32 ./SDK/platform/drivers/src/i2c/fsl_i2c_shared_function.o
 .ARM.attributes
                0x00000385       0x32 ./SDK/platform/drivers/src/i2c/fsl_i2c_slave_driver.o
 .ARM.attributes
                0x000003b7       0x1b ./SDK/platform/devices/MKL03Z4/startup/gcc/startup_MKL03Z4.o
 .ARM.attributes
                0x000003d2       0x32 ./SDK/platform/devices/MKL03Z4/startup/system_MKL03Z4.o
 .ARM.attributes
                0x00000404       0x32 ./SDK/platform/devices/startup.o
 .ARM.attributes
                0x00000436       0x32 ./Generated_Code/Cpu.o
 .ARM.attributes
                0x00000468       0x32 ./Generated_Code/hardware_init.o
 .ARM.attributes
                0x0000049a       0x32 ./Generated_Code/i2c0.o
 .ARM.attributes
                0x000004cc       0x32 ./Generated_Code/osa1.o
 .ARM.attributes
                0x000004fe       0x32 ./Generated_Code/pin_init.o
 .ARM.attributes
                0x00000530       0x1e c:/freescale/kds_3.0.0/toolchain/bin/../lib/gcc/arm-none-eabi/4.8.4/armv6-m\libgcc.a(_udivsi3.o)
 .ARM.attributes
                0x0000054e       0x1e c:/freescale/kds_3.0.0/toolchain/bin/../lib/gcc/arm-none-eabi/4.8.4/armv6-m\libgcc.a(_dvmd_tls.o)
 .ARM.attributes
                0x0000056c       0x1e c:/freescale/kds_3.0.0/toolchain/bin/../lib/gcc/arm-none-eabi/4.8.4/armv6-m\libgcc.a(_aeabi_uldivmod.o)
 .ARM.attributes
                0x0000058a       0x2c c:/freescale/kds_3.0.0/toolchain/bin/../lib/gcc/arm-none-eabi/4.8.4/armv6-m\libgcc.a(_muldi3.o)
 .ARM.attributes
                0x000005b6       0x2c c:/freescale/kds_3.0.0/toolchain/bin/../lib/gcc/arm-none-eabi/4.8.4/armv6-m\libgcc.a(bpabi.o)
 .ARM.attributes
                0x000005e2       0x2c c:/freescale/kds_3.0.0/toolchain/bin/../lib/gcc/arm-none-eabi/4.8.4/armv6-m\libgcc.a(_divdi3.o)
 .ARM.attributes
                0x0000060e       0x2c c:/freescale/kds_3.0.0/toolchain/bin/../lib/gcc/arm-none-eabi/4.8.4/armv6-m\libgcc.a(_udivdi3.o)
 .ARM.attributes
                0x0000063a       0x1e c:/freescale/kds_3.0.0/toolchain/bin/../lib/gcc/arm-none-eabi/4.8.4/armv6-m\libgcc.a(_clzsi2.o)
 .ARM.attributes
                0x00000658       0x2c c:/freescale/kds_3.0.0/toolchain/bin/../lib/gcc/arm-none-eabi/4.8.4/../../../../arm-none-eabi/lib/armv6-m\libg_s.a(lib_a-assert.o)
 .ARM.attributes
                0x00000684       0x2c c:/freescale/kds_3.0.0/toolchain/bin/../lib/gcc/arm-none-eabi/4.8.4/../../../../arm-none-eabi/lib/armv6-m\libg_s.a(lib_a-errno.o)
 .ARM.attributes
                0x000006b0       0x2c c:/freescale/kds_3.0.0/toolchain/bin/../lib/gcc/arm-none-eabi/4.8.4/../../../../arm-none-eabi/lib/armv6-m\libg_s.a(lib_a-exit.o)
 .ARM.attributes
                0x000006dc       0x2c c:/freescale/kds_3.0.0/toolchain/bin/../lib/gcc/arm-none-eabi/4.8.4/../../../../arm-none-eabi/lib/armv6-m\libg_s.a(lib_a-fprintf.o)
 .ARM.attributes
                0x00000708       0x2c c:/freescale/kds_3.0.0/toolchain/bin/../lib/gcc/arm-none-eabi/4.8.4/../../../../arm-none-eabi/lib/armv6-m\libg_s.a(lib_a-impure.o)
 .ARM.attributes
                0x00000734       0x2c c:/freescale/kds_3.0.0/toolchain/bin/../lib/gcc/arm-none-eabi/4.8.4/../../../../arm-none-eabi/lib/armv6-m\libg_s.a(lib_a-init.o)
 .ARM.attributes
                0x00000760       0x2c c:/freescale/kds_3.0.0/toolchain/bin/../lib/gcc/arm-none-eabi/4.8.4/../../../../arm-none-eabi/lib/armv6-m\libg_s.a(lib_a-memset.o)
 .ARM.attributes
                0x0000078c       0x2c c:/freescale/kds_3.0.0/toolchain/bin/../lib/gcc/arm-none-eabi/4.8.4/../../../../arm-none-eabi/lib/armv6-m\libg_s.a(lib_a-nano-freer.o)
 .ARM.attributes
                0x000007b8       0x2c c:/freescale/kds_3.0.0/toolchain/bin/../lib/gcc/arm-none-eabi/4.8.4/../../../../arm-none-eabi/lib/armv6-m\libg_s.a(lib_a-nano-mallocr.o)
 .ARM.attributes
                0x000007e4       0x2c c:/freescale/kds_3.0.0/toolchain/bin/../lib/gcc/arm-none-eabi/4.8.4/../../../../arm-none-eabi/lib/armv6-m\libg_s.a(lib_a-sbrkr.o)
 .ARM.attributes
                0x00000810       0x2c c:/freescale/kds_3.0.0/toolchain/bin/../lib/gcc/arm-none-eabi/4.8.4/../../../../arm-none-eabi/lib/armv6-m\libg_s.a(lib_a-strlen.o)
 .ARM.attributes
                0x0000083c       0x2c c:/freescale/kds_3.0.0/toolchain/bin/../lib/gcc/arm-none-eabi/4.8.4/../../../../arm-none-eabi/lib/armv6-m\libg_s.a(lib_a-vfprintf.o)
 .ARM.attributes
                0x00000868       0x2c c:/freescale/kds_3.0.0/toolchain/bin/../lib/gcc/arm-none-eabi/4.8.4/../../../../arm-none-eabi/lib/armv6-m\libg_s.a(lib_a-vfprintf_i.o)
 .ARM.attributes
                0x00000894       0x2c c:/freescale/kds_3.0.0/toolchain/bin/../lib/gcc/arm-none-eabi/4.8.4/../../../../arm-none-eabi/lib/armv6-m\libg_s.a(lib_a-wbuf.o)
 .ARM.attributes
                0x000008c0       0x2c c:/freescale/kds_3.0.0/toolchain/bin/../lib/gcc/arm-none-eabi/4.8.4/../../../../arm-none-eabi/lib/armv6-m\libg_s.a(lib_a-wsetup.o)
 .ARM.attributes
                0x000008ec       0x2c c:/freescale/kds_3.0.0/toolchain/bin/../lib/gcc/arm-none-eabi/4.8.4/../../../../arm-none-eabi/lib/armv6-m\libg_s.a(lib_a-abort.o)
 .ARM.attributes
                0x00000918       0x2c c:/freescale/kds_3.0.0/toolchain/bin/../lib/gcc/arm-none-eabi/4.8.4/../../../../arm-none-eabi/lib/armv6-m\libg_s.a(lib_a-fflush.o)
 .ARM.attributes
                0x00000944       0x2c c:/freescale/kds_3.0.0/toolchain/bin/../lib/gcc/arm-none-eabi/4.8.4/../../../../arm-none-eabi/lib/armv6-m\libg_s.a(lib_a-findfp.o)
 .ARM.attributes
                0x00000970       0x2c c:/freescale/kds_3.0.0/toolchain/bin/../lib/gcc/arm-none-eabi/4.8.4/../../../../arm-none-eabi/lib/armv6-m\libg_s.a(lib_a-makebuf.o)
 .ARM.attributes
                0x0000099c       0x2c c:/freescale/kds_3.0.0/toolchain/bin/../lib/gcc/arm-none-eabi/4.8.4/../../../../arm-none-eabi/lib/armv6-m\libg_s.a(lib_a-memchr-stub.o)
 .ARM.attributes
                0x000009c8       0x2c c:/freescale/kds_3.0.0/toolchain/bin/../lib/gcc/arm-none-eabi/4.8.4/../../../../arm-none-eabi/lib/armv6-m\libg_s.a(lib_a-reent.o)
 .ARM.attributes
                0x000009f4       0x2c c:/freescale/kds_3.0.0/toolchain/bin/../lib/gcc/arm-none-eabi/4.8.4/../../../../arm-none-eabi/lib/armv6-m\libg_s.a(lib_a-signal.o)
 .ARM.attributes
                0x00000a20       0x2c c:/freescale/kds_3.0.0/toolchain/bin/../lib/gcc/arm-none-eabi/4.8.4/../../../../arm-none-eabi/lib/armv6-m\libg_s.a(lib_a-signalr.o)
 .ARM.attributes
                0x00000a4c       0x2c c:/freescale/kds_3.0.0/toolchain/bin/../lib/gcc/arm-none-eabi/4.8.4/../../../../arm-none-eabi/lib/armv6-m\libg_s.a(lib_a-stdio.o)
 .ARM.attributes
                0x00000a78       0x2c c:/freescale/kds_3.0.0/toolchain/bin/../lib/gcc/arm-none-eabi/4.8.4/../../../../arm-none-eabi/lib/armv6-m\libg_s.a(lib_a-writer.o)
 .ARM.attributes
                0x00000aa4       0x2c c:/freescale/kds_3.0.0/toolchain/bin/../lib/gcc/arm-none-eabi/4.8.4/../../../../arm-none-eabi/lib/armv6-m\libg_s.a(lib_a-closer.o)
 .ARM.attributes
                0x00000ad0       0x2c c:/freescale/kds_3.0.0/toolchain/bin/../lib/gcc/arm-none-eabi/4.8.4/../../../../arm-none-eabi/lib/armv6-m\libg_s.a(lib_a-fstatr.o)
 .ARM.attributes
                0x00000afc       0x2c c:/freescale/kds_3.0.0/toolchain/bin/../lib/gcc/arm-none-eabi/4.8.4/../../../../arm-none-eabi/lib/armv6-m\libg_s.a(lib_a-isattyr.o)
 .ARM.attributes
                0x00000b28       0x2c c:/freescale/kds_3.0.0/toolchain/bin/../lib/gcc/arm-none-eabi/4.8.4/../../../../arm-none-eabi/lib/armv6-m\libg_s.a(lib_a-lseekr.o)
 .ARM.attributes
                0x00000b54       0x2c c:/freescale/kds_3.0.0/toolchain/bin/../lib/gcc/arm-none-eabi/4.8.4/../../../../arm-none-eabi/lib/armv6-m\libg_s.a(lib_a-readr.o)
 .ARM.attributes
                0x00000b80       0x2c c:/freescale/kds_3.0.0/toolchain/bin/../lib/gcc/arm-none-eabi/4.8.4/../../../../arm-none-eabi/lib/armv6-m\libnosys.a(close.o)
 .ARM.attributes
                0x00000bac       0x2c c:/freescale/kds_3.0.0/toolchain/bin/../lib/gcc/arm-none-eabi/4.8.4/../../../../arm-none-eabi/lib/armv6-m\libnosys.a(fstat.o)
 .ARM.attributes
                0x00000bd8       0x2c c:/freescale/kds_3.0.0/toolchain/bin/../lib/gcc/arm-none-eabi/4.8.4/../../../../arm-none-eabi/lib/armv6-m\libnosys.a(getpid.o)
 .ARM.attributes
                0x00000c04       0x2c c:/freescale/kds_3.0.0/toolchain/bin/../lib/gcc/arm-none-eabi/4.8.4/../../../../arm-none-eabi/lib/armv6-m\libnosys.a(isatty.o)
 .ARM.attributes
                0x00000c30       0x2c c:/freescale/kds_3.0.0/toolchain/bin/../lib/gcc/arm-none-eabi/4.8.4/../../../../arm-none-eabi/lib/armv6-m\libnosys.a(kill.o)
 .ARM.attributes
                0x00000c5c       0x2c c:/freescale/kds_3.0.0/toolchain/bin/../lib/gcc/arm-none-eabi/4.8.4/../../../../arm-none-eabi/lib/armv6-m\libnosys.a(lseek.o)
 .ARM.attributes
                0x00000c88       0x2c c:/freescale/kds_3.0.0/toolchain/bin/../lib/gcc/arm-none-eabi/4.8.4/../../../../arm-none-eabi/lib/armv6-m\libnosys.a(_exit.o)
 .ARM.attributes
                0x00000cb4       0x2c c:/freescale/kds_3.0.0/toolchain/bin/../lib/gcc/arm-none-eabi/4.8.4/armv6-m/crtend.o
 .ARM.attributes
                0x00000ce0       0x1e c:/freescale/kds_3.0.0/toolchain/bin/../lib/gcc/arm-none-eabi/4.8.4/armv6-m/crtn.o
OUTPUT(Mercury_Rev_A_Proto.elf elf32-littlearm)

.debug_info     0x00000000     0xa5a2
 .debug_info    0x00000000      0x1cc ./Static_Code/System/PE_low_level_init.o
 .debug_info    0x000001cc      0x1bb ./Sources/Events.o
 .debug_info    0x00000387      0x1bf ./Sources/main.o
 .debug_info    0x00000546      0x72f ./SDK/platform/utilities/src/fsl_debug_console.o
 .debug_info    0x00000c75      0x172 ./SDK/platform/utilities/src/fsl_misc_utilities.o
 .debug_info    0x00000de7      0x290 ./SDK/platform/system/src/interrupt/fsl_interrupt_manager.o
 .debug_info    0x00001077     0x1254 ./SDK/platform/system/src/clock/MKL03Z4/fsl_clock_MKL03Z4.o
 .debug_info    0x000022cb     0x10f5 ./SDK/platform/system/src/clock/fsl_clock_manager.o
 .debug_info    0x000033c0      0x3e8 ./SDK/platform/system/src/clock/fsl_clock_manager_common.o
 .debug_info    0x000037a8      0xefd ./SDK/platform/osa/src/fsl_os_abstraction_bm.o
 .debug_info    0x000046a5      0x32d ./SDK/platform/hal/src/mcglite/fsl_mcglite_hal.o
 .debug_info    0x000049d2      0x9a2 ./SDK/platform/hal/src/lpuart/fsl_lpuart_hal.o
 .debug_info    0x00005374      0x9aa ./SDK/platform/hal/src/i2c/fsl_i2c_hal.o
 .debug_info    0x00005d1e      0x2b6 ./SDK/platform/drivers/src/i2c/fsl_i2c_common.o
 .debug_info    0x00005fd4     0x11cf ./SDK/platform/drivers/src/i2c/fsl_i2c_master_driver.o
 .debug_info    0x000071a3      0x2a6 ./SDK/platform/drivers/src/i2c/fsl_i2c_shared_function.o
 .debug_info    0x00007449     0x10ba ./SDK/platform/drivers/src/i2c/fsl_i2c_slave_driver.o
 .debug_info    0x00008503       0xad ./SDK/platform/devices/MKL03Z4/startup/gcc/startup_MKL03Z4.o
 .debug_info    0x000085b0      0x47a ./SDK/platform/devices/MKL03Z4/startup/system_MKL03Z4.o
 .debug_info    0x00008a2a      0x296 ./SDK/platform/devices/startup.o
 .debug_info    0x00008cc0      0x641 ./Generated_Code/Cpu.o
 .debug_info    0x00009301      0x367 ./Generated_Code/hardware_init.o
 .debug_info    0x00009668      0x38f ./Generated_Code/i2c0.o
 .debug_info    0x000099f7      0x5fb ./Generated_Code/osa1.o
 .debug_info    0x00009ff2      0x5b0 ./Generated_Code/pin_init.o

.debug_abbrev   0x00000000     0x2382
 .debug_abbrev  0x00000000       0xc4 ./Static_Code/System/PE_low_level_init.o
 .debug_abbrev  0x000000c4       0xc4 ./Sources/Events.o
 .debug_abbrev  0x00000188       0xc6 ./Sources/main.o
 .debug_abbrev  0x0000024e      0x217 ./SDK/platform/utilities/src/fsl_debug_console.o
 .debug_abbrev  0x00000465       0xc4 ./SDK/platform/utilities/src/fsl_misc_utilities.o
 .debug_abbrev  0x00000529      0x128 ./SDK/platform/system/src/interrupt/fsl_interrupt_manager.o
 .debug_abbrev  0x00000651      0x2af ./SDK/platform/system/src/clock/MKL03Z4/fsl_clock_MKL03Z4.o
 .debug_abbrev  0x00000900      0x292 ./SDK/platform/system/src/clock/fsl_clock_manager.o
 .debug_abbrev  0x00000b92       0xde ./SDK/platform/system/src/clock/fsl_clock_manager_common.o
 .debug_abbrev  0x00000c70      0x21f ./SDK/platform/osa/src/fsl_os_abstraction_bm.o
 .debug_abbrev  0x00000e8f      0x127 ./SDK/platform/hal/src/mcglite/fsl_mcglite_hal.o
 .debug_abbrev  0x00000fb6      0x21a ./SDK/platform/hal/src/lpuart/fsl_lpuart_hal.o
 .debug_abbrev  0x000011d0      0x23b ./SDK/platform/hal/src/i2c/fsl_i2c_hal.o
 .debug_abbrev  0x0000140b       0xc7 ./SDK/platform/drivers/src/i2c/fsl_i2c_common.o
 .debug_abbrev  0x000014d2      0x295 ./SDK/platform/drivers/src/i2c/fsl_i2c_master_driver.o
 .debug_abbrev  0x00001767      0x132 ./SDK/platform/drivers/src/i2c/fsl_i2c_shared_function.o
 .debug_abbrev  0x00001899      0x246 ./SDK/platform/drivers/src/i2c/fsl_i2c_slave_driver.o
 .debug_abbrev  0x00001adf       0x14 ./SDK/platform/devices/MKL03Z4/startup/gcc/startup_MKL03Z4.o
 .debug_abbrev  0x00001af3      0x109 ./SDK/platform/devices/MKL03Z4/startup/system_MKL03Z4.o
 .debug_abbrev  0x00001bfc       0xe9 ./SDK/platform/devices/startup.o
 .debug_abbrev  0x00001ce5      0x15e ./Generated_Code/Cpu.o
 .debug_abbrev  0x00001e43      0x10c ./Generated_Code/hardware_init.o
 .debug_abbrev  0x00001f4f       0xef ./Generated_Code/i2c0.o
 .debug_abbrev  0x0000203e      0x1d0 ./Generated_Code/osa1.o
 .debug_abbrev  0x0000220e      0x174 ./Generated_Code/pin_init.o

.debug_aranges  0x00000000      0xb28
 .debug_aranges
                0x00000000       0x28 ./Static_Code/System/PE_low_level_init.o
 .debug_aranges
                0x00000028       0x20 ./Sources/Events.o
 .debug_aranges
                0x00000048       0x20 ./Sources/main.o
 .debug_aranges
                0x00000068       0x78 ./SDK/platform/utilities/src/fsl_debug_console.o
 .debug_aranges
                0x000000e0       0x28 ./SDK/platform/utilities/src/fsl_misc_utilities.o
 .debug_aranges
                0x00000108       0x30 ./SDK/platform/system/src/interrupt/fsl_interrupt_manager.o
 .debug_aranges
                0x00000138      0x188 ./SDK/platform/system/src/clock/MKL03Z4/fsl_clock_MKL03Z4.o
 .debug_aranges
                0x000002c0       0xf8 ./SDK/platform/system/src/clock/fsl_clock_manager.o
 .debug_aranges
                0x000003b8       0x18 ./SDK/platform/system/src/clock/fsl_clock_manager_common.o
 .debug_aranges
                0x000003d0      0x148 ./SDK/platform/osa/src/fsl_os_abstraction_bm.o
 .debug_aranges
                0x00000518       0x48 ./SDK/platform/hal/src/mcglite/fsl_mcglite_hal.o
 .debug_aranges
                0x00000560       0xd0 ./SDK/platform/hal/src/lpuart/fsl_lpuart_hal.o
 .debug_aranges
                0x00000630       0xe0 ./SDK/platform/hal/src/i2c/fsl_i2c_hal.o
 .debug_aranges
                0x00000710       0x18 ./SDK/platform/drivers/src/i2c/fsl_i2c_common.o
 .debug_aranges
                0x00000728      0x128 ./SDK/platform/drivers/src/i2c/fsl_i2c_master_driver.o
 .debug_aranges
                0x00000850       0x30 ./SDK/platform/drivers/src/i2c/fsl_i2c_shared_function.o
 .debug_aranges
                0x00000880      0x110 ./SDK/platform/drivers/src/i2c/fsl_i2c_slave_driver.o
 .debug_aranges
                0x00000990       0x20 ./SDK/platform/devices/MKL03Z4/startup/gcc/startup_MKL03Z4.o
 .debug_aranges
                0x000009b0       0x28 ./SDK/platform/devices/MKL03Z4/startup/system_MKL03Z4.o
 .debug_aranges
                0x000009d8       0x20 ./SDK/platform/devices/startup.o
 .debug_aranges
                0x000009f8       0x30 ./Generated_Code/Cpu.o
 .debug_aranges
                0x00000a28       0x28 ./Generated_Code/hardware_init.o
 .debug_aranges
                0x00000a50       0x18 ./Generated_Code/i2c0.o
 .debug_aranges
                0x00000a68       0x48 ./Generated_Code/osa1.o
 .debug_aranges
                0x00000ab0       0x78 ./Generated_Code/pin_init.o

.debug_ranges   0x00000000      0x970
 .debug_ranges  0x00000000       0x18 ./Static_Code/System/PE_low_level_init.o
 .debug_ranges  0x00000018       0x10 ./Sources/Events.o
 .debug_ranges  0x00000028       0x10 ./Sources/main.o
 .debug_ranges  0x00000038       0x68 ./SDK/platform/utilities/src/fsl_debug_console.o
 .debug_ranges  0x000000a0       0x18 ./SDK/platform/utilities/src/fsl_misc_utilities.o
 .debug_ranges  0x000000b8       0x20 ./SDK/platform/system/src/interrupt/fsl_interrupt_manager.o
 .debug_ranges  0x000000d8      0x178 ./SDK/platform/system/src/clock/MKL03Z4/fsl_clock_MKL03Z4.o
 .debug_ranges  0x00000250       0xe8 ./SDK/platform/system/src/clock/fsl_clock_manager.o
 .debug_ranges  0x00000338      0x138 ./SDK/platform/osa/src/fsl_os_abstraction_bm.o
 .debug_ranges  0x00000470       0x38 ./SDK/platform/hal/src/mcglite/fsl_mcglite_hal.o
 .debug_ranges  0x000004a8       0xc0 ./SDK/platform/hal/src/lpuart/fsl_lpuart_hal.o
 .debug_ranges  0x00000568       0xd0 ./SDK/platform/hal/src/i2c/fsl_i2c_hal.o
 .debug_ranges  0x00000638      0x118 ./SDK/platform/drivers/src/i2c/fsl_i2c_master_driver.o
 .debug_ranges  0x00000750       0x20 ./SDK/platform/drivers/src/i2c/fsl_i2c_shared_function.o
 .debug_ranges  0x00000770      0x100 ./SDK/platform/drivers/src/i2c/fsl_i2c_slave_driver.o
 .debug_ranges  0x00000870       0x18 ./SDK/platform/devices/MKL03Z4/startup/system_MKL03Z4.o
 .debug_ranges  0x00000888       0x10 ./SDK/platform/devices/startup.o
 .debug_ranges  0x00000898       0x20 ./Generated_Code/Cpu.o
 .debug_ranges  0x000008b8       0x18 ./Generated_Code/hardware_init.o
 .debug_ranges  0x000008d0       0x38 ./Generated_Code/osa1.o
 .debug_ranges  0x00000908       0x68 ./Generated_Code/pin_init.o

.debug_macro    0x00000000     0xfe2a
 .debug_macro   0x00000000      0x308 ./Static_Code/System/PE_low_level_init.o
 .debug_macro   0x00000308      0x80e ./Static_Code/System/PE_low_level_init.o
 .debug_macro   0x00000b16       0x11 ./Static_Code/System/PE_low_level_init.o
 .debug_macro   0x00000b27       0x16 ./Static_Code/System/PE_low_level_init.o
 .debug_macro   0x00000b3d       0x16 ./Static_Code/System/PE_low_level_init.o
 .debug_macro   0x00000b53       0x44 ./Static_Code/System/PE_low_level_init.o
 .debug_macro   0x00000b97      0x209 ./Static_Code/System/PE_low_level_init.o
 .debug_macro   0x00000da0       0x39 ./Static_Code/System/PE_low_level_init.o
 .debug_macro   0x00000dd9       0x3a ./Static_Code/System/PE_low_level_init.o
 .debug_macro   0x00000e13       0x26 ./Static_Code/System/PE_low_level_init.o
 .debug_macro   0x00000e39      0x306 ./Static_Code/System/PE_low_level_init.o
 .debug_macro   0x0000113f       0xa0 ./Static_Code/System/PE_low_level_init.o
 .debug_macro   0x000011df     0x536a ./Static_Code/System/PE_low_level_init.o
 .debug_macro   0x00006549       0x58 ./Static_Code/System/PE_low_level_init.o
 .debug_macro   0x000065a1       0x35 ./Static_Code/System/PE_low_level_init.o
 .debug_macro   0x000065d6       0xa3 ./Static_Code/System/PE_low_level_init.o
 .debug_macro   0x00006679       0x16 ./Static_Code/System/PE_low_level_init.o
 .debug_macro   0x0000668f      0x10e ./Static_Code/System/PE_low_level_init.o
 .debug_macro   0x0000679d       0x7f ./Static_Code/System/PE_low_level_init.o
 .debug_macro   0x0000681c       0x52 ./Static_Code/System/PE_low_level_init.o
 .debug_macro   0x0000686e       0x16 ./Static_Code/System/PE_low_level_init.o
 .debug_macro   0x00006884       0x43 ./Static_Code/System/PE_low_level_init.o
 .debug_macro   0x000068c7      0x180 ./Static_Code/System/PE_low_level_init.o
 .debug_macro   0x00006a47       0x22 ./Static_Code/System/PE_low_level_init.o
 .debug_macro   0x00006a69       0x7c ./Static_Code/System/PE_low_level_init.o
 .debug_macro   0x00006ae5     0x45e6 ./Static_Code/System/PE_low_level_init.o
 .debug_macro   0x0000b0cb      0xf03 ./Static_Code/System/PE_low_level_init.o
 .debug_macro   0x0000bfce       0x22 ./Static_Code/System/PE_low_level_init.o
 .debug_macro   0x0000bff0       0x16 ./Static_Code/System/PE_low_level_init.o
 .debug_macro   0x0000c006       0x10 ./Static_Code/System/PE_low_level_init.o
 .debug_macro   0x0000c016       0x11 ./Static_Code/System/PE_low_level_init.o
 .debug_macro   0x0000c027       0x10 ./Static_Code/System/PE_low_level_init.o
 .debug_macro   0x0000c037       0x3e ./Static_Code/System/PE_low_level_init.o
 .debug_macro   0x0000c075       0x19 ./Static_Code/System/PE_low_level_init.o
 .debug_macro   0x0000c08e       0x10 ./Static_Code/System/PE_low_level_init.o
 .debug_macro   0x0000c09e       0x3a ./Static_Code/System/PE_low_level_init.o
 .debug_macro   0x0000c0d8       0x28 ./Static_Code/System/PE_low_level_init.o
 .debug_macro   0x0000c100       0x28 ./Static_Code/System/PE_low_level_init.o
 .debug_macro   0x0000c128       0x1c ./Static_Code/System/PE_low_level_init.o
 .debug_macro   0x0000c144       0x16 ./Static_Code/System/PE_low_level_init.o
 .debug_macro   0x0000c15a      0x2ee ./Sources/Events.o
 .debug_macro   0x0000c448      0x2ee ./Sources/main.o
 .debug_macro   0x0000c736      0x29f ./SDK/platform/utilities/src/fsl_debug_console.o
 .debug_macro   0x0000c9d5       0x58 ./SDK/platform/utilities/src/fsl_debug_console.o
 .debug_macro   0x0000ca2d       0x16 ./SDK/platform/utilities/src/fsl_debug_console.o
 .debug_macro   0x0000ca43       0x97 ./SDK/platform/utilities/src/fsl_debug_console.o
 .debug_macro   0x0000cada       0xef ./SDK/platform/utilities/src/fsl_debug_console.o
 .debug_macro   0x0000cbc9       0x4a ./SDK/platform/utilities/src/fsl_debug_console.o
 .debug_macro   0x0000cc13       0x10 ./SDK/platform/utilities/src/fsl_debug_console.o
 .debug_macro   0x0000cc23       0x22 ./SDK/platform/utilities/src/fsl_debug_console.o
 .debug_macro   0x0000cc45       0xbd ./SDK/platform/utilities/src/fsl_debug_console.o
 .debug_macro   0x0000cd02       0x16 ./SDK/platform/utilities/src/fsl_debug_console.o
 .debug_macro   0x0000cd18      0x14a ./SDK/platform/utilities/src/fsl_debug_console.o
 .debug_macro   0x0000ce62       0x35 ./SDK/platform/utilities/src/fsl_debug_console.o
 .debug_macro   0x0000ce97      0x20f ./SDK/platform/utilities/src/fsl_debug_console.o
 .debug_macro   0x0000d0a6       0x82 ./SDK/platform/utilities/src/fsl_debug_console.o
 .debug_macro   0x0000d128       0x22 ./SDK/platform/utilities/src/fsl_debug_console.o
 .debug_macro   0x0000d14a      0x2a6 ./SDK/platform/utilities/src/fsl_debug_console.o
 .debug_macro   0x0000d3f0       0x10 ./SDK/platform/utilities/src/fsl_debug_console.o
 .debug_macro   0x0000d400      0x17b ./SDK/platform/utilities/src/fsl_misc_utilities.o
 .debug_macro   0x0000d57b       0x2e ./SDK/platform/utilities/src/fsl_misc_utilities.o
 .debug_macro   0x0000d5a9       0x10 ./SDK/platform/utilities/src/fsl_misc_utilities.o
 .debug_macro   0x0000d5b9      0x241 ./SDK/platform/utilities/src/fsl_misc_utilities.o
 .debug_macro   0x0000d7fa      0x177 ./SDK/platform/system/src/interrupt/fsl_interrupt_manager.o
 .debug_macro   0x0000d971       0x4b ./SDK/platform/system/src/interrupt/fsl_interrupt_manager.o
 .debug_macro   0x0000d9bc      0x1df ./SDK/platform/system/src/clock/MKL03Z4/fsl_clock_MKL03Z4.o
 .debug_macro   0x0000db9b      0x227 ./SDK/platform/system/src/clock/fsl_clock_manager.o
 .debug_macro   0x0000ddc2      0x1e1 ./SDK/platform/system/src/clock/fsl_clock_manager_common.o
 .debug_macro   0x0000dfa3      0x20b ./SDK/platform/osa/src/fsl_os_abstraction_bm.o
 .debug_macro   0x0000e1ae      0x17d ./SDK/platform/hal/src/mcglite/fsl_mcglite_hal.o
 .debug_macro   0x0000e32b      0x179 ./SDK/platform/hal/src/lpuart/fsl_lpuart_hal.o
 .debug_macro   0x0000e4a4      0x17c ./SDK/platform/hal/src/i2c/fsl_i2c_hal.o
 .debug_macro   0x0000e620       0x34 ./SDK/platform/hal/src/i2c/fsl_i2c_hal.o
 .debug_macro   0x0000e654      0x15d ./SDK/platform/drivers/src/i2c/fsl_i2c_common.o
 .debug_macro   0x0000e7b1      0x25a ./SDK/platform/drivers/src/i2c/fsl_i2c_master_driver.o
 .debug_macro   0x0000ea0b      0x166 ./SDK/platform/drivers/src/i2c/fsl_i2c_master_driver.o
 .debug_macro   0x0000eb71      0x186 ./SDK/platform/drivers/src/i2c/fsl_i2c_shared_function.o
 .debug_macro   0x0000ecf7      0x25a ./SDK/platform/drivers/src/i2c/fsl_i2c_slave_driver.o
 .debug_macro   0x0000ef51      0x158 ./SDK/platform/devices/MKL03Z4/startup/system_MKL03Z4.o
 .debug_macro   0x0000f0a9      0x167 ./SDK/platform/devices/startup.o
 .debug_macro   0x0000f210      0x300 ./Generated_Code/Cpu.o
 .debug_macro   0x0000f510       0x16 ./Generated_Code/Cpu.o
 .debug_macro   0x0000f526      0x1b1 ./Generated_Code/hardware_init.o
 .debug_macro   0x0000f6d7      0x2ed ./Generated_Code/i2c0.o
 .debug_macro   0x0000f9c4      0x2c1 ./Generated_Code/osa1.o
 .debug_macro   0x0000fc85      0x1a5 ./Generated_Code/pin_init.o

.debug_line     0x00000000     0xbdde
 .debug_line    0x00000000      0x9a2 ./Static_Code/System/PE_low_level_init.o
 .debug_line    0x000009a2      0x90a ./Sources/Events.o
 .debug_line    0x000012ac      0x90f ./Sources/main.o
 .debug_line    0x00001bbb      0x992 ./SDK/platform/utilities/src/fsl_debug_console.o
 .debug_line    0x0000254d      0x3a0 ./SDK/platform/utilities/src/fsl_misc_utilities.o
 .debug_line    0x000028ed      0x539 ./SDK/platform/system/src/interrupt/fsl_interrupt_manager.o
 .debug_line    0x00002e26      0xafa ./SDK/platform/system/src/clock/MKL03Z4/fsl_clock_MKL03Z4.o
 .debug_line    0x00003920      0xa51 ./SDK/platform/system/src/clock/fsl_clock_manager.o
 .debug_line    0x00004371      0x673 ./SDK/platform/system/src/clock/fsl_clock_manager_common.o
 .debug_line    0x000049e4      0xb3f ./SDK/platform/osa/src/fsl_os_abstraction_bm.o
 .debug_line    0x00005523      0x55b ./SDK/platform/hal/src/mcglite/fsl_mcglite_hal.o
 .debug_line    0x00005a7e      0x7bb ./SDK/platform/hal/src/lpuart/fsl_lpuart_hal.o
 .debug_line    0x00006239      0x874 ./SDK/platform/hal/src/i2c/fsl_i2c_hal.o
 .debug_line    0x00006aad      0x43e ./SDK/platform/drivers/src/i2c/fsl_i2c_common.o
 .debug_line    0x00006eeb      0xc7d ./SDK/platform/drivers/src/i2c/fsl_i2c_master_driver.o
 .debug_line    0x00007b68      0x583 ./SDK/platform/drivers/src/i2c/fsl_i2c_shared_function.o
 .debug_line    0x000080eb      0xc35 ./SDK/platform/drivers/src/i2c/fsl_i2c_slave_driver.o
 .debug_line    0x00008d20       0x77 ./SDK/platform/devices/MKL03Z4/startup/gcc/startup_MKL03Z4.o
 .debug_line    0x00008d97      0x490 ./SDK/platform/devices/MKL03Z4/startup/system_MKL03Z4.o
 .debug_line    0x00009227      0x3e9 ./SDK/platform/devices/startup.o
 .debug_line    0x00009610      0x9a5 ./Generated_Code/Cpu.o
 .debug_line    0x00009fb5      0x586 ./Generated_Code/hardware_init.o
 .debug_line    0x0000a53b      0x951 ./Generated_Code/i2c0.o
 .debug_line    0x0000ae8c      0x90e ./Generated_Code/osa1.o
 .debug_line    0x0000b79a      0x644 ./Generated_Code/pin_init.o

.debug_str      0x00000000    0x6d833
 .debug_str     0x00000000    0x674de ./Static_Code/System/PE_low_level_init.o
                              0x679ab (size before relaxing)
 .debug_str     0x000674de       0x24 ./Sources/Events.o
                              0x67959 (size before relaxing)
 .debug_str     0x00067502       0x17 ./Sources/main.o
                              0x6794c (size before relaxing)
 .debug_str     0x00067519     0x202e ./SDK/platform/utilities/src/fsl_debug_console.o
                              0x69771 (size before relaxing)
 .debug_str     0x00069547      0x6b8 ./SDK/platform/utilities/src/fsl_misc_utilities.o
                               0x58cb (size before relaxing)
 .debug_str     0x00069bff      0x2e8 ./SDK/platform/system/src/interrupt/fsl_interrupt_manager.o
                              0x674ff (size before relaxing)
 .debug_str     0x00069ee7      0xf5f ./SDK/platform/system/src/clock/MKL03Z4/fsl_clock_MKL03Z4.o
                              0x682c6 (size before relaxing)
 .debug_str     0x0006ae46      0x86d ./SDK/platform/system/src/clock/fsl_clock_manager.o
                              0x6848c (size before relaxing)
 .debug_str     0x0006b6b3       0x50 ./SDK/platform/system/src/clock/fsl_clock_manager_common.o
                              0x67446 (size before relaxing)
 .debug_str     0x0006b703      0x5bf ./SDK/platform/osa/src/fsl_os_abstraction_bm.o
                              0x67e10 (size before relaxing)
 .debug_str     0x0006bcc2      0x160 ./SDK/platform/hal/src/mcglite/fsl_mcglite_hal.o
                              0x6745d (size before relaxing)
 .debug_str     0x0006be22      0x6c7 ./SDK/platform/hal/src/lpuart/fsl_lpuart_hal.o
                              0x67cc0 (size before relaxing)
 .debug_str     0x0006c4e9      0x5e5 ./SDK/platform/hal/src/i2c/fsl_i2c_hal.o
                              0x67a7c (size before relaxing)
 .debug_str     0x0006cace       0x4a ./SDK/platform/drivers/src/i2c/fsl_i2c_common.o
                              0x673a4 (size before relaxing)
 .debug_str     0x0006cb18      0x3fd ./SDK/platform/drivers/src/i2c/fsl_i2c_master_driver.o
                              0x68f0d (size before relaxing)
 .debug_str     0x0006cf15       0x4d ./SDK/platform/drivers/src/i2c/fsl_i2c_shared_function.o
                              0x673aa (size before relaxing)
 .debug_str     0x0006cf62      0x3d2 ./SDK/platform/drivers/src/i2c/fsl_i2c_slave_driver.o
                              0x6901c (size before relaxing)
 .debug_str     0x0006d334       0xa8 ./SDK/platform/devices/MKL03Z4/startup/system_MKL03Z4.o
                              0x672f2 (size before relaxing)
 .debug_str     0x0006d3dc      0x119 ./SDK/platform/devices/startup.o
                              0x67260 (size before relaxing)
 .debug_str     0x0006d4f5       0x80 ./Generated_Code/Cpu.o
                              0x67df8 (size before relaxing)
 .debug_str     0x0006d575       0x30 ./Generated_Code/hardware_init.o
                              0x674e7 (size before relaxing)
 .debug_str     0x0006d5a5       0x35 ./Generated_Code/i2c0.o
                              0x67bd5 (size before relaxing)
 .debug_str     0x0006d5da       0xe5 ./Generated_Code/osa1.o
                              0x67c97 (size before relaxing)
 .debug_str     0x0006d6bf      0x174 ./Generated_Code/pin_init.o
                              0x67559 (size before relaxing)

.comment        0x00000000       0x70
 .comment       0x00000000       0x70 ./Static_Code/System/PE_low_level_init.o
                                 0x71 (size before relaxing)
 .comment       0x00000000       0x71 ./Sources/Events.o
 .comment       0x00000000       0x71 ./Sources/main.o
 .comment       0x00000000       0x71 ./SDK/platform/utilities/src/fsl_debug_console.o
 .comment       0x00000000       0x71 ./SDK/platform/utilities/src/fsl_misc_utilities.o
 .comment       0x00000000       0x71 ./SDK/platform/system/src/interrupt/fsl_interrupt_manager.o
 .comment       0x00000000       0x71 ./SDK/platform/system/src/clock/MKL03Z4/fsl_clock_MKL03Z4.o
 .comment       0x00000000       0x71 ./SDK/platform/system/src/clock/fsl_clock_manager.o
 .comment       0x00000000       0x71 ./SDK/platform/system/src/clock/fsl_clock_manager_common.o
 .comment       0x00000000       0x71 ./SDK/platform/osa/src/fsl_os_abstraction_bm.o
 .comment       0x00000000       0x71 ./SDK/platform/hal/src/mcglite/fsl_mcglite_hal.o
 .comment       0x00000000       0x71 ./SDK/platform/hal/src/lpuart/fsl_lpuart_hal.o
 .comment       0x00000000       0x71 ./SDK/platform/hal/src/i2c/fsl_i2c_hal.o
 .comment       0x00000000       0x71 ./SDK/platform/drivers/src/i2c/fsl_i2c_common.o
 .comment       0x00000000       0x71 ./SDK/platform/drivers/src/i2c/fsl_i2c_master_driver.o
 .comment       0x00000000       0x71 ./SDK/platform/drivers/src/i2c/fsl_i2c_shared_function.o
 .comment       0x00000000       0x71 ./SDK/platform/drivers/src/i2c/fsl_i2c_slave_driver.o
 .comment       0x00000000       0x71 ./SDK/platform/devices/MKL03Z4/startup/system_MKL03Z4.o
 .comment       0x00000000       0x71 ./SDK/platform/devices/startup.o
 .comment       0x00000000       0x71 ./Generated_Code/Cpu.o
 .comment       0x00000000       0x71 ./Generated_Code/hardware_init.o
 .comment       0x00000000       0x71 ./Generated_Code/i2c0.o
 .comment       0x00000000       0x71 ./Generated_Code/osa1.o
 .comment       0x00000000       0x71 ./Generated_Code/pin_init.o

.debug_frame    0x00000000     0x2e70
 .debug_frame   0x00000000       0x48 ./Static_Code/System/PE_low_level_init.o
 .debug_frame   0x00000048       0x2c ./Sources/Events.o
 .debug_frame   0x00000074       0x2c ./Sources/main.o
 .debug_frame   0x000000a0      0x190 ./SDK/platform/utilities/src/fsl_debug_console.o
 .debug_frame   0x00000230       0x50 ./SDK/platform/utilities/src/fsl_misc_utilities.o
 .debug_frame   0x00000280       0x68 ./SDK/platform/system/src/interrupt/fsl_interrupt_manager.o
 .debug_frame   0x000002e8      0x5c0 ./SDK/platform/system/src/clock/MKL03Z4/fsl_clock_MKL03Z4.o
 .debug_frame   0x000008a8      0x384 ./SDK/platform/system/src/clock/fsl_clock_manager.o
 .debug_frame   0x00000c2c      0x4b8 ./SDK/platform/osa/src/fsl_os_abstraction_bm.o
 .debug_frame   0x000010e4       0xd0 ./SDK/platform/hal/src/mcglite/fsl_mcglite_hal.o
 .debug_frame   0x000011b4      0x2f0 ./SDK/platform/hal/src/lpuart/fsl_lpuart_hal.o
 .debug_frame   0x000014a4      0x330 ./SDK/platform/hal/src/i2c/fsl_i2c_hal.o
 .debug_frame   0x000017d4      0x450 ./SDK/platform/drivers/src/i2c/fsl_i2c_master_driver.o
 .debug_frame   0x00001c24       0x70 ./SDK/platform/drivers/src/i2c/fsl_i2c_shared_function.o
 .debug_frame   0x00001c94      0x3f0 ./SDK/platform/drivers/src/i2c/fsl_i2c_slave_driver.o
 .debug_frame   0x00002084       0x4c ./SDK/platform/devices/MKL03Z4/startup/system_MKL03Z4.o
 .debug_frame   0x000020d0       0x30 ./SDK/platform/devices/startup.o
 .debug_frame   0x00002100       0x6c ./Generated_Code/Cpu.o
 .debug_frame   0x0000216c       0x4c ./Generated_Code/hardware_init.o
 .debug_frame   0x000021b8       0xd0 ./Generated_Code/osa1.o
 .debug_frame   0x00002288      0x190 ./Generated_Code/pin_init.o
 .debug_frame   0x00002418       0x20 c:/freescale/kds_3.0.0/toolchain/bin/../lib/gcc/arm-none-eabi/4.8.4/armv6-m\libgcc.a(_udivsi3.o)
 .debug_frame   0x00002438       0x30 c:/freescale/kds_3.0.0/toolchain/bin/../lib/gcc/arm-none-eabi/4.8.4/armv6-m\libgcc.a(_muldi3.o)
 .debug_frame   0x00002468       0x50 c:/freescale/kds_3.0.0/toolchain/bin/../lib/gcc/arm-none-eabi/4.8.4/armv6-m\libgcc.a(bpabi.o)
 .debug_frame   0x000024b8       0x3c c:/freescale/kds_3.0.0/toolchain/bin/../lib/gcc/arm-none-eabi/4.8.4/armv6-m\libgcc.a(_divdi3.o)
 .debug_frame   0x000024f4       0x3c c:/freescale/kds_3.0.0/toolchain/bin/../lib/gcc/arm-none-eabi/4.8.4/armv6-m\libgcc.a(_udivdi3.o)
 .debug_frame   0x00002530       0x4c c:/freescale/kds_3.0.0/toolchain/bin/../lib/gcc/arm-none-eabi/4.8.4/../../../../arm-none-eabi/lib/armv6-m\libg_s.a(lib_a-assert.o)
 .debug_frame   0x0000257c       0x20 c:/freescale/kds_3.0.0/toolchain/bin/../lib/gcc/arm-none-eabi/4.8.4/../../../../arm-none-eabi/lib/armv6-m\libg_s.a(lib_a-errno.o)
 .debug_frame   0x0000259c       0x28 c:/freescale/kds_3.0.0/toolchain/bin/../lib/gcc/arm-none-eabi/4.8.4/../../../../arm-none-eabi/lib/armv6-m\libg_s.a(lib_a-exit.o)
 .debug_frame   0x000025c4       0x4c c:/freescale/kds_3.0.0/toolchain/bin/../lib/gcc/arm-none-eabi/4.8.4/../../../../arm-none-eabi/lib/armv6-m\libg_s.a(lib_a-fprintf.o)
 .debug_frame   0x00002610       0x2c c:/freescale/kds_3.0.0/toolchain/bin/../lib/gcc/arm-none-eabi/4.8.4/../../../../arm-none-eabi/lib/armv6-m\libg_s.a(lib_a-init.o)
 .debug_frame   0x0000263c       0x20 c:/freescale/kds_3.0.0/toolchain/bin/../lib/gcc/arm-none-eabi/4.8.4/../../../../arm-none-eabi/lib/armv6-m\libg_s.a(lib_a-memset.o)
 .debug_frame   0x0000265c       0x2c c:/freescale/kds_3.0.0/toolchain/bin/../lib/gcc/arm-none-eabi/4.8.4/../../../../arm-none-eabi/lib/armv6-m\libg_s.a(lib_a-nano-freer.o)
 .debug_frame   0x00002688       0x2c c:/freescale/kds_3.0.0/toolchain/bin/../lib/gcc/arm-none-eabi/4.8.4/../../../../arm-none-eabi/lib/armv6-m\libg_s.a(lib_a-nano-mallocr.o)
 .debug_frame   0x000026b4       0x2c c:/freescale/kds_3.0.0/toolchain/bin/../lib/gcc/arm-none-eabi/4.8.4/../../../../arm-none-eabi/lib/armv6-m\libg_s.a(lib_a-sbrkr.o)
 .debug_frame   0x000026e0       0x20 c:/freescale/kds_3.0.0/toolchain/bin/../lib/gcc/arm-none-eabi/4.8.4/../../../../arm-none-eabi/lib/armv6-m\libg_s.a(lib_a-strlen.o)
 .debug_frame   0x00002700       0xa0 c:/freescale/kds_3.0.0/toolchain/bin/../lib/gcc/arm-none-eabi/4.8.4/../../../../arm-none-eabi/lib/armv6-m\libg_s.a(lib_a-vfprintf.o)
 .debug_frame   0x000027a0       0x54 c:/freescale/kds_3.0.0/toolchain/bin/../lib/gcc/arm-none-eabi/4.8.4/../../../../arm-none-eabi/lib/armv6-m\libg_s.a(lib_a-vfprintf_i.o)
 .debug_frame   0x000027f4       0x44 c:/freescale/kds_3.0.0/toolchain/bin/../lib/gcc/arm-none-eabi/4.8.4/../../../../arm-none-eabi/lib/armv6-m\libg_s.a(lib_a-wbuf.o)
 .debug_frame   0x00002838       0x2c c:/freescale/kds_3.0.0/toolchain/bin/../lib/gcc/arm-none-eabi/4.8.4/../../../../arm-none-eabi/lib/armv6-m\libg_s.a(lib_a-wsetup.o)
 .debug_frame   0x00002864       0x28 c:/freescale/kds_3.0.0/toolchain/bin/../lib/gcc/arm-none-eabi/4.8.4/../../../../arm-none-eabi/lib/armv6-m\libg_s.a(lib_a-abort.o)
 .debug_frame   0x0000288c       0x68 c:/freescale/kds_3.0.0/toolchain/bin/../lib/gcc/arm-none-eabi/4.8.4/../../../../arm-none-eabi/lib/armv6-m\libg_s.a(lib_a-fflush.o)
 .debug_frame   0x000028f4      0x148 c:/freescale/kds_3.0.0/toolchain/bin/../lib/gcc/arm-none-eabi/4.8.4/../../../../arm-none-eabi/lib/armv6-m\libg_s.a(lib_a-findfp.o)
 .debug_frame   0x00002a3c       0x30 c:/freescale/kds_3.0.0/toolchain/bin/../lib/gcc/arm-none-eabi/4.8.4/../../../../arm-none-eabi/lib/armv6-m\libg_s.a(lib_a-makebuf.o)
 .debug_frame   0x00002a6c       0x20 c:/freescale/kds_3.0.0/toolchain/bin/../lib/gcc/arm-none-eabi/4.8.4/../../../../arm-none-eabi/lib/armv6-m\libg_s.a(lib_a-memchr-stub.o)
 .debug_frame   0x00002a8c       0x48 c:/freescale/kds_3.0.0/toolchain/bin/../lib/gcc/arm-none-eabi/4.8.4/../../../../arm-none-eabi/lib/armv6-m\libg_s.a(lib_a-reent.o)
 .debug_frame   0x00002ad4       0xe0 c:/freescale/kds_3.0.0/toolchain/bin/../lib/gcc/arm-none-eabi/4.8.4/../../../../arm-none-eabi/lib/armv6-m\libg_s.a(lib_a-signal.o)
 .debug_frame   0x00002bb4       0x44 c:/freescale/kds_3.0.0/toolchain/bin/../lib/gcc/arm-none-eabi/4.8.4/../../../../arm-none-eabi/lib/armv6-m\libg_s.a(lib_a-signalr.o)
 .debug_frame   0x00002bf8       0x90 c:/freescale/kds_3.0.0/toolchain/bin/../lib/gcc/arm-none-eabi/4.8.4/../../../../arm-none-eabi/lib/armv6-m\libg_s.a(lib_a-stdio.o)
 .debug_frame   0x00002c88       0x2c c:/freescale/kds_3.0.0/toolchain/bin/../lib/gcc/arm-none-eabi/4.8.4/../../../../arm-none-eabi/lib/armv6-m\libg_s.a(lib_a-writer.o)
 .debug_frame   0x00002cb4       0x2c c:/freescale/kds_3.0.0/toolchain/bin/../lib/gcc/arm-none-eabi/4.8.4/../../../../arm-none-eabi/lib/armv6-m\libg_s.a(lib_a-closer.o)
 .debug_frame   0x00002ce0       0x2c c:/freescale/kds_3.0.0/toolchain/bin/../lib/gcc/arm-none-eabi/4.8.4/../../../../arm-none-eabi/lib/armv6-m\libg_s.a(lib_a-fstatr.o)
 .debug_frame   0x00002d0c       0x2c c:/freescale/kds_3.0.0/toolchain/bin/../lib/gcc/arm-none-eabi/4.8.4/../../../../arm-none-eabi/lib/armv6-m\libg_s.a(lib_a-isattyr.o)
 .debug_frame   0x00002d38       0x2c c:/freescale/kds_3.0.0/toolchain/bin/../lib/gcc/arm-none-eabi/4.8.4/../../../../arm-none-eabi/lib/armv6-m\libg_s.a(lib_a-lseekr.o)
 .debug_frame   0x00002d64       0x2c c:/freescale/kds_3.0.0/toolchain/bin/../lib/gcc/arm-none-eabi/4.8.4/../../../../arm-none-eabi/lib/armv6-m\libg_s.a(lib_a-readr.o)
 .debug_frame   0x00002d90       0x20 c:/freescale/kds_3.0.0/toolchain/bin/../lib/gcc/arm-none-eabi/4.8.4/../../../../arm-none-eabi/lib/armv6-m\libnosys.a(close.o)
 .debug_frame   0x00002db0       0x20 c:/freescale/kds_3.0.0/toolchain/bin/../lib/gcc/arm-none-eabi/4.8.4/../../../../arm-none-eabi/lib/armv6-m\libnosys.a(fstat.o)
 .debug_frame   0x00002dd0       0x20 c:/freescale/kds_3.0.0/toolchain/bin/../lib/gcc/arm-none-eabi/4.8.4/../../../../arm-none-eabi/lib/armv6-m\libnosys.a(getpid.o)
 .debug_frame   0x00002df0       0x20 c:/freescale/kds_3.0.0/toolchain/bin/../lib/gcc/arm-none-eabi/4.8.4/../../../../arm-none-eabi/lib/armv6-m\libnosys.a(isatty.o)
 .debug_frame   0x00002e10       0x20 c:/freescale/kds_3.0.0/toolchain/bin/../lib/gcc/arm-none-eabi/4.8.4/../../../../arm-none-eabi/lib/armv6-m\libnosys.a(kill.o)
 .debug_frame   0x00002e30       0x20 c:/freescale/kds_3.0.0/toolchain/bin/../lib/gcc/arm-none-eabi/4.8.4/../../../../arm-none-eabi/lib/armv6-m\libnosys.a(lseek.o)
 .debug_frame   0x00002e50       0x20 c:/freescale/kds_3.0.0/toolchain/bin/../lib/gcc/arm-none-eabi/4.8.4/../../../../arm-none-eabi/lib/armv6-m\libnosys.a(_exit.o)

.stab           0x00000000       0x9c
 .stab          0x00000000       0x24 c:/freescale/kds_3.0.0/toolchain/bin/../lib/gcc/arm-none-eabi/4.8.4/../../../../arm-none-eabi/lib/armv6-m\libnosys.a(close.o)
 .stab          0x00000024       0x18 c:/freescale/kds_3.0.0/toolchain/bin/../lib/gcc/arm-none-eabi/4.8.4/../../../../arm-none-eabi/lib/armv6-m\libnosys.a(fstat.o)
                                 0x24 (size before relaxing)
 .stab          0x0000003c       0x18 c:/freescale/kds_3.0.0/toolchain/bin/../lib/gcc/arm-none-eabi/4.8.4/../../../../arm-none-eabi/lib/armv6-m\libnosys.a(getpid.o)
                                 0x24 (size before relaxing)
 .stab          0x00000054       0x18 c:/freescale/kds_3.0.0/toolchain/bin/../lib/gcc/arm-none-eabi/4.8.4/../../../../arm-none-eabi/lib/armv6-m\libnosys.a(isatty.o)
                                 0x24 (size before relaxing)
 .stab          0x0000006c       0x18 c:/freescale/kds_3.0.0/toolchain/bin/../lib/gcc/arm-none-eabi/4.8.4/../../../../arm-none-eabi/lib/armv6-m\libnosys.a(kill.o)
                                 0x24 (size before relaxing)
 .stab          0x00000084       0x18 c:/freescale/kds_3.0.0/toolchain/bin/../lib/gcc/arm-none-eabi/4.8.4/../../../../arm-none-eabi/lib/armv6-m\libnosys.a(lseek.o)
                                 0x24 (size before relaxing)

.stabstr        0x00000000      0x14f
 .stabstr       0x00000000      0x14f c:/freescale/kds_3.0.0/toolchain/bin/../lib/gcc/arm-none-eabi/4.8.4/../../../../arm-none-eabi/lib/armv6-m\libnosys.a(close.o)